Archive member included to satisfy reference by file (symbol)

/usr/lib/gcc/arm-none-eabi/10.2.0/../../../../arm-none-eabi/lib/thumb/v7-m/nofp/libg.a(lib_a-atexit.o)
                              /usr/lib/gcc/arm-none-eabi/10.2.0/../../../../arm-none-eabi/lib/thumb/v7-m/nofp/crt0.o (atexit)
/usr/lib/gcc/arm-none-eabi/10.2.0/../../../../arm-none-eabi/lib/thumb/v7-m/nofp/libg.a(lib_a-exit.o)
                              /usr/lib/gcc/arm-none-eabi/10.2.0/../../../../arm-none-eabi/lib/thumb/v7-m/nofp/crt0.o (exit)
/usr/lib/gcc/arm-none-eabi/10.2.0/../../../../arm-none-eabi/lib/thumb/v7-m/nofp/libg.a(lib_a-fini.o)
                              /usr/lib/gcc/arm-none-eabi/10.2.0/../../../../arm-none-eabi/lib/thumb/v7-m/nofp/crt0.o (__libc_fini_array)
/usr/lib/gcc/arm-none-eabi/10.2.0/../../../../arm-none-eabi/lib/thumb/v7-m/nofp/libg.a(lib_a-impure.o)
                              /usr/lib/gcc/arm-none-eabi/10.2.0/../../../../arm-none-eabi/lib/thumb/v7-m/nofp/libg.a(lib_a-exit.o) (_global_impure_ptr)
/usr/lib/gcc/arm-none-eabi/10.2.0/../../../../arm-none-eabi/lib/thumb/v7-m/nofp/libg.a(lib_a-init.o)
                              /usr/lib/gcc/arm-none-eabi/10.2.0/../../../../arm-none-eabi/lib/thumb/v7-m/nofp/crt0.o (__libc_init_array)
/usr/lib/gcc/arm-none-eabi/10.2.0/../../../../arm-none-eabi/lib/thumb/v7-m/nofp/libg.a(lib_a-memcpy.o)
                              CMakeFiles/FIRST_STM_LED.elf.dir/Middlewares/Third_Party/FreeRTOS/Source/CMSIS_RTOS_V2/cmsis_os2.c.obj (memcpy)
/usr/lib/gcc/arm-none-eabi/10.2.0/../../../../arm-none-eabi/lib/thumb/v7-m/nofp/libg.a(lib_a-memset.o)
                              /usr/lib/gcc/arm-none-eabi/10.2.0/../../../../arm-none-eabi/lib/thumb/v7-m/nofp/crt0.o (memset)
/usr/lib/gcc/arm-none-eabi/10.2.0/../../../../arm-none-eabi/lib/thumb/v7-m/nofp/libg.a(lib_a-__atexit.o)
                              /usr/lib/gcc/arm-none-eabi/10.2.0/../../../../arm-none-eabi/lib/thumb/v7-m/nofp/libg.a(lib_a-atexit.o) (__register_exitproc)
/usr/lib/gcc/arm-none-eabi/10.2.0/../../../../arm-none-eabi/lib/thumb/v7-m/nofp/libg.a(lib_a-__call_atexit.o)
                              /usr/lib/gcc/arm-none-eabi/10.2.0/../../../../arm-none-eabi/lib/thumb/v7-m/nofp/libg.a(lib_a-exit.o) (__call_exitprocs)
/usr/lib/gcc/arm-none-eabi/10.2.0/../../../../arm-none-eabi/lib/thumb/v7-m/nofp/libg.a(lib_a-lock.o)
                              /usr/lib/gcc/arm-none-eabi/10.2.0/../../../../arm-none-eabi/lib/thumb/v7-m/nofp/libg.a(lib_a-__atexit.o) (__retarget_lock_acquire_recursive)

Allocating common symbols
Common symbol       size              file

__lock___atexit_recursive_mutex
                    0x1               /usr/lib/gcc/arm-none-eabi/10.2.0/../../../../arm-none-eabi/lib/thumb/v7-m/nofp/libg.a(lib_a-lock.o)
__lock___arc4random_mutex
                    0x1               /usr/lib/gcc/arm-none-eabi/10.2.0/../../../../arm-none-eabi/lib/thumb/v7-m/nofp/libg.a(lib_a-lock.o)
__lock___env_recursive_mutex
                    0x1               /usr/lib/gcc/arm-none-eabi/10.2.0/../../../../arm-none-eabi/lib/thumb/v7-m/nofp/libg.a(lib_a-lock.o)
__lock___sinit_recursive_mutex
                    0x1               /usr/lib/gcc/arm-none-eabi/10.2.0/../../../../arm-none-eabi/lib/thumb/v7-m/nofp/libg.a(lib_a-lock.o)
__lock___malloc_recursive_mutex
                    0x1               /usr/lib/gcc/arm-none-eabi/10.2.0/../../../../arm-none-eabi/lib/thumb/v7-m/nofp/libg.a(lib_a-lock.o)
__lock___at_quick_exit_mutex
                    0x1               /usr/lib/gcc/arm-none-eabi/10.2.0/../../../../arm-none-eabi/lib/thumb/v7-m/nofp/libg.a(lib_a-lock.o)
__lock___dd_hash_mutex
                    0x1               /usr/lib/gcc/arm-none-eabi/10.2.0/../../../../arm-none-eabi/lib/thumb/v7-m/nofp/libg.a(lib_a-lock.o)
__lock___tz_mutex   0x1               /usr/lib/gcc/arm-none-eabi/10.2.0/../../../../arm-none-eabi/lib/thumb/v7-m/nofp/libg.a(lib_a-lock.o)
__lock___sfp_recursive_mutex
                    0x1               /usr/lib/gcc/arm-none-eabi/10.2.0/../../../../arm-none-eabi/lib/thumb/v7-m/nofp/libg.a(lib_a-lock.o)

Discarded input sections

 .text          0x0000000000000000        0x0 /usr/lib/gcc/arm-none-eabi/10.2.0/thumb/v7-m/nofp/crti.o
 .data          0x0000000000000000        0x0 /usr/lib/gcc/arm-none-eabi/10.2.0/thumb/v7-m/nofp/crti.o
 .bss           0x0000000000000000        0x0 /usr/lib/gcc/arm-none-eabi/10.2.0/thumb/v7-m/nofp/crti.o
 .text          0x0000000000000000        0x0 /usr/lib/gcc/arm-none-eabi/10.2.0/thumb/v7-m/nofp/crtbegin.o
 .data          0x0000000000000000        0x0 /usr/lib/gcc/arm-none-eabi/10.2.0/thumb/v7-m/nofp/crtbegin.o
 .bss           0x0000000000000000        0x0 /usr/lib/gcc/arm-none-eabi/10.2.0/thumb/v7-m/nofp/crtbegin.o
 .data.__dso_handle
                0x0000000000000000        0x4 /usr/lib/gcc/arm-none-eabi/10.2.0/thumb/v7-m/nofp/crtbegin.o
 .text          0x0000000000000000       0x70 /usr/lib/gcc/arm-none-eabi/10.2.0/../../../../arm-none-eabi/lib/thumb/v7-m/nofp/crt0.o
[...]
Memory Configuration

Name             Origin             Length             Attributes
RAM              0x0000000020000000 0x0000000000005000 xrw
FLASH            0x0000000008000000 0x0000000000010000 xr
*default*        0x0000000000000000 0xffffffffffffffff

Linker script and memory map

LOAD /usr/lib/gcc/arm-none-eabi/10.2.0/thumb/v7-m/nofp/crti.o
LOAD /usr/lib/gcc/arm-none-eabi/10.2.0/thumb/v7-m/nofp/crtbegin.o
LOAD /usr/lib/gcc/arm-none-eabi/10.2.0/../../../../arm-none-eabi/lib/thumb/v7-m/nofp/crt0.o
LOAD CMakeFiles/FIRST_STM_LED.elf.dir/Drivers/CMSIS/Device/ST/STM32F1xx/Source/Templates/gcc/startup_stm32f103xb.s.obj
LOAD CMakeFiles/FIRST_STM_LED.elf.dir/Src/freertos.c.obj
LOAD CMakeFiles/FIRST_STM_LED.elf.dir/Src/gpio.c.obj
LOAD CMakeFiles/FIRST_STM_LED.elf.dir/Src/main.c.obj
LOAD CMakeFiles/FIRST_STM_LED.elf.dir/Src/spi.c.obj
LOAD CMakeFiles/FIRST_STM_LED.elf.dir/Src/stm32f1xx_hal_msp.c.obj
LOAD CMakeFiles/FIRST_STM_LED.elf.dir/Src/stm32f1xx_hal_timebase_tim.c.obj
LOAD CMakeFiles/FIRST_STM_LED.elf.dir/Src/stm32f1xx_it.c.obj
LOAD CMakeFiles/FIRST_STM_LED.elf.dir/Src/system_stm32f1xx.c.obj
LOAD CMakeFiles/FIRST_STM_LED.elf.dir/Src/usart.c.obj
LOAD CMakeFiles/FIRST_STM_LED.elf.dir/Drivers/STM32F1xx_HAL_Driver/Src/stm32f1xx_hal.c.obj
LOAD CMakeFiles/FIRST_STM_LED.elf.dir/Drivers/STM32F1xx_HAL_Driver/Src/stm32f1xx_hal_adc.c.obj
LOAD CMakeFiles/FIRST_STM_LED.elf.dir/Drivers/STM32F1xx_HAL_Driver/Src/stm32f1xx_hal_adc_ex.c.obj
LOAD CMakeFiles/FIRST_STM_LED.elf.dir/Drivers/STM32F1xx_HAL_Driver/Src/stm32f1xx_hal_can.c.obj
LOAD CMakeFiles/FIRST_STM_LED.elf.dir/Drivers/STM32F1xx_HAL_Driver/Src/stm32f1xx_hal_cec.c.obj
LOAD CMakeFiles/FIRST_STM_LED.elf.dir/Drivers/STM32F1xx_HAL_Driver/Src/stm32f1xx_hal_cortex.c.obj
LOAD CMakeFiles/FIRST_STM_LED.elf.dir/Drivers/STM32F1xx_HAL_Driver/Src/stm32f1xx_hal_crc.c.obj
LOAD CMakeFiles/FIRST_STM_LED.elf.dir/Drivers/STM32F1xx_HAL_Driver/Src/stm32f1xx_hal_dac.c.obj
LOAD CMakeFiles/FIRST_STM_LED.elf.dir/Drivers/STM32F1xx_HAL_Driver/Src/stm32f1xx_hal_dac_ex.c.obj
LOAD CMakeFiles/FIRST_STM_LED.elf.dir/Drivers/STM32F1xx_HAL_Driver/Src/stm32f1xx_hal_dma.c.obj
LOAD CMakeFiles/FIRST_STM_LED.elf.dir/Drivers/STM32F1xx_HAL_Driver/Src/stm32f1xx_hal_eth.c.obj
LOAD CMakeFiles/FIRST_STM_LED.elf.dir/Drivers/STM32F1xx_HAL_Driver/Src/stm32f1xx_hal_exti.c.obj
LOAD CMakeFiles/FIRST_STM_LED.elf.dir/Drivers/STM32F1xx_HAL_Driver/Src/stm32f1xx_hal_flash.c.obj
LOAD CMakeFiles/FIRST_STM_LED.elf.dir/Drivers/STM32F1xx_HAL_Driver/Src/stm32f1xx_hal_flash_ex.c.obj
LOAD CMakeFiles/FIRST_STM_LED.elf.dir/Drivers/STM32F1xx_HAL_Driver/Src/stm32f1xx_hal_gpio.c.obj
LOAD CMakeFiles/FIRST_STM_LED.elf.dir/Drivers/STM32F1xx_HAL_Driver/Src/stm32f1xx_hal_gpio_ex.c.obj
LOAD CMakeFiles/FIRST_STM_LED.elf.dir/Drivers/STM32F1xx_HAL_Driver/Src/stm32f1xx_hal_hcd.c.obj
LOAD CMakeFiles/FIRST_STM_LED.elf.dir/Drivers/STM32F1xx_HAL_Driver/Src/stm32f1xx_hal_i2c.c.obj
LOAD CMakeFiles/FIRST_STM_LED.elf.dir/Drivers/STM32F1xx_HAL_Driver/Src/stm32f1xx_hal_i2s.c.obj
LOAD CMakeFiles/FIRST_STM_LED.elf.dir/Drivers/STM32F1xx_HAL_Driver/Src/stm32f1xx_hal_irda.c.obj
LOAD CMakeFiles/FIRST_STM_LED.elf.dir/Drivers/STM32F1xx_HAL_Driver/Src/stm32f1xx_hal_iwdg.c.obj
LOAD CMakeFiles/FIRST_STM_LED.elf.dir/Drivers/STM32F1xx_HAL_Driver/Src/stm32f1xx_hal_mmc.c.obj
LOAD CMakeFiles/FIRST_STM_LED.elf.dir/Drivers/STM32F1xx_HAL_Driver/Src/stm32f1xx_hal_nand.c.obj
LOAD CMakeFiles/FIRST_STM_LED.elf.dir/Drivers/STM32F1xx_HAL_Driver/Src/stm32f1xx_hal_nor.c.obj
LOAD CMakeFiles/FIRST_STM_LED.elf.dir/Drivers/STM32F1xx_HAL_Driver/Src/stm32f1xx_hal_pccard.c.obj
LOAD CMakeFiles/FIRST_STM_LED.elf.dir/Drivers/STM32F1xx_HAL_Driver/Src/stm32f1xx_hal_pcd.c.obj
LOAD CMakeFiles/FIRST_STM_LED.elf.dir/Drivers/STM32F1xx_HAL_Driver/Src/stm32f1xx_hal_pcd_ex.c.obj
LOAD CMakeFiles/FIRST_STM_LED.elf.dir/Drivers/STM32F1xx_HAL_Driver/Src/stm32f1xx_hal_pwr.c.obj
LOAD CMakeFiles/FIRST_STM_LED.elf.dir/Drivers/STM32F1xx_HAL_Driver/Src/stm32f1xx_hal_rcc.c.obj
LOAD CMakeFiles/FIRST_STM_LED.elf.dir/Drivers/STM32F1xx_HAL_Driver/Src/stm32f1xx_hal_rcc_ex.c.obj
LOAD CMakeFiles/FIRST_STM_LED.elf.dir/Drivers/STM32F1xx_HAL_Driver/Src/stm32f1xx_hal_rtc.c.obj
LOAD CMakeFiles/FIRST_STM_LED.elf.dir/Drivers/STM32F1xx_HAL_Driver/Src/stm32f1xx_hal_rtc_ex.c.obj
LOAD CMakeFiles/FIRST_STM_LED.elf.dir/Drivers/STM32F1xx_HAL_Driver/Src/stm32f1xx_hal_sd.c.obj
LOAD CMakeFiles/FIRST_STM_LED.elf.dir/Drivers/STM32F1xx_HAL_Driver/Src/stm32f1xx_hal_smartcard.c.obj
LOAD CMakeFiles/FIRST_STM_LED.elf.dir/Drivers/STM32F1xx_HAL_Driver/Src/stm32f1xx_hal_spi.c.obj
LOAD CMakeFiles/FIRST_STM_LED.elf.dir/Drivers/STM32F1xx_HAL_Driver/Src/stm32f1xx_hal_sram.c.obj
LOAD CMakeFiles/FIRST_STM_LED.elf.dir/Drivers/STM32F1xx_HAL_Driver/Src/stm32f1xx_hal_tim.c.obj
LOAD CMakeFiles/FIRST_STM_LED.elf.dir/Drivers/STM32F1xx_HAL_Driver/Src/stm32f1xx_hal_tim_ex.c.obj
LOAD CMakeFiles/FIRST_STM_LED.elf.dir/Drivers/STM32F1xx_HAL_Driver/Src/stm32f1xx_hal_uart.c.obj
LOAD CMakeFiles/FIRST_STM_LED.elf.dir/Drivers/STM32F1xx_HAL_Driver/Src/stm32f1xx_hal_usart.c.obj
LOAD CMakeFiles/FIRST_STM_LED.elf.dir/Drivers/STM32F1xx_HAL_Driver/Src/stm32f1xx_hal_wwdg.c.obj
LOAD CMakeFiles/FIRST_STM_LED.elf.dir/Drivers/STM32F1xx_HAL_Driver/Src/stm32f1xx_ll_adc.c.obj
LOAD CMakeFiles/FIRST_STM_LED.elf.dir/Drivers/STM32F1xx_HAL_Driver/Src/stm32f1xx_ll_crc.c.obj
LOAD CMakeFiles/FIRST_STM_LED.elf.dir/Drivers/STM32F1xx_HAL_Driver/Src/stm32f1xx_ll_dac.c.obj
LOAD CMakeFiles/FIRST_STM_LED.elf.dir/Drivers/STM32F1xx_HAL_Driver/Src/stm32f1xx_ll_dma.c.obj
LOAD CMakeFiles/FIRST_STM_LED.elf.dir/Drivers/STM32F1xx_HAL_Driver/Src/stm32f1xx_ll_exti.c.obj
LOAD CMakeFiles/FIRST_STM_LED.elf.dir/Drivers/STM32F1xx_HAL_Driver/Src/stm32f1xx_ll_fsmc.c.obj
LOAD CMakeFiles/FIRST_STM_LED.elf.dir/Drivers/STM32F1xx_HAL_Driver/Src/stm32f1xx_ll_gpio.c.obj
LOAD CMakeFiles/FIRST_STM_LED.elf.dir/Drivers/STM32F1xx_HAL_Driver/Src/stm32f1xx_ll_i2c.c.obj
LOAD CMakeFiles/FIRST_STM_LED.elf.dir/Drivers/STM32F1xx_HAL_Driver/Src/stm32f1xx_ll_pwr.c.obj
LOAD CMakeFiles/FIRST_STM_LED.elf.dir/Drivers/STM32F1xx_HAL_Driver/Src/stm32f1xx_ll_rcc.c.obj
LOAD CMakeFiles/FIRST_STM_LED.elf.dir/Drivers/STM32F1xx_HAL_Driver/Src/stm32f1xx_ll_rtc.c.obj
LOAD CMakeFiles/FIRST_STM_LED.elf.dir/Drivers/STM32F1xx_HAL_Driver/Src/stm32f1xx_ll_sdmmc.c.obj
LOAD CMakeFiles/FIRST_STM_LED.elf.dir/Drivers/STM32F1xx_HAL_Driver/Src/stm32f1xx_ll_spi.c.obj
LOAD CMakeFiles/FIRST_STM_LED.elf.dir/Drivers/STM32F1xx_HAL_Driver/Src/stm32f1xx_ll_tim.c.obj
LOAD CMakeFiles/FIRST_STM_LED.elf.dir/Drivers/STM32F1xx_HAL_Driver/Src/stm32f1xx_ll_usart.c.obj
LOAD CMakeFiles/FIRST_STM_LED.elf.dir/Drivers/STM32F1xx_HAL_Driver/Src/stm32f1xx_ll_usb.c.obj
LOAD CMakeFiles/FIRST_STM_LED.elf.dir/Drivers/STM32F1xx_HAL_Driver/Src/stm32f1xx_ll_utils.c.obj
LOAD CMakeFiles/FIRST_STM_LED.elf.dir/Middlewares/Third_Party/FreeRTOS/Source/CMSIS_RTOS_V2/cmsis_os1.c.obj
LOAD CMakeFiles/FIRST_STM_LED.elf.dir/Middlewares/Third_Party/FreeRTOS/Source/CMSIS_RTOS_V2/cmsis_os2.c.obj
LOAD CMakeFiles/FIRST_STM_LED.elf.dir/Middlewares/Third_Party/FreeRTOS/Source/croutine.c.obj
LOAD CMakeFiles/FIRST_STM_LED.elf.dir/Middlewares/Third_Party/FreeRTOS/Source/event_groups.c.obj
LOAD CMakeFiles/FIRST_STM_LED.elf.dir/Middlewares/Third_Party/FreeRTOS/Source/list.c.obj
LOAD CMakeFiles/FIRST_STM_LED.elf.dir/Middlewares/Third_Party/FreeRTOS/Source/portable/GCC/ARM_CM3/port.c.obj
LOAD CMakeFiles/FIRST_STM_LED.elf.dir/Middlewares/Third_Party/FreeRTOS/Source/portable/MemMang/heap_4.c.obj
LOAD CMakeFiles/FIRST_STM_LED.elf.dir/Middlewares/Third_Party/FreeRTOS/Source/queue.c.obj
LOAD CMakeFiles/FIRST_STM_LED.elf.dir/Middlewares/Third_Party/FreeRTOS/Source/stream_buffer.c.obj
LOAD CMakeFiles/FIRST_STM_LED.elf.dir/Middlewares/Third_Party/FreeRTOS/Source/tasks.c.obj
LOAD CMakeFiles/FIRST_STM_LED.elf.dir/Middlewares/Third_Party/FreeRTOS/Source/timers.c.obj
START GROUP
LOAD /usr/lib/gcc/arm-none-eabi/10.2.0/thumb/v7-m/nofp/libgcc.a
LOAD /usr/lib/gcc/arm-none-eabi/10.2.0/../../../../arm-none-eabi/lib/thumb/v7-m/nofp/libg.a
LOAD /usr/lib/gcc/arm-none-eabi/10.2.0/../../../../arm-none-eabi/lib/thumb/v7-m/nofp/libc.a
END GROUP
LOAD /usr/lib/gcc/arm-none-eabi/10.2.0/thumb/v7-m/nofp/crtend.o
LOAD /usr/lib/gcc/arm-none-eabi/10.2.0/thumb/v7-m/nofp/crtn.o
                0x0000000020005000                _estack = 0x20005000
                0x0000000000000200                _Min_Heap_Size = 0x200
                0x0000000000000400                _Min_Stack_Size = 0x400

.isr_vector     0x0000000008000000      0x10c
                0x0000000008000000                . = ALIGN (0x4)
 *(.isr_vector)
 .isr_vector    0x0000000008000000      0x10c CMakeFiles/FIRST_STM_LED.elf.dir/Drivers/CMSIS/Device/ST/STM32F1xx/Source/Templates/gcc/startup_stm32f103xb.s.obj
                0x0000000008000000                g_pfnVectors
                0x000000000800010c                . = ALIGN (0x4)

.text           0x0000000008000110     0x3460
                0x0000000008000110                . = ALIGN (0x4)
 *(.text)
 .text          0x0000000008000110       0xec /usr/lib/gcc/arm-none-eabi/10.2.0/../../../../arm-none-eabi/lib/thumb/v7-m/nofp/libg.a(lib_a-memcpy.o)
                0x0000000008000110                memcpy
 *(.text*)
 .text.__do_global_dtors_aux
                0x00000000080001fc       0x24 /usr/lib/gcc/arm-none-eabi/10.2.0/thumb/v7-m/nofp/crtbegin.o
 .text.frame_dummy
                0x0000000008000220       0x1c /usr/lib/gcc/arm-none-eabi/10.2.0/thumb/v7-m/nofp/crtbegin.o
 .text.Reset_Handler
                0x000000000800023c       0x48 CMakeFiles/FIRST_STM_LED.elf.dir/Drivers/CMSIS/Device/ST/STM32F1xx/Source/Templates/gcc/startup_stm32f103xb.s.obj
                0x000000000800023c                Reset_Handler
 .text.Default_Handler
                0x0000000008000284        0x2 CMakeFiles/FIRST_STM_LED.elf.dir/Drivers/CMSIS/Device/ST/STM32F1xx/Source/Templates/gcc/startup_stm32f103xb.s.obj
                0x0000000008000284                RTC_Alarm_IRQHandler
                0x0000000008000284                EXTI2_IRQHandler
                0x0000000008000284                TIM1_CC_IRQHandler
                0x0000000008000284                PVD_IRQHandler
                0x0000000008000284                EXTI3_IRQHandler
                0x0000000008000284                EXTI0_IRQHandler
                0x0000000008000284                I2C2_EV_IRQHandler
                0x0000000008000284                ADC1_2_IRQHandler
                0x0000000008000284                SPI1_IRQHandler
                0x0000000008000284                TAMPER_IRQHandler
                0x0000000008000284                DMA1_Channel4_IRQHandler
                0x0000000008000284                USART3_IRQHandler
                0x0000000008000284                RTC_IRQHandler
                0x0000000008000284                DMA1_Channel7_IRQHandler
                0x0000000008000284                CAN1_RX1_IRQHandler
                0x0000000008000284                TIM4_IRQHandler
                0x0000000008000284                I2C1_EV_IRQHandler
                0x0000000008000284                DMA1_Channel6_IRQHandler
                0x0000000008000284                TIM3_IRQHandler
                0x0000000008000284                RCC_IRQHandler
                0x0000000008000284                TIM1_TRG_COM_IRQHandler
                0x0000000008000284                DMA1_Channel1_IRQHandler
                0x0000000008000284                Default_Handler
                0x0000000008000284                EXTI15_10_IRQHandler
                0x0000000008000284                EXTI9_5_IRQHandler
                0x0000000008000284                SPI2_IRQHandler
                0x0000000008000284                DMA1_Channel5_IRQHandler
                0x0000000008000284                EXTI4_IRQHandler
                0x0000000008000284                USB_LP_CAN1_RX0_IRQHandler
                0x0000000008000284                USB_HP_CAN1_TX_IRQHandler
                0x0000000008000284                DMA1_Channel3_IRQHandler
                0x0000000008000284                TIM1_UP_IRQHandler
                0x0000000008000284                WWDG_IRQHandler
                0x0000000008000284                TIM1_BRK_IRQHandler
                0x0000000008000284                EXTI1_IRQHandler
                0x0000000008000284                USART2_IRQHandler
                0x0000000008000284                I2C2_ER_IRQHandler
                0x0000000008000284                DMA1_Channel2_IRQHandler
                0x0000000008000284                CAN1_SCE_IRQHandler
                0x0000000008000284                FLASH_IRQHandler
                0x0000000008000284                USART1_IRQHandler
                0x0000000008000284                I2C1_ER_IRQHandler
                0x0000000008000284                USBWakeUp_IRQHandler
 .text.StartDefaultTask
                0x0000000008000286        0xa CMakeFiles/FIRST_STM_LED.elf.dir/Src/freertos.c.obj
                0x0000000008000286                StartDefaultTask
 .text.StartTask02
                0x0000000008000290       0x3c CMakeFiles/FIRST_STM_LED.elf.dir/Src/freertos.c.obj
                0x0000000008000290                StartTask02
 .text.StartTask03
                0x00000000080002cc       0x4c CMakeFiles/FIRST_STM_LED.elf.dir/Src/freertos.c.obj
                0x00000000080002cc                StartTask03
 .text.MX_FREERTOS_Init
                0x0000000008000318       0x54 CMakeFiles/FIRST_STM_LED.elf.dir/Src/freertos.c.obj
                0x0000000008000318                MX_FREERTOS_Init
 .text.MX_GPIO_Init
                0x000000000800036c       0xb8 CMakeFiles/FIRST_STM_LED.elf.dir/Src/gpio.c.obj
                0x000000000800036c                MX_GPIO_Init
 .text.SystemClock_Config
                0x0000000008000424       0x54 CMakeFiles/FIRST_STM_LED.elf.dir/Src/main.c.obj
                0x0000000008000424                SystemClock_Config
 .text.main     0x0000000008000478       0x24 CMakeFiles/FIRST_STM_LED.elf.dir/Src/main.c.obj
                0x0000000008000478                main
 .text.HAL_TIM_PeriodElapsedCallback
                0x000000000800049c       0x12 CMakeFiles/FIRST_STM_LED.elf.dir/Src/main.c.obj
                0x000000000800049c                HAL_TIM_PeriodElapsedCallback
 .text.Error_Handler
                0x00000000080004ae        0x2 CMakeFiles/FIRST_STM_LED.elf.dir/Src/main.c.obj
                0x00000000080004ae                Error_Handler
 .text.MX_SPI2_Init
                0x00000000080004b0       0x44 CMakeFiles/FIRST_STM_LED.elf.dir/Src/spi.c.obj
                0x00000000080004b0                MX_SPI2_Init
 .text.HAL_SPI_MspInit
                0x00000000080004f4       0x78 CMakeFiles/FIRST_STM_LED.elf.dir/Src/spi.c.obj
                0x00000000080004f4                HAL_SPI_MspInit
 .text.HAL_MspInit
                0x000000000800056c       0x54 CMakeFiles/FIRST_STM_LED.elf.dir/Src/stm32f1xx_hal_msp.c.obj
                0x000000000800056c                HAL_MspInit
 .text.HAL_InitTick
                0x00000000080005c0       0x78 CMakeFiles/FIRST_STM_LED.elf.dir/Src/stm32f1xx_hal_timebase_tim.c.obj
                0x00000000080005c0                HAL_InitTick
 .text.NMI_Handler
                0x0000000008000638        0x2 CMakeFiles/FIRST_STM_LED.elf.dir/Src/stm32f1xx_it.c.obj
                0x0000000008000638                NMI_Handler
 .text.HardFault_Handler
                0x000000000800063a        0x2 CMakeFiles/FIRST_STM_LED.elf.dir/Src/stm32f1xx_it.c.obj
                0x000000000800063a                HardFault_Handler
 .text.MemManage_Handler
                0x000000000800063c        0x2 CMakeFiles/FIRST_STM_LED.elf.dir/Src/stm32f1xx_it.c.obj
                0x000000000800063c                MemManage_Handler
 .text.BusFault_Handler
                0x000000000800063e        0x2 CMakeFiles/FIRST_STM_LED.elf.dir/Src/stm32f1xx_it.c.obj
                0x000000000800063e                BusFault_Handler
 .text.UsageFault_Handler
                0x0000000008000640        0x2 CMakeFiles/FIRST_STM_LED.elf.dir/Src/stm32f1xx_it.c.obj
                0x0000000008000640                UsageFault_Handler
 .text.DebugMon_Handler
                0x0000000008000642        0x2 CMakeFiles/FIRST_STM_LED.elf.dir/Src/stm32f1xx_it.c.obj
                0x0000000008000642                DebugMon_Handler
 .text.TIM2_IRQHandler
                0x0000000008000644       0x10 CMakeFiles/FIRST_STM_LED.elf.dir/Src/stm32f1xx_it.c.obj
                0x0000000008000644                TIM2_IRQHandler
 .text.SystemInit
                0x0000000008000654        0x2 CMakeFiles/FIRST_STM_LED.elf.dir/Src/system_stm32f1xx.c.obj
                0x0000000008000654                SystemInit
 *fill*         0x0000000008000656        0x2 
 .text.MX_USART1_UART_Init
                0x0000000008000658       0x34 CMakeFiles/FIRST_STM_LED.elf.dir/Src/usart.c.obj
                0x0000000008000658                MX_USART1_UART_Init
 .text.HAL_UART_MspInit
                0x000000000800068c       0x78 CMakeFiles/FIRST_STM_LED.elf.dir/Src/usart.c.obj
                0x000000000800068c                HAL_UART_MspInit
 .text.HAL_Init
                0x0000000008000704       0x24 CMakeFiles/FIRST_STM_LED.elf.dir/Drivers/STM32F1xx_HAL_Driver/Src/stm32f1xx_hal.c.obj
                0x0000000008000704                HAL_Init
 .text.HAL_IncTick
                0x0000000008000728       0x18 CMakeFiles/FIRST_STM_LED.elf.dir/Drivers/STM32F1xx_HAL_Driver/Src/stm32f1xx_hal.c.obj
                0x0000000008000728                HAL_IncTick
 .text.HAL_GetTick
                0x0000000008000740        0xc CMakeFiles/FIRST_STM_LED.elf.dir/Drivers/STM32F1xx_HAL_Driver/Src/stm32f1xx_hal.c.obj
                0x0000000008000740                HAL_GetTick
 .text.HAL_NVIC_SetPriorityGrouping
                0x000000000800074c       0x24 CMakeFiles/FIRST_STM_LED.elf.dir/Drivers/STM32F1xx_HAL_Driver/Src/stm32f1xx_hal_cortex.c.obj
                0x000000000800074c                HAL_NVIC_SetPriorityGrouping
 .text.HAL_NVIC_SetPriority
                0x0000000008000770       0x70 CMakeFiles/FIRST_STM_LED.elf.dir/Drivers/STM32F1xx_HAL_Driver/Src/stm32f1xx_hal_cortex.c.obj
                0x0000000008000770                HAL_NVIC_SetPriority
 .text.HAL_NVIC_EnableIRQ
                0x00000000080007e0       0x1c CMakeFiles/FIRST_STM_LED.elf.dir/Drivers/STM32F1xx_HAL_Driver/Src/stm32f1xx_hal_cortex.c.obj
                0x00000000080007e0                HAL_NVIC_EnableIRQ
 .text.HAL_GPIO_Init
                0x00000000080007fc      0x224 CMakeFiles/FIRST_STM_LED.elf.dir/Drivers/STM32F1xx_HAL_Driver/Src/stm32f1xx_hal_gpio.c.obj
                0x00000000080007fc                HAL_GPIO_Init
 .text.HAL_GPIO_WritePin
                0x0000000008000a20        0xc CMakeFiles/FIRST_STM_LED.elf.dir/Drivers/STM32F1xx_HAL_Driver/Src/stm32f1xx_hal_gpio.c.obj
                0x0000000008000a20                HAL_GPIO_WritePin
 .text.HAL_GPIO_TogglePin
                0x0000000008000a2c       0x12 CMakeFiles/FIRST_STM_LED.elf.dir/Drivers/STM32F1xx_HAL_Driver/Src/stm32f1xx_hal_gpio.c.obj
                0x0000000008000a2c                HAL_GPIO_TogglePin
 *fill*         0x0000000008000a3e        0x2 
 .text.RCC_Delay
                0x0000000008000a40       0x2c CMakeFiles/FIRST_STM_LED.elf.dir/Drivers/STM32F1xx_HAL_Driver/Src/stm32f1xx_hal_rcc.c.obj
 .text.HAL_RCC_OscConfig
                0x0000000008000a6c      0x410 CMakeFiles/FIRST_STM_LED.elf.dir/Drivers/STM32F1xx_HAL_Driver/Src/stm32f1xx_hal_rcc.c.obj
                0x0000000008000a6c                HAL_RCC_OscConfig
 .text.HAL_RCC_GetSysClockFreq
                0x0000000008000e7c       0x6c CMakeFiles/FIRST_STM_LED.elf.dir/Drivers/STM32F1xx_HAL_Driver/Src/stm32f1xx_hal_rcc.c.obj
                0x0000000008000e7c                HAL_RCC_GetSysClockFreq
 .text.HAL_RCC_ClockConfig
                0x0000000008000ee8      0x16c CMakeFiles/FIRST_STM_LED.elf.dir/Drivers/STM32F1xx_HAL_Driver/Src/stm32f1xx_hal_rcc.c.obj
                0x0000000008000ee8                HAL_RCC_ClockConfig
 .text.HAL_RCC_GetHCLKFreq
                0x0000000008001054        0xc CMakeFiles/FIRST_STM_LED.elf.dir/Drivers/STM32F1xx_HAL_Driver/Src/stm32f1xx_hal_rcc.c.obj
                0x0000000008001054                HAL_RCC_GetHCLKFreq
 .text.HAL_RCC_GetPCLK1Freq
                0x0000000008001060       0x20 CMakeFiles/FIRST_STM_LED.elf.dir/Drivers/STM32F1xx_HAL_Driver/Src/stm32f1xx_hal_rcc.c.obj
                0x0000000008001060                HAL_RCC_GetPCLK1Freq
 .text.HAL_RCC_GetPCLK2Freq
                0x0000000008001080       0x20 CMakeFiles/FIRST_STM_LED.elf.dir/Drivers/STM32F1xx_HAL_Driver/Src/stm32f1xx_hal_rcc.c.obj
                0x0000000008001080                HAL_RCC_GetPCLK2Freq
 .text.HAL_RCC_GetClockConfig
                0x00000000080010a0       0x3c CMakeFiles/FIRST_STM_LED.elf.dir/Drivers/STM32F1xx_HAL_Driver/Src/stm32f1xx_hal_rcc.c.obj
                0x00000000080010a0                HAL_RCC_GetClockConfig
 .text.HAL_SPI_Init
                0x00000000080010dc       0xb6 CMakeFiles/FIRST_STM_LED.elf.dir/Drivers/STM32F1xx_HAL_Driver/Src/stm32f1xx_hal_spi.c.obj
                0x00000000080010dc                HAL_SPI_Init
 .text.HAL_TIM_Base_MspInit
                0x0000000008001192        0x2 CMakeFiles/FIRST_STM_LED.elf.dir/Drivers/STM32F1xx_HAL_Driver/Src/stm32f1xx_hal_tim.c.obj
                0x0000000008001192                HAL_TIM_Base_MspInit
 .text.HAL_TIM_Base_Start_IT
                0x0000000008001194       0x68 CMakeFiles/FIRST_STM_LED.elf.dir/Drivers/STM32F1xx_HAL_Driver/Src/stm32f1xx_hal_tim.c.obj
                0x0000000008001194                HAL_TIM_Base_Start_IT
 .text.HAL_TIM_OC_DelayElapsedCallback
                0x00000000080011fc        0x2 CMakeFiles/FIRST_STM_LED.elf.dir/Drivers/STM32F1xx_HAL_Driver/Src/stm32f1xx_hal_tim.c.obj
                0x00000000080011fc                HAL_TIM_OC_DelayElapsedCallback
 .text.HAL_TIM_IC_CaptureCallback
                0x00000000080011fe        0x2 CMakeFiles/FIRST_STM_LED.elf.dir/Drivers/STM32F1xx_HAL_Driver/Src/stm32f1xx_hal_tim.c.obj
                0x00000000080011fe                HAL_TIM_IC_CaptureCallback
 .text.HAL_TIM_PWM_PulseFinishedCallback
                0x0000000008001200        0x2 CMakeFiles/FIRST_STM_LED.elf.dir/Drivers/STM32F1xx_HAL_Driver/Src/stm32f1xx_hal_tim.c.obj
                0x0000000008001200                HAL_TIM_PWM_PulseFinishedCallback
 .text.HAL_TIM_TriggerCallback
                0x0000000008001202        0x2 CMakeFiles/FIRST_STM_LED.elf.dir/Drivers/STM32F1xx_HAL_Driver/Src/stm32f1xx_hal_tim.c.obj
                0x0000000008001202                HAL_TIM_TriggerCallback
 .text.HAL_TIM_IRQHandler
                0x0000000008001204      0x17a CMakeFiles/FIRST_STM_LED.elf.dir/Drivers/STM32F1xx_HAL_Driver/Src/stm32f1xx_hal_tim.c.obj
                0x0000000008001204                HAL_TIM_IRQHandler
 *fill*         0x000000000800137e        0x2 
 .text.TIM_Base_SetConfig
                0x0000000008001380       0x74 CMakeFiles/FIRST_STM_LED.elf.dir/Drivers/STM32F1xx_HAL_Driver/Src/stm32f1xx_hal_tim.c.obj
                0x0000000008001380                TIM_Base_SetConfig
 .text.HAL_TIM_Base_Init
                0x00000000080013f4       0x58 CMakeFiles/FIRST_STM_LED.elf.dir/Drivers/STM32F1xx_HAL_Driver/Src/stm32f1xx_hal_tim.c.obj
                0x00000000080013f4                HAL_TIM_Base_Init
 .text.HAL_TIMEx_CommutCallback
                0x000000000800144c        0x2 CMakeFiles/FIRST_STM_LED.elf.dir/Drivers/STM32F1xx_HAL_Driver/Src/stm32f1xx_hal_tim_ex.c.obj
                0x000000000800144c                HAL_TIMEx_CommutCallback
 .text.HAL_TIMEx_BreakCallback
                0x000000000800144e        0x2 CMakeFiles/FIRST_STM_LED.elf.dir/Drivers/STM32F1xx_HAL_Driver/Src/stm32f1xx_hal_tim_ex.c.obj
                0x000000000800144e                HAL_TIMEx_BreakCallback
 .text.UART_SetConfig
                0x0000000008001450       0x94 CMakeFiles/FIRST_STM_LED.elf.dir/Drivers/STM32F1xx_HAL_Driver/Src/stm32f1xx_hal_uart.c.obj
 .text.UART_WaitOnFlagUntilTimeout
                0x00000000080014e4       0x6c CMakeFiles/FIRST_STM_LED.elf.dir/Drivers/STM32F1xx_HAL_Driver/Src/stm32f1xx_hal_uart.c.obj
 .text.HAL_UART_Init
                0x0000000008001550       0x5e CMakeFiles/FIRST_STM_LED.elf.dir/Drivers/STM32F1xx_HAL_Driver/Src/stm32f1xx_hal_uart.c.obj
                0x0000000008001550                HAL_UART_Init
 .text.HAL_UART_Transmit
                0x00000000080015ae       0xd8 CMakeFiles/FIRST_STM_LED.elf.dir/Drivers/STM32F1xx_HAL_Driver/Src/stm32f1xx_hal_uart.c.obj
                0x00000000080015ae                HAL_UART_Transmit
 .text.HAL_UART_Receive
                0x0000000008001686       0xe2 CMakeFiles/FIRST_STM_LED.elf.dir/Drivers/STM32F1xx_HAL_Driver/Src/stm32f1xx_hal_uart.c.obj
                0x0000000008001686                HAL_UART_Receive
 .text.osKernelInitialize
                0x0000000008001768       0x44 CMakeFiles/FIRST_STM_LED.elf.dir/Middlewares/Third_Party/FreeRTOS/Source/CMSIS_RTOS_V2/cmsis_os2.c.obj
                0x0000000008001768                osKernelInitialize
 .text.osKernelStart
                0x00000000080017ac       0x4c CMakeFiles/FIRST_STM_LED.elf.dir/Middlewares/Third_Party/FreeRTOS/Source/CMSIS_RTOS_V2/cmsis_os2.c.obj
                0x00000000080017ac                osKernelStart
 .text.osThreadNew
                0x00000000080017f8       0xec CMakeFiles/FIRST_STM_LED.elf.dir/Middlewares/Third_Party/FreeRTOS/Source/CMSIS_RTOS_V2/cmsis_os2.c.obj
                0x00000000080017f8                osThreadNew
 .text.osDelay  0x00000000080018e4       0x44 CMakeFiles/FIRST_STM_LED.elf.dir/Middlewares/Third_Party/FreeRTOS/Source/CMSIS_RTOS_V2/cmsis_os2.c.obj
                0x00000000080018e4                osDelay
 .text.vApplicationGetIdleTaskMemory
                0x0000000008001928       0x18 CMakeFiles/FIRST_STM_LED.elf.dir/Middlewares/Third_Party/FreeRTOS/Source/CMSIS_RTOS_V2/cmsis_os2.c.obj
                0x0000000008001928                vApplicationGetIdleTaskMemory
 .text.vApplicationGetTimerTaskMemory
                0x0000000008001940       0x18 CMakeFiles/FIRST_STM_LED.elf.dir/Middlewares/Third_Party/FreeRTOS/Source/CMSIS_RTOS_V2/cmsis_os2.c.obj
                0x0000000008001940                vApplicationGetTimerTaskMemory
 .text.vListInitialise
                0x0000000008001958       0x16 CMakeFiles/FIRST_STM_LED.elf.dir/Middlewares/Third_Party/FreeRTOS/Source/list.c.obj
                0x0000000008001958                vListInitialise
 .text.vListInitialiseItem
                0x000000000800196e        0x6 CMakeFiles/FIRST_STM_LED.elf.dir/Middlewares/Third_Party/FreeRTOS/Source/list.c.obj
                0x000000000800196e                vListInitialiseItem
 .text.vListInsertEnd
                0x0000000008001974       0x16 CMakeFiles/FIRST_STM_LED.elf.dir/Middlewares/Third_Party/FreeRTOS/Source/list.c.obj
                0x0000000008001974                vListInsertEnd
 .text.vListInsert
                0x000000000800198a       0x32 CMakeFiles/FIRST_STM_LED.elf.dir/Middlewares/Third_Party/FreeRTOS/Source/list.c.obj
                0x000000000800198a                vListInsert
 .text.uxListRemove
                0x00000000080019bc       0x26 CMakeFiles/FIRST_STM_LED.elf.dir/Middlewares/Third_Party/FreeRTOS/Source/list.c.obj
                0x00000000080019bc                uxListRemove
 *fill*         0x00000000080019e2        0x2 
 .text.prvTaskExitError
                0x00000000080019e4       0x40 CMakeFiles/FIRST_STM_LED.elf.dir/Middlewares/Third_Party/FreeRTOS/Source/portable/GCC/ARM_CM3/port.c.obj
 .text.prvPortStartFirstTask
                0x0000000008001a24       0x20 CMakeFiles/FIRST_STM_LED.elf.dir/Middlewares/Third_Party/FreeRTOS/Source/portable/GCC/ARM_CM3/port.c.obj
 .text.pxPortInitialiseStack
                0x0000000008001a44       0x24 CMakeFiles/FIRST_STM_LED.elf.dir/Middlewares/Third_Party/FreeRTOS/Source/portable/GCC/ARM_CM3/port.c.obj
                0x0000000008001a44                pxPortInitialiseStack
 *fill*         0x0000000008001a68        0x8 
 .text.SVC_Handler
                0x0000000008001a70       0x24 CMakeFiles/FIRST_STM_LED.elf.dir/Middlewares/Third_Party/FreeRTOS/Source/portable/GCC/ARM_CM3/port.c.obj
                0x0000000008001a70                SVC_Handler
 .text.vPortEnterCritical
                0x0000000008001a94       0x44 CMakeFiles/FIRST_STM_LED.elf.dir/Middlewares/Third_Party/FreeRTOS/Source/portable/GCC/ARM_CM3/port.c.obj
                0x0000000008001a94                vPortEnterCritical
 .text.vPortExitCritical
                0x0000000008001ad8       0x2c CMakeFiles/FIRST_STM_LED.elf.dir/Middlewares/Third_Party/FreeRTOS/Source/portable/GCC/ARM_CM3/port.c.obj
                0x0000000008001ad8                vPortExitCritical
 *fill*         0x0000000008001b04        0xc 
 .text.PendSV_Handler
                0x0000000008001b10       0x44 CMakeFiles/FIRST_STM_LED.elf.dir/Middlewares/Third_Party/FreeRTOS/Source/portable/GCC/ARM_CM3/port.c.obj
                0x0000000008001b10                PendSV_Handler
 .text.SysTick_Handler
                0x0000000008001b54       0x2c CMakeFiles/FIRST_STM_LED.elf.dir/Middlewares/Third_Party/FreeRTOS/Source/portable/GCC/ARM_CM3/port.c.obj
                0x0000000008001b54                SysTick_Handler
 .text.vPortSetupTimerInterrupt
                0x0000000008001b80       0x28 CMakeFiles/FIRST_STM_LED.elf.dir/Middlewares/Third_Party/FreeRTOS/Source/portable/GCC/ARM_CM3/port.c.obj
                0x0000000008001b80                vPortSetupTimerInterrupt
 .text.xPortStartScheduler
                0x0000000008001ba8       0xc0 CMakeFiles/FIRST_STM_LED.elf.dir/Middlewares/Third_Party/FreeRTOS/Source/portable/GCC/ARM_CM3/port.c.obj
                0x0000000008001ba8                xPortStartScheduler
 .text.vPortValidateInterruptPriority
                0x0000000008001c68       0x5c CMakeFiles/FIRST_STM_LED.elf.dir/Middlewares/Third_Party/FreeRTOS/Source/portable/GCC/ARM_CM3/port.c.obj
                0x0000000008001c68                vPortValidateInterruptPriority
 .text.prvHeapInit
                0x0000000008001cc4       0x64 CMakeFiles/FIRST_STM_LED.elf.dir/Middlewares/Third_Party/FreeRTOS/Source/portable/MemMang/heap_4.c.obj
 .text.prvInsertBlockIntoFreeList
                0x0000000008001d28       0x60 CMakeFiles/FIRST_STM_LED.elf.dir/Middlewares/Third_Party/FreeRTOS/Source/portable/MemMang/heap_4.c.obj
 .text.pvPortMalloc
                0x0000000008001d88       0xf0 CMakeFiles/FIRST_STM_LED.elf.dir/Middlewares/Third_Party/FreeRTOS/Source/portable/MemMang/heap_4.c.obj
                0x0000000008001d88                pvPortMalloc
 .text.vPortFree
                0x0000000008001e78       0x70 CMakeFiles/FIRST_STM_LED.elf.dir/Middlewares/Third_Party/FreeRTOS/Source/portable/MemMang/heap_4.c.obj
                0x0000000008001e78                vPortFree
 .text.prvIsQueueFull
                0x0000000008001ee8       0x1e CMakeFiles/FIRST_STM_LED.elf.dir/Middlewares/Third_Party/FreeRTOS/Source/queue.c.obj
 .text.prvIsQueueEmpty
                0x0000000008001f06       0x1a CMakeFiles/FIRST_STM_LED.elf.dir/Middlewares/Third_Party/FreeRTOS/Source/queue.c.obj
 .text.prvCopyDataToQueue
                0x0000000008001f20       0x76 CMakeFiles/FIRST_STM_LED.elf.dir/Middlewares/Third_Party/FreeRTOS/Source/queue.c.obj
 .text.prvCopyDataFromQueue
                0x0000000008001f96       0x24 CMakeFiles/FIRST_STM_LED.elf.dir/Middlewares/Third_Party/FreeRTOS/Source/queue.c.obj
 .text.prvUnlockQueue
                0x0000000008001fba       0x6e CMakeFiles/FIRST_STM_LED.elf.dir/Middlewares/Third_Party/FreeRTOS/Source/queue.c.obj
 .text.xQueueGenericReset
                0x0000000008002028       0x84 CMakeFiles/FIRST_STM_LED.elf.dir/Middlewares/Third_Party/FreeRTOS/Source/queue.c.obj
                0x0000000008002028                xQueueGenericReset
 .text.prvInitialiseNewQueue
                0x00000000080020ac       0x22 CMakeFiles/FIRST_STM_LED.elf.dir/Middlewares/Third_Party/FreeRTOS/Source/queue.c.obj
 .text.xQueueGenericCreateStatic
                0x00000000080020ce       0x92 CMakeFiles/FIRST_STM_LED.elf.dir/Middlewares/Third_Party/FreeRTOS/Source/queue.c.obj
                0x00000000080020ce                xQueueGenericCreateStatic
 .text.xQueueGenericSend
                0x0000000008002160      0x188 CMakeFiles/FIRST_STM_LED.elf.dir/Middlewares/Third_Party/FreeRTOS/Source/queue.c.obj
                0x0000000008002160                xQueueGenericSend
 .text.xQueueGenericSendFromISR
                0x00000000080022e8       0xcc CMakeFiles/FIRST_STM_LED.elf.dir/Middlewares/Third_Party/FreeRTOS/Source/queue.c.obj
                0x00000000080022e8                xQueueGenericSendFromISR
 .text.xQueueReceive
                0x00000000080023b4      0x15e CMakeFiles/FIRST_STM_LED.elf.dir/Middlewares/Third_Party/FreeRTOS/Source/queue.c.obj
                0x00000000080023b4                xQueueReceive
 *fill*         0x0000000008002512        0x2 
 .text.vQueueAddToRegistry
                0x0000000008002514       0x28 CMakeFiles/FIRST_STM_LED.elf.dir/Middlewares/Third_Party/FreeRTOS/Source/queue.c.obj
                0x0000000008002514                vQueueAddToRegistry
 .text.vQueueWaitForMessageRestricted
                0x000000000800253c       0x52 CMakeFiles/FIRST_STM_LED.elf.dir/Middlewares/Third_Party/FreeRTOS/Source/queue.c.obj
                0x000000000800253c                vQueueWaitForMessageRestricted
 *fill*         0x000000000800258e        0x2 
 .text.prvResetNextTaskUnblockTime
                0x0000000008002590       0x2c CMakeFiles/FIRST_STM_LED.elf.dir/Middlewares/Third_Party/FreeRTOS/Source/tasks.c.obj
 .text.prvInitialiseNewTask
                0x00000000080025bc       0x9c CMakeFiles/FIRST_STM_LED.elf.dir/Middlewares/Third_Party/FreeRTOS/Source/tasks.c.obj
 .text.prvInitialiseTaskLists
                0x0000000008002658       0x68 CMakeFiles/FIRST_STM_LED.elf.dir/Middlewares/Third_Party/FreeRTOS/Source/tasks.c.obj
 .text.prvAddNewTaskToReadyList
                0x00000000080026c0       0xac CMakeFiles/FIRST_STM_LED.elf.dir/Middlewares/Third_Party/FreeRTOS/Source/tasks.c.obj
 .text.prvDeleteTCB
                0x000000000800276c       0x38 CMakeFiles/FIRST_STM_LED.elf.dir/Middlewares/Third_Party/FreeRTOS/Source/tasks.c.obj
 .text.prvCheckTasksWaitingTermination
                0x00000000080027a4       0x4c CMakeFiles/FIRST_STM_LED.elf.dir/Middlewares/Third_Party/FreeRTOS/Source/tasks.c.obj
 .text.prvIdleTask
                0x00000000080027f0       0x28 CMakeFiles/FIRST_STM_LED.elf.dir/Middlewares/Third_Party/FreeRTOS/Source/tasks.c.obj
 .text.prvAddCurrentTaskToDelayedList
                0x0000000008002818       0x7c CMakeFiles/FIRST_STM_LED.elf.dir/Middlewares/Third_Party/FreeRTOS/Source/tasks.c.obj
 .text.xTaskCreateStatic
                0x0000000008002894       0x74 CMakeFiles/FIRST_STM_LED.elf.dir/Middlewares/Third_Party/FreeRTOS/Source/tasks.c.obj
                0x0000000008002894                xTaskCreateStatic
 .text.xTaskCreate
                0x0000000008002908       0x68 CMakeFiles/FIRST_STM_LED.elf.dir/Middlewares/Third_Party/FreeRTOS/Source/tasks.c.obj
                0x0000000008002908                xTaskCreate
 .text.vTaskStartScheduler
                0x0000000008002970       0x9c CMakeFiles/FIRST_STM_LED.elf.dir/Middlewares/Third_Party/FreeRTOS/Source/tasks.c.obj
                0x0000000008002970                vTaskStartScheduler
 .text.vTaskSuspendAll
                0x0000000008002a0c       0x10 CMakeFiles/FIRST_STM_LED.elf.dir/Middlewares/Third_Party/FreeRTOS/Source/tasks.c.obj
                0x0000000008002a0c                vTaskSuspendAll
 .text.xTaskGetTickCount
                0x0000000008002a1c        0xc CMakeFiles/FIRST_STM_LED.elf.dir/Middlewares/Third_Party/FreeRTOS/Source/tasks.c.obj
                0x0000000008002a1c                xTaskGetTickCount
 .text.xTaskIncrementTick
                0x0000000008002a28      0x118 CMakeFiles/FIRST_STM_LED.elf.dir/Middlewares/Third_Party/FreeRTOS/Source/tasks.c.obj
                0x0000000008002a28                xTaskIncrementTick
 .text.xTaskResumeAll
                0x0000000008002b40       0xf8 CMakeFiles/FIRST_STM_LED.elf.dir/Middlewares/Third_Party/FreeRTOS/Source/tasks.c.obj
                0x0000000008002b40                xTaskResumeAll
 .text.vTaskDelay
                0x0000000008002c38       0x4c CMakeFiles/FIRST_STM_LED.elf.dir/Middlewares/Third_Party/FreeRTOS/Source/tasks.c.obj
                0x0000000008002c38                vTaskDelay
 .text.vTaskSwitchContext
                0x0000000008002c84       0x94 CMakeFiles/FIRST_STM_LED.elf.dir/Middlewares/Third_Party/FreeRTOS/Source/tasks.c.obj
                0x0000000008002c84                vTaskSwitchContext
 .text.vTaskPlaceOnEventList
                0x0000000008002d18       0x30 CMakeFiles/FIRST_STM_LED.elf.dir/Middlewares/Third_Party/FreeRTOS/Source/tasks.c.obj
                0x0000000008002d18                vTaskPlaceOnEventList
 .text.vTaskPlaceOnEventListRestricted
                0x0000000008002d48       0x38 CMakeFiles/FIRST_STM_LED.elf.dir/Middlewares/Third_Party/FreeRTOS/Source/tasks.c.obj
                0x0000000008002d48                vTaskPlaceOnEventListRestricted
 .text.xTaskRemoveFromEventList
                0x0000000008002d80       0x8c CMakeFiles/FIRST_STM_LED.elf.dir/Middlewares/Third_Party/FreeRTOS/Source/tasks.c.obj
                0x0000000008002d80                xTaskRemoveFromEventList
 .text.vTaskInternalSetTimeOutState
                0x0000000008002e0c       0x18 CMakeFiles/FIRST_STM_LED.elf.dir/Middlewares/Third_Party/FreeRTOS/Source/tasks.c.obj
                0x0000000008002e0c                vTaskInternalSetTimeOutState
 .text.xTaskCheckForTimeOut
                0x0000000008002e24       0x84 CMakeFiles/FIRST_STM_LED.elf.dir/Middlewares/Third_Party/FreeRTOS/Source/tasks.c.obj
                0x0000000008002e24                xTaskCheckForTimeOut
 .text.vTaskMissedYield
                0x0000000008002ea8        0xc CMakeFiles/FIRST_STM_LED.elf.dir/Middlewares/Third_Party/FreeRTOS/Source/tasks.c.obj
                0x0000000008002ea8                vTaskMissedYield
 .text.xTaskGetSchedulerState
                0x0000000008002eb4       0x20 CMakeFiles/FIRST_STM_LED.elf.dir/Middlewares/Third_Party/FreeRTOS/Source/tasks.c.obj
                0x0000000008002eb4                xTaskGetSchedulerState
 .text.xTaskPriorityDisinherit
                0x0000000008002ed4       0x90 CMakeFiles/FIRST_STM_LED.elf.dir/Middlewares/Third_Party/FreeRTOS/Source/tasks.c.obj
                0x0000000008002ed4                xTaskPriorityDisinherit
 .text.prvGetNextExpireTime
                0x0000000008002f64       0x20 CMakeFiles/FIRST_STM_LED.elf.dir/Middlewares/Third_Party/FreeRTOS/Source/timers.c.obj
 .text.prvInsertTimerInActiveList
                0x0000000008002f84       0x48 CMakeFiles/FIRST_STM_LED.elf.dir/Middlewares/Third_Party/FreeRTOS/Source/timers.c.obj
 .text.prvCheckForValidListAndQueue
                0x0000000008002fcc       0x70 CMakeFiles/FIRST_STM_LED.elf.dir/Middlewares/Third_Party/FreeRTOS/Source/timers.c.obj
 .text.xTimerCreateTimerTask
                0x000000000800303c       0x64 CMakeFiles/FIRST_STM_LED.elf.dir/Middlewares/Third_Party/FreeRTOS/Source/timers.c.obj
                0x000000000800303c                xTimerCreateTimerTask
 .text.xTimerGenericCommand
                0x00000000080030a0       0x6c CMakeFiles/FIRST_STM_LED.elf.dir/Middlewares/Third_Party/FreeRTOS/Source/timers.c.obj
                0x00000000080030a0                xTimerGenericCommand
 .text.prvSwitchTimerLists
                0x000000000800310c       0x78 CMakeFiles/FIRST_STM_LED.elf.dir/Middlewares/Third_Party/FreeRTOS/Source/timers.c.obj
 .text.prvSampleTimeNow
                0x0000000008003184       0x2c CMakeFiles/FIRST_STM_LED.elf.dir/Middlewares/Third_Party/FreeRTOS/Source/timers.c.obj
 .text.prvProcessExpiredTimer
                0x00000000080031b0       0x60 CMakeFiles/FIRST_STM_LED.elf.dir/Middlewares/Third_Party/FreeRTOS/Source/timers.c.obj
 .text.prvProcessTimerOrBlockTask
                0x0000000008003210       0x74 CMakeFiles/FIRST_STM_LED.elf.dir/Middlewares/Third_Party/FreeRTOS/Source/timers.c.obj
 .text.prvProcessReceivedCommands
                0x0000000008003284       0xf8 CMakeFiles/FIRST_STM_LED.elf.dir/Middlewares/Third_Party/FreeRTOS/Source/timers.c.obj
 .text.prvTimerTask
                0x000000000800337c       0x16 CMakeFiles/FIRST_STM_LED.elf.dir/Middlewares/Third_Party/FreeRTOS/Source/timers.c.obj
 *fill*         0x0000000008003392        0x2 
 .text.atexit   0x0000000008003394        0xc /usr/lib/gcc/arm-none-eabi/10.2.0/../../../../arm-none-eabi/lib/thumb/v7-m/nofp/libg.a(lib_a-atexit.o)
                0x0000000008003394                atexit
 .text.__libc_fini_array
                0x00000000080033a0       0x2c /usr/lib/gcc/arm-none-eabi/10.2.0/../../../../arm-none-eabi/lib/thumb/v7-m/nofp/libg.a(lib_a-fini.o)
                0x00000000080033a0                __libc_fini_array
 .text.__libc_init_array
                0x00000000080033cc       0x48 /usr/lib/gcc/arm-none-eabi/10.2.0/../../../../arm-none-eabi/lib/thumb/v7-m/nofp/libg.a(lib_a-init.o)
                0x00000000080033cc                __libc_init_array
 .text.memset   0x0000000008003414       0xa0 /usr/lib/gcc/arm-none-eabi/10.2.0/../../../../arm-none-eabi/lib/thumb/v7-m/nofp/libg.a(lib_a-memset.o)
                0x0000000008003414                memset
 .text.__register_exitproc
                0x00000000080034b4       0x88 /usr/lib/gcc/arm-none-eabi/10.2.0/../../../../arm-none-eabi/lib/thumb/v7-m/nofp/libg.a(lib_a-__atexit.o)
                0x00000000080034b4                __register_exitproc
 .text.startup.register_fini
                0x000000000800353c       0x14 /usr/lib/gcc/arm-none-eabi/10.2.0/../../../../arm-none-eabi/lib/thumb/v7-m/nofp/libg.a(lib_a-__call_atexit.o)
 .text.__retarget_lock_acquire_recursive
                0x0000000008003550        0x4 /usr/lib/gcc/arm-none-eabi/10.2.0/../../../../arm-none-eabi/lib/thumb/v7-m/nofp/libg.a(lib_a-lock.o)
                0x0000000008003550                __retarget_lock_acquire_recursive
 .text.__retarget_lock_release_recursive
                0x0000000008003554        0x4 /usr/lib/gcc/arm-none-eabi/10.2.0/../../../../arm-none-eabi/lib/thumb/v7-m/nofp/libg.a(lib_a-lock.o)
                0x0000000008003554                __retarget_lock_release_recursive
 *(.glue_7)
 .glue_7        0x0000000008003558        0x0 linker stubs
 *(.glue_7t)
 .glue_7t       0x0000000008003558        0x0 linker stubs
 *(.eh_frame)
 .eh_frame      0x0000000008003558        0x0 /usr/lib/gcc/arm-none-eabi/10.2.0/thumb/v7-m/nofp/crtbegin.o
 *(.init)
 .init          0x0000000008003558        0x4 /usr/lib/gcc/arm-none-eabi/10.2.0/thumb/v7-m/nofp/crti.o
                0x0000000008003558                _init
 .init          0x000000000800355c        0x8 /usr/lib/gcc/arm-none-eabi/10.2.0/thumb/v7-m/nofp/crtn.o
 *(.fini)
 .fini          0x0000000008003564        0x4 /usr/lib/gcc/arm-none-eabi/10.2.0/thumb/v7-m/nofp/crti.o
                0x0000000008003564                _fini
 .fini          0x0000000008003568        0x8 /usr/lib/gcc/arm-none-eabi/10.2.0/thumb/v7-m/nofp/crtn.o
                0x0000000008003570                . = ALIGN (0x4)
                0x0000000008003570                _etext = .

.vfp11_veneer   0x0000000008003570        0x0
 .vfp11_veneer  0x0000000008003570        0x0 linker stubs

.v4_bx          0x0000000008003570        0x0
 .v4_bx         0x0000000008003570        0x0 linker stubs

.iplt           0x0000000008003570        0x0
 .iplt          0x0000000008003570        0x0 /usr/lib/gcc/arm-none-eabi/10.2.0/thumb/v7-m/nofp/crtbegin.o

.rodata         0x0000000008003570       0xdc
                0x0000000008003570                . = ALIGN (0x4)
 *(.rodata)
 *(.rodata*)
 .rodata.StartTask02.str1.4
                0x0000000008003570        0x4 CMakeFiles/FIRST_STM_LED.elf.dir/Src/freertos.c.obj
 .rodata.str1.4
                0x0000000008003574       0x24 CMakeFiles/FIRST_STM_LED.elf.dir/Src/freertos.c.obj
 .rodata.defaultTask_attributes
                0x0000000008003598       0x24 CMakeFiles/FIRST_STM_LED.elf.dir/Src/freertos.c.obj
                0x0000000008003598                defaultTask_attributes
 .rodata.myTask02_attributes
                0x00000000080035bc       0x24 CMakeFiles/FIRST_STM_LED.elf.dir/Src/freertos.c.obj
                0x00000000080035bc                myTask02_attributes
 .rodata.myTask03_attributes
                0x00000000080035e0       0x24 CMakeFiles/FIRST_STM_LED.elf.dir/Src/freertos.c.obj
                0x00000000080035e0                myTask03_attributes
 .rodata.AHBPrescTable
                0x0000000008003604       0x10 CMakeFiles/FIRST_STM_LED.elf.dir/Src/system_stm32f1xx.c.obj
                0x0000000008003604                AHBPrescTable
 .rodata.APBPrescTable
                0x0000000008003614        0x8 CMakeFiles/FIRST_STM_LED.elf.dir/Src/system_stm32f1xx.c.obj
                0x0000000008003614                APBPrescTable
 .rodata.HAL_RCC_GetSysClockFreq.str1.4
                0x000000000800361c       0x11 CMakeFiles/FIRST_STM_LED.elf.dir/Drivers/STM32F1xx_HAL_Driver/Src/stm32f1xx_hal_rcc.c.obj
 *fill*         0x000000000800362d        0x3 
 .rodata.vTaskStartScheduler.str1.4
                0x0000000008003630        0x5 CMakeFiles/FIRST_STM_LED.elf.dir/Middlewares/Third_Party/FreeRTOS/Source/tasks.c.obj
 *fill*         0x0000000008003635        0x3 
 .rodata.prvCheckForValidListAndQueue.str1.4
                0x0000000008003638        0x5 CMakeFiles/FIRST_STM_LED.elf.dir/Middlewares/Third_Party/FreeRTOS/Source/timers.c.obj
 *fill*         0x000000000800363d        0x3 
 .rodata.xTimerCreateTimerTask.str1.4
                0x0000000008003640        0x8 CMakeFiles/FIRST_STM_LED.elf.dir/Middlewares/Third_Party/FreeRTOS/Source/timers.c.obj
 .rodata._global_impure_ptr
                0x0000000008003648        0x4 /usr/lib/gcc/arm-none-eabi/10.2.0/../../../../arm-none-eabi/lib/thumb/v7-m/nofp/libg.a(lib_a-impure.o)
                0x0000000008003648                _global_impure_ptr
                0x000000000800364c                . = ALIGN (0x4)

.rel.dyn        0x000000000800364c        0x0
 .rel.iplt      0x000000000800364c        0x0 /usr/lib/gcc/arm-none-eabi/10.2.0/thumb/v7-m/nofp/crtbegin.o

.ARM.extab
 *(.ARM.extab* .gnu.linkonce.armextab.*)

.ARM            0x000000000800364c        0x0
                0x000000000800364c                __exidx_start = .
 *(.ARM.exidx*)
                0x000000000800364c                __exidx_end = .

.preinit_array  0x000000000800364c        0x0
                0x000000000800364c                PROVIDE (__preinit_array_start = .)
 *(.preinit_array*)
                0x000000000800364c                PROVIDE (__preinit_array_end = .)

.init_array     0x000000000800364c        0x8
                0x000000000800364c                PROVIDE (__init_array_start = .)
 *(SORT_BY_NAME(.init_array.*))
 .init_array.00000
                0x000000000800364c        0x4 /usr/lib/gcc/arm-none-eabi/10.2.0/../../../../arm-none-eabi/lib/thumb/v7-m/nofp/libg.a(lib_a-__call_atexit.o)
 *(.init_array*)
 .init_array    0x0000000008003650        0x4 /usr/lib/gcc/arm-none-eabi/10.2.0/thumb/v7-m/nofp/crtbegin.o
                0x0000000008003654                PROVIDE (__init_array_end = .)

.fini_array     0x0000000008003654        0x4
                0x0000000008003654                PROVIDE (__fini_array_start = .)
 *(SORT_BY_NAME(.fini_array.*))
 *(.fini_array*)
 .fini_array    0x0000000008003654        0x4 /usr/lib/gcc/arm-none-eabi/10.2.0/thumb/v7-m/nofp/crtbegin.o
                0x0000000008003658                PROVIDE (__fini_array_end = .)
                0x0000000008003658                _sidata = LOADADDR (.data)

.data           0x0000000020000000      0x43c load address 0x0000000008003658
                0x0000000020000000                . = ALIGN (0x4)
                0x0000000020000000                _sdata = .
 *(.data)
 *(.data*)
 .data.SystemCoreClock
                0x0000000020000000        0x4 CMakeFiles/FIRST_STM_LED.elf.dir/Src/system_stm32f1xx.c.obj
                0x0000000020000000                SystemCoreClock
 .data.uwTickFreq
                0x0000000020000004        0x1 CMakeFiles/FIRST_STM_LED.elf.dir/Drivers/STM32F1xx_HAL_Driver/Src/stm32f1xx_hal.c.obj
                0x0000000020000004                uwTickFreq
 *fill*         0x0000000020000005        0x3 
 .data.uwTickPrio
                0x0000000020000008        0x4 CMakeFiles/FIRST_STM_LED.elf.dir/Drivers/STM32F1xx_HAL_Driver/Src/stm32f1xx_hal.c.obj
                0x0000000020000008                uwTickPrio
 .data.uxCriticalNesting
                0x000000002000000c        0x4 CMakeFiles/FIRST_STM_LED.elf.dir/Middlewares/Third_Party/FreeRTOS/Source/portable/GCC/ARM_CM3/port.c.obj
 .data.impure_data
                0x0000000020000010      0x428 /usr/lib/gcc/arm-none-eabi/10.2.0/../../../../arm-none-eabi/lib/thumb/v7-m/nofp/libg.a(lib_a-impure.o)
 .data.__atexit_recursive_mutex
                0x0000000020000438        0x4 /usr/lib/gcc/arm-none-eabi/10.2.0/../../../../arm-none-eabi/lib/thumb/v7-m/nofp/libg.a(lib_a-__call_atexit.o)
                0x0000000020000438                __atexit_recursive_mutex
                0x000000002000043c                . = ALIGN (0x4)
                0x000000002000043c                _edata = .

.igot.plt       0x000000002000043c        0x0 load address 0x0000000008003a94
 .igot.plt      0x000000002000043c        0x0 /usr/lib/gcc/arm-none-eabi/10.2.0/thumb/v7-m/nofp/crtbegin.o
                0x000000002000043c                . = ALIGN (0x4)

.bss            0x000000002000043c     0x1a7c load address 0x0000000008003a94
                0x000000002000043c                _sbss = .
                0x000000002000043c                __bss_start__ = _sbss
 *(.bss)
 *(.bss*)
 .bss.completed.1
                0x000000002000043c        0x1 /usr/lib/gcc/arm-none-eabi/10.2.0/thumb/v7-m/nofp/crtbegin.o
 *fill*         0x000000002000043d        0x3 
 .bss.object.0  0x0000000020000440       0x18 /usr/lib/gcc/arm-none-eabi/10.2.0/thumb/v7-m/nofp/crtbegin.o
 .bss.a         0x0000000020000458        0x4 CMakeFiles/FIRST_STM_LED.elf.dir/Src/freertos.c.obj
                0x0000000020000458                a
 .bss.defaultTaskHandle
                0x000000002000045c        0x4 CMakeFiles/FIRST_STM_LED.elf.dir/Src/freertos.c.obj
                0x000000002000045c                defaultTaskHandle
 .bss.myTask02Handle
                0x0000000020000460        0x4 CMakeFiles/FIRST_STM_LED.elf.dir/Src/freertos.c.obj
                0x0000000020000460                myTask02Handle
 .bss.myTask03Handle
                0x0000000020000464        0x4 CMakeFiles/FIRST_STM_LED.elf.dir/Src/freertos.c.obj
                0x0000000020000464                myTask03Handle
 .bss.hspi2     0x0000000020000468       0x58 CMakeFiles/FIRST_STM_LED.elf.dir/Src/spi.c.obj
                0x0000000020000468                hspi2
 .bss.htim2     0x00000000200004c0       0x48 CMakeFiles/FIRST_STM_LED.elf.dir/Src/stm32f1xx_hal_timebase_tim.c.obj
                0x00000000200004c0                htim2
 .bss.huart1    0x0000000020000508       0x40 CMakeFiles/FIRST_STM_LED.elf.dir/Src/usart.c.obj
                0x0000000020000508                huart1
 .bss.uwTick    0x0000000020000548        0x4 CMakeFiles/FIRST_STM_LED.elf.dir/Drivers/STM32F1xx_HAL_Driver/Src/stm32f1xx_hal.c.obj
                0x0000000020000548                uwTick
 .bss.Idle_Stack
                0x000000002000054c      0x200 CMakeFiles/FIRST_STM_LED.elf.dir/Middlewares/Third_Party/FreeRTOS/Source/CMSIS_RTOS_V2/cmsis_os2.c.obj
 .bss.Idle_TCB  0x000000002000074c       0x5c CMakeFiles/FIRST_STM_LED.elf.dir/Middlewares/Third_Party/FreeRTOS/Source/CMSIS_RTOS_V2/cmsis_os2.c.obj
 .bss.KernelState
                0x00000000200007a8        0x4 CMakeFiles/FIRST_STM_LED.elf.dir/Middlewares/Third_Party/FreeRTOS/Source/CMSIS_RTOS_V2/cmsis_os2.c.obj
 .bss.Timer_Stack
                0x00000000200007ac      0x400 CMakeFiles/FIRST_STM_LED.elf.dir/Middlewares/Third_Party/FreeRTOS/Source/CMSIS_RTOS_V2/cmsis_os2.c.obj
 .bss.Timer_TCB
                0x0000000020000bac       0x5c CMakeFiles/FIRST_STM_LED.elf.dir/Middlewares/Third_Party/FreeRTOS/Source/CMSIS_RTOS_V2/cmsis_os2.c.obj
 .bss.ucMaxSysCallPriority
                0x0000000020000c08        0x1 CMakeFiles/FIRST_STM_LED.elf.dir/Middlewares/Third_Party/FreeRTOS/Source/portable/GCC/ARM_CM3/port.c.obj
 *fill*         0x0000000020000c09        0x3 
 .bss.ulMaxPRIGROUPValue
                0x0000000020000c0c        0x4 CMakeFiles/FIRST_STM_LED.elf.dir/Middlewares/Third_Party/FreeRTOS/Source/portable/GCC/ARM_CM3/port.c.obj
 .bss.pxEnd     0x0000000020000c10        0x4 CMakeFiles/FIRST_STM_LED.elf.dir/Middlewares/Third_Party/FreeRTOS/Source/portable/MemMang/heap_4.c.obj
 .bss.ucHeap    0x0000000020000c14      0xc00 CMakeFiles/FIRST_STM_LED.elf.dir/Middlewares/Third_Party/FreeRTOS/Source/portable/MemMang/heap_4.c.obj
 .bss.xBlockAllocatedBit
                0x0000000020001814        0x4 CMakeFiles/FIRST_STM_LED.elf.dir/Middlewares/Third_Party/FreeRTOS/Source/portable/MemMang/heap_4.c.obj
 .bss.xFreeBytesRemaining
                0x0000000020001818        0x4 CMakeFiles/FIRST_STM_LED.elf.dir/Middlewares/Third_Party/FreeRTOS/Source/portable/MemMang/heap_4.c.obj
 .bss.xMinimumEverFreeBytesRemaining
                0x000000002000181c        0x4 CMakeFiles/FIRST_STM_LED.elf.dir/Middlewares/Third_Party/FreeRTOS/Source/portable/MemMang/heap_4.c.obj
 .bss.xStart    0x0000000020001820        0x8 CMakeFiles/FIRST_STM_LED.elf.dir/Middlewares/Third_Party/FreeRTOS/Source/portable/MemMang/heap_4.c.obj
 .bss.xQueueRegistry
                0x0000000020001828       0x40 CMakeFiles/FIRST_STM_LED.elf.dir/Middlewares/Third_Party/FreeRTOS/Source/queue.c.obj
                0x0000000020001828                xQueueRegistry
 .bss.pxCurrentTCB
                0x0000000020001868        0x4 CMakeFiles/FIRST_STM_LED.elf.dir/Middlewares/Third_Party/FreeRTOS/Source/tasks.c.obj
                0x0000000020001868                pxCurrentTCB
 .bss.pxDelayedTaskList
                0x000000002000186c        0x4 CMakeFiles/FIRST_STM_LED.elf.dir/Middlewares/Third_Party/FreeRTOS/Source/tasks.c.obj
 .bss.pxOverflowDelayedTaskList
                0x0000000020001870        0x4 CMakeFiles/FIRST_STM_LED.elf.dir/Middlewares/Third_Party/FreeRTOS/Source/tasks.c.obj
 .bss.pxReadyTasksLists
                0x0000000020001874      0x460 CMakeFiles/FIRST_STM_LED.elf.dir/Middlewares/Third_Party/FreeRTOS/Source/tasks.c.obj
 .bss.uxCurrentNumberOfTasks
                0x0000000020001cd4        0x4 CMakeFiles/FIRST_STM_LED.elf.dir/Middlewares/Third_Party/FreeRTOS/Source/tasks.c.obj
 .bss.uxDeletedTasksWaitingCleanUp
                0x0000000020001cd8        0x4 CMakeFiles/FIRST_STM_LED.elf.dir/Middlewares/Third_Party/FreeRTOS/Source/tasks.c.obj
 .bss.uxPendedTicks
                0x0000000020001cdc        0x4 CMakeFiles/FIRST_STM_LED.elf.dir/Middlewares/Third_Party/FreeRTOS/Source/tasks.c.obj
 .bss.uxSchedulerSuspended
                0x0000000020001ce0        0x4 CMakeFiles/FIRST_STM_LED.elf.dir/Middlewares/Third_Party/FreeRTOS/Source/tasks.c.obj
 .bss.uxTaskNumber
                0x0000000020001ce4        0x4 CMakeFiles/FIRST_STM_LED.elf.dir/Middlewares/Third_Party/FreeRTOS/Source/tasks.c.obj
 .bss.uxTopReadyPriority
                0x0000000020001ce8        0x4 CMakeFiles/FIRST_STM_LED.elf.dir/Middlewares/Third_Party/FreeRTOS/Source/tasks.c.obj
 .bss.xDelayedTaskList1
                0x0000000020001cec       0x14 CMakeFiles/FIRST_STM_LED.elf.dir/Middlewares/Third_Party/FreeRTOS/Source/tasks.c.obj
 .bss.xDelayedTaskList2
                0x0000000020001d00       0x14 CMakeFiles/FIRST_STM_LED.elf.dir/Middlewares/Third_Party/FreeRTOS/Source/tasks.c.obj
 .bss.xIdleTaskHandle
                0x0000000020001d14        0x4 CMakeFiles/FIRST_STM_LED.elf.dir/Middlewares/Third_Party/FreeRTOS/Source/tasks.c.obj
 .bss.xNextTaskUnblockTime
                0x0000000020001d18        0x4 CMakeFiles/FIRST_STM_LED.elf.dir/Middlewares/Third_Party/FreeRTOS/Source/tasks.c.obj
 .bss.xNumOfOverflows
                0x0000000020001d1c        0x4 CMakeFiles/FIRST_STM_LED.elf.dir/Middlewares/Third_Party/FreeRTOS/Source/tasks.c.obj
 .bss.xPendingReadyList
                0x0000000020001d20       0x14 CMakeFiles/FIRST_STM_LED.elf.dir/Middlewares/Third_Party/FreeRTOS/Source/tasks.c.obj
 .bss.xSchedulerRunning
                0x0000000020001d34        0x4 CMakeFiles/FIRST_STM_LED.elf.dir/Middlewares/Third_Party/FreeRTOS/Source/tasks.c.obj
 .bss.xSuspendedTaskList
                0x0000000020001d38       0x14 CMakeFiles/FIRST_STM_LED.elf.dir/Middlewares/Third_Party/FreeRTOS/Source/tasks.c.obj
 .bss.xTasksWaitingTermination
                0x0000000020001d4c       0x14 CMakeFiles/FIRST_STM_LED.elf.dir/Middlewares/Third_Party/FreeRTOS/Source/tasks.c.obj
 .bss.xTickCount
                0x0000000020001d60        0x4 CMakeFiles/FIRST_STM_LED.elf.dir/Middlewares/Third_Party/FreeRTOS/Source/tasks.c.obj
 .bss.xYieldPending
                0x0000000020001d64        0x4 CMakeFiles/FIRST_STM_LED.elf.dir/Middlewares/Third_Party/FreeRTOS/Source/tasks.c.obj
 .bss.pxCurrentTimerList
                0x0000000020001d68        0x4 CMakeFiles/FIRST_STM_LED.elf.dir/Middlewares/Third_Party/FreeRTOS/Source/timers.c.obj
 .bss.pxOverflowTimerList
                0x0000000020001d6c        0x4 CMakeFiles/FIRST_STM_LED.elf.dir/Middlewares/Third_Party/FreeRTOS/Source/timers.c.obj
 .bss.ucStaticTimerQueueStorage.1
                0x0000000020001d70       0xa0 CMakeFiles/FIRST_STM_LED.elf.dir/Middlewares/Third_Party/FreeRTOS/Source/timers.c.obj
 .bss.xActiveTimerList1
                0x0000000020001e10       0x14 CMakeFiles/FIRST_STM_LED.elf.dir/Middlewares/Third_Party/FreeRTOS/Source/timers.c.obj
 .bss.xActiveTimerList2
                0x0000000020001e24       0x14 CMakeFiles/FIRST_STM_LED.elf.dir/Middlewares/Third_Party/FreeRTOS/Source/timers.c.obj
 .bss.xLastTime.2
                0x0000000020001e38        0x4 CMakeFiles/FIRST_STM_LED.elf.dir/Middlewares/Third_Party/FreeRTOS/Source/timers.c.obj
 .bss.xStaticTimerQueue.0
                0x0000000020001e3c       0x50 CMakeFiles/FIRST_STM_LED.elf.dir/Middlewares/Third_Party/FreeRTOS/Source/timers.c.obj
 .bss.xTimerQueue
                0x0000000020001e8c        0x4 CMakeFiles/FIRST_STM_LED.elf.dir/Middlewares/Third_Party/FreeRTOS/Source/timers.c.obj
 .bss.xTimerTaskHandle
                0x0000000020001e90        0x4 CMakeFiles/FIRST_STM_LED.elf.dir/Middlewares/Third_Party/FreeRTOS/Source/timers.c.obj
 *(COMMON)
 COMMON         0x0000000020001e94       0x21 /usr/lib/gcc/arm-none-eabi/10.2.0/../../../../arm-none-eabi/lib/thumb/v7-m/nofp/libg.a(lib_a-lock.o)
                0x0000000020001e94                __lock___atexit_recursive_mutex
                0x0000000020001e98                __lock___arc4random_mutex
                0x0000000020001e9c                __lock___env_recursive_mutex
                0x0000000020001ea0                __lock___sinit_recursive_mutex
                0x0000000020001ea4                __lock___malloc_recursive_mutex
                0x0000000020001ea8                __lock___at_quick_exit_mutex
                0x0000000020001eac                __lock___dd_hash_mutex
                0x0000000020001eb0                __lock___tz_mutex
                0x0000000020001eb4                __lock___sfp_recursive_mutex
                0x0000000020001eb8                . = ALIGN (0x4)
 *fill*         0x0000000020001eb5        0x3 
                0x0000000020001eb8                _ebss = .
                0x0000000020001eb8                __bss_end__ = _ebss

._user_heap_stack
                0x0000000020001eb8      0x600 load address 0x0000000008003a94
                0x0000000020001eb8                . = ALIGN (0x8)
                [!provide]                        PROVIDE (end = .)
                [!provide]                        PROVIDE (_end = .)
                0x00000000200020b8                . = (. + _Min_Heap_Size)
 *fill*         0x0000000020001eb8      0x200 
                0x00000000200024b8                . = (. + _Min_Stack_Size)
 *fill*         0x00000000200020b8      0x400 
                0x00000000200024b8                . = ALIGN (0x8)

/DISCARD/
 libc.a(*)
 libm.a(*)
 libgcc.a(*)

.ARM.attributes
                0x0000000000000000       0x29
 *(.ARM.attributes)
 .ARM.attributes
                0x0000000000000000       0x1d /usr/lib/gcc/arm-none-eabi/10.2.0/thumb/v7-m/nofp/crti.o
 .ARM.attributes
                0x000000000000001d       0x2d /usr/lib/gcc/arm-none-eabi/10.2.0/thumb/v7-m/nofp/crtbegin.o
 .ARM.attributes
                0x000000000000004a       0x21 CMakeFiles/FIRST_STM_LED.elf.dir/Drivers/CMSIS/Device/ST/STM32F1xx/Source/Templates/gcc/startup_stm32f103xb.s.obj
 .ARM.attributes
                0x000000000000006b       0x2d CMakeFiles/FIRST_STM_LED.elf.dir/Src/freertos.c.obj
 .ARM.attributes
                0x0000000000000098       0x2d CMakeFiles/FIRST_STM_LED.elf.dir/Src/gpio.c.obj
 .ARM.attributes
                0x00000000000000c5       0x2d CMakeFiles/FIRST_STM_LED.elf.dir/Src/main.c.obj
 .ARM.attributes
                0x00000000000000f2       0x2d CMakeFiles/FIRST_STM_LED.elf.dir/Src/spi.c.obj
 .ARM.attributes
                0x000000000000011f       0x2d CMakeFiles/FIRST_STM_LED.elf.dir/Src/stm32f1xx_hal_msp.c.obj
 .ARM.attributes
                0x000000000000014c       0x2d CMakeFiles/FIRST_STM_LED.elf.dir/Src/stm32f1xx_hal_timebase_tim.c.obj
 .ARM.attributes
                0x0000000000000179       0x2d CMakeFiles/FIRST_STM_LED.elf.dir/Src/stm32f1xx_it.c.obj
 .ARM.attributes
                0x00000000000001a6       0x2d CMakeFiles/FIRST_STM_LED.elf.dir/Src/system_stm32f1xx.c.obj
 .ARM.attributes
                0x00000000000001d3       0x2d CMakeFiles/FIRST_STM_LED.elf.dir/Src/usart.c.obj
 .ARM.attributes
                0x0000000000000200       0x2d CMakeFiles/FIRST_STM_LED.elf.dir/Drivers/STM32F1xx_HAL_Driver/Src/stm32f1xx_hal.c.obj
 .ARM.attributes
                0x000000000000022d       0x2d CMakeFiles/FIRST_STM_LED.elf.dir/Drivers/STM32F1xx_HAL_Driver/Src/stm32f1xx_hal_cortex.c.obj
 .ARM.attributes
                0x000000000000025a       0x2d CMakeFiles/FIRST_STM_LED.elf.dir/Drivers/STM32F1xx_HAL_Driver/Src/stm32f1xx_hal_gpio.c.obj
 .ARM.attributes
                0x0000000000000287       0x2d CMakeFiles/FIRST_STM_LED.elf.dir/Drivers/STM32F1xx_HAL_Driver/Src/stm32f1xx_hal_rcc.c.obj
 .ARM.attributes
                0x00000000000002b4       0x2d CMakeFiles/FIRST_STM_LED.elf.dir/Drivers/STM32F1xx_HAL_Driver/Src/stm32f1xx_hal_spi.c.obj
 .ARM.attributes
                0x00000000000002e1       0x2d CMakeFiles/FIRST_STM_LED.elf.dir/Drivers/STM32F1xx_HAL_Driver/Src/stm32f1xx_hal_tim.c.obj
 .ARM.attributes
                0x000000000000030e       0x2d CMakeFiles/FIRST_STM_LED.elf.dir/Drivers/STM32F1xx_HAL_Driver/Src/stm32f1xx_hal_tim_ex.c.obj
 .ARM.attributes
                0x000000000000033b       0x2d CMakeFiles/FIRST_STM_LED.elf.dir/Drivers/STM32F1xx_HAL_Driver/Src/stm32f1xx_hal_uart.c.obj
 .ARM.attributes
                0x0000000000000368       0x2d CMakeFiles/FIRST_STM_LED.elf.dir/Middlewares/Third_Party/FreeRTOS/Source/CMSIS_RTOS_V2/cmsis_os2.c.obj
 .ARM.attributes
                0x0000000000000395       0x2d CMakeFiles/FIRST_STM_LED.elf.dir/Middlewares/Third_Party/FreeRTOS/Source/list.c.obj
 .ARM.attributes
                0x00000000000003c2       0x2d CMakeFiles/FIRST_STM_LED.elf.dir/Middlewares/Third_Party/FreeRTOS/Source/portable/GCC/ARM_CM3/port.c.obj
 .ARM.attributes
                0x00000000000003ef       0x2d CMakeFiles/FIRST_STM_LED.elf.dir/Middlewares/Third_Party/FreeRTOS/Source/portable/MemMang/heap_4.c.obj
 .ARM.attributes
                0x000000000000041c       0x2d CMakeFiles/FIRST_STM_LED.elf.dir/Middlewares/Third_Party/FreeRTOS/Source/queue.c.obj
 .ARM.attributes
                0x0000000000000449       0x2d CMakeFiles/FIRST_STM_LED.elf.dir/Middlewares/Third_Party/FreeRTOS/Source/tasks.c.obj
 .ARM.attributes
                0x0000000000000476       0x2d CMakeFiles/FIRST_STM_LED.elf.dir/Middlewares/Third_Party/FreeRTOS/Source/timers.c.obj
 .ARM.attributes
                0x00000000000004a3       0x2d /usr/lib/gcc/arm-none-eabi/10.2.0/../../../../arm-none-eabi/lib/thumb/v7-m/nofp/libg.a(lib_a-atexit.o)
 .ARM.attributes
                0x00000000000004d0       0x2d /usr/lib/gcc/arm-none-eabi/10.2.0/../../../../arm-none-eabi/lib/thumb/v7-m/nofp/libg.a(lib_a-fini.o)
 .ARM.attributes
                0x00000000000004fd       0x2d /usr/lib/gcc/arm-none-eabi/10.2.0/../../../../arm-none-eabi/lib/thumb/v7-m/nofp/libg.a(lib_a-impure.o)
 .ARM.attributes
                0x000000000000052a       0x2d /usr/lib/gcc/arm-none-eabi/10.2.0/../../../../arm-none-eabi/lib/thumb/v7-m/nofp/libg.a(lib_a-init.o)
 .ARM.attributes
                0x0000000000000557       0x1b /usr/lib/gcc/arm-none-eabi/10.2.0/../../../../arm-none-eabi/lib/thumb/v7-m/nofp/libg.a(lib_a-memcpy.o)
 .ARM.attributes
                0x0000000000000572       0x2d /usr/lib/gcc/arm-none-eabi/10.2.0/../../../../arm-none-eabi/lib/thumb/v7-m/nofp/libg.a(lib_a-memset.o)
 .ARM.attributes
                0x000000000000059f       0x2d /usr/lib/gcc/arm-none-eabi/10.2.0/../../../../arm-none-eabi/lib/thumb/v7-m/nofp/libg.a(lib_a-__atexit.o)
 .ARM.attributes
                0x00000000000005cc       0x2d /usr/lib/gcc/arm-none-eabi/10.2.0/../../../../arm-none-eabi/lib/thumb/v7-m/nofp/libg.a(lib_a-__call_atexit.o)
 .ARM.attributes
                0x00000000000005f9       0x2d /usr/lib/gcc/arm-none-eabi/10.2.0/../../../../arm-none-eabi/lib/thumb/v7-m/nofp/libg.a(lib_a-lock.o)
 .ARM.attributes
                0x0000000000000626       0x1d /usr/lib/gcc/arm-none-eabi/10.2.0/thumb/v7-m/nofp/crtn.o
OUTPUT(FIRST_STM_LED.elf elf32-littlearm)
LOAD linker stubs
LOAD /usr/lib/gcc/arm-none-eabi/10.2.0/../../../../arm-none-eabi/lib/thumb/v7-m/nofp/libc.a
LOAD /usr/lib/gcc/arm-none-eabi/10.2.0/../../../../arm-none-eabi/lib/thumb/v7-m/nofp/libm.a
LOAD /usr/lib/gcc/arm-none-eabi/10.2.0/thumb/v7-m/nofp/libgcc.a

.debug_info     0x0000000000000000    0x1cb8b
 .debug_info    0x0000000000000000      0xb4a CMakeFiles/FIRST_STM_LED.elf.dir/Src/freertos.c.obj
 .debug_info    0x0000000000000b4a      0x3a1 CMakeFiles/FIRST_STM_LED.elf.dir/Src/gpio.c.obj
 .debug_info    0x0000000000000eeb      0x9c6 CMakeFiles/FIRST_STM_LED.elf.dir/Src/main.c.obj
 .debug_info    0x00000000000018b1      0x92e CMakeFiles/FIRST_STM_LED.elf.dir/Src/spi.c.obj
 .debug_info    0x00000000000021df      0x3b0 CMakeFiles/FIRST_STM_LED.elf.dir/Src/stm32f1xx_hal_msp.c.obj
 .debug_info    0x000000000000258f      0xac4 CMakeFiles/FIRST_STM_LED.elf.dir/Src/stm32f1xx_hal_timebase_tim.c.obj
 .debug_info    0x0000000000003053      0x750 CMakeFiles/FIRST_STM_LED.elf.dir/Src/stm32f1xx_it.c.obj
 .debug_info    0x00000000000037a3      0x267 CMakeFiles/FIRST_STM_LED.elf.dir/Src/system_stm32f1xx.c.obj
 .debug_info    0x0000000000003a0a      0x8bb CMakeFiles/FIRST_STM_LED.elf.dir/Src/usart.c.obj
 .debug_info    0x00000000000042c5      0x855 CMakeFiles/FIRST_STM_LED.elf.dir/Drivers/STM32F1xx_HAL_Driver/Src/stm32f1xx_hal.c.obj
 .debug_info    0x0000000000004b1a      0xe2d CMakeFiles/FIRST_STM_LED.elf.dir/Drivers/STM32F1xx_HAL_Driver/Src/stm32f1xx_hal_cortex.c.obj
 .debug_info    0x0000000000005947      0x6d7 CMakeFiles/FIRST_STM_LED.elf.dir/Drivers/STM32F1xx_HAL_Driver/Src/stm32f1xx_hal_gpio.c.obj
 .debug_info    0x000000000000601e      0xaec CMakeFiles/FIRST_STM_LED.elf.dir/Drivers/STM32F1xx_HAL_Driver/Src/stm32f1xx_hal_rcc.c.obj
 .debug_info    0x0000000000006b0a     0x1ecf CMakeFiles/FIRST_STM_LED.elf.dir/Drivers/STM32F1xx_HAL_Driver/Src/stm32f1xx_hal_spi.c.obj
 .debug_info    0x00000000000089d9     0x3db6 CMakeFiles/FIRST_STM_LED.elf.dir/Drivers/STM32F1xx_HAL_Driver/Src/stm32f1xx_hal_tim.c.obj
 .debug_info    0x000000000000c78f     0x1b1f CMakeFiles/FIRST_STM_LED.elf.dir/Drivers/STM32F1xx_HAL_Driver/Src/stm32f1xx_hal_tim_ex.c.obj
 .debug_info    0x000000000000e2ae     0x19ad CMakeFiles/FIRST_STM_LED.elf.dir/Drivers/STM32F1xx_HAL_Driver/Src/stm32f1xx_hal_uart.c.obj
 .debug_info    0x000000000000fc5b     0x4d85 CMakeFiles/FIRST_STM_LED.elf.dir/Middlewares/Third_Party/FreeRTOS/Source/CMSIS_RTOS_V2/cmsis_os2.c.obj
 .debug_info    0x00000000000149e0      0x309 CMakeFiles/FIRST_STM_LED.elf.dir/Middlewares/Third_Party/FreeRTOS/Source/list.c.obj
 .debug_info    0x0000000000014ce9      0x569 CMakeFiles/FIRST_STM_LED.elf.dir/Middlewares/Third_Party/FreeRTOS/Source/portable/GCC/ARM_CM3/port.c.obj
 .debug_info    0x0000000000015252      0x49b CMakeFiles/FIRST_STM_LED.elf.dir/Middlewares/Third_Party/FreeRTOS/Source/portable/MemMang/heap_4.c.obj
 .debug_info    0x00000000000156ed     0x286e CMakeFiles/FIRST_STM_LED.elf.dir/Middlewares/Third_Party/FreeRTOS/Source/queue.c.obj
 .debug_info    0x0000000000017f5b     0x31b8 CMakeFiles/FIRST_STM_LED.elf.dir/Middlewares/Third_Party/FreeRTOS/Source/tasks.c.obj
 .debug_info    0x000000000001b113     0x1a78 CMakeFiles/FIRST_STM_LED.elf.dir/Middlewares/Third_Party/FreeRTOS/Source/timers.c.obj

.debug_abbrev   0x0000000000000000     0x3834
 .debug_abbrev  0x0000000000000000      0x1e9 CMakeFiles/FIRST_STM_LED.elf.dir/Src/freertos.c.obj
 .debug_abbrev  0x00000000000001e9      0x13f CMakeFiles/FIRST_STM_LED.elf.dir/Src/gpio.c.obj
 .debug_abbrev  0x0000000000000328      0x1f6 CMakeFiles/FIRST_STM_LED.elf.dir/Src/main.c.obj
 .debug_abbrev  0x000000000000051e      0x1c5 CMakeFiles/FIRST_STM_LED.elf.dir/Src/spi.c.obj
 .debug_abbrev  0x00000000000006e3      0x130 CMakeFiles/FIRST_STM_LED.elf.dir/Src/stm32f1xx_hal_msp.c.obj
 .debug_abbrev  0x0000000000000813      0x1ef CMakeFiles/FIRST_STM_LED.elf.dir/Src/stm32f1xx_hal_timebase_tim.c.obj
 .debug_abbrev  0x0000000000000a02      0x17c CMakeFiles/FIRST_STM_LED.elf.dir/Src/stm32f1xx_it.c.obj
 .debug_abbrev  0x0000000000000b7e      0x140 CMakeFiles/FIRST_STM_LED.elf.dir/Src/system_stm32f1xx.c.obj
 .debug_abbrev  0x0000000000000cbe      0x1c5 CMakeFiles/FIRST_STM_LED.elf.dir/Src/usart.c.obj
 .debug_abbrev  0x0000000000000e83      0x1f7 CMakeFiles/FIRST_STM_LED.elf.dir/Drivers/STM32F1xx_HAL_Driver/Src/stm32f1xx_hal.c.obj
 .debug_abbrev  0x000000000000107a      0x359 CMakeFiles/FIRST_STM_LED.elf.dir/Drivers/STM32F1xx_HAL_Driver/Src/stm32f1xx_hal_cortex.c.obj
 .debug_abbrev  0x00000000000013d3      0x222 CMakeFiles/FIRST_STM_LED.elf.dir/Drivers/STM32F1xx_HAL_Driver/Src/stm32f1xx_hal_gpio.c.obj
 .debug_abbrev  0x00000000000015f5      0x29a CMakeFiles/FIRST_STM_LED.elf.dir/Drivers/STM32F1xx_HAL_Driver/Src/stm32f1xx_hal_rcc.c.obj
 .debug_abbrev  0x000000000000188f      0x292 CMakeFiles/FIRST_STM_LED.elf.dir/Drivers/STM32F1xx_HAL_Driver/Src/stm32f1xx_hal_spi.c.obj
 .debug_abbrev  0x0000000000001b21      0x296 CMakeFiles/FIRST_STM_LED.elf.dir/Drivers/STM32F1xx_HAL_Driver/Src/stm32f1xx_hal_tim.c.obj
 .debug_abbrev  0x0000000000001db7      0x298 CMakeFiles/FIRST_STM_LED.elf.dir/Drivers/STM32F1xx_HAL_Driver/Src/stm32f1xx_hal_tim_ex.c.obj
 .debug_abbrev  0x000000000000204f      0x2ab CMakeFiles/FIRST_STM_LED.elf.dir/Drivers/STM32F1xx_HAL_Driver/Src/stm32f1xx_hal_uart.c.obj
 .debug_abbrev  0x00000000000022fa      0x459 CMakeFiles/FIRST_STM_LED.elf.dir/Middlewares/Third_Party/FreeRTOS/Source/CMSIS_RTOS_V2/cmsis_os2.c.obj
 .debug_abbrev  0x0000000000002753      0x124 CMakeFiles/FIRST_STM_LED.elf.dir/Middlewares/Third_Party/FreeRTOS/Source/list.c.obj
 .debug_abbrev  0x0000000000002877      0x29d CMakeFiles/FIRST_STM_LED.elf.dir/Middlewares/Third_Party/FreeRTOS/Source/portable/GCC/ARM_CM3/port.c.obj
 .debug_abbrev  0x0000000000002b14      0x255 CMakeFiles/FIRST_STM_LED.elf.dir/Middlewares/Third_Party/FreeRTOS/Source/portable/MemMang/heap_4.c.obj
 .debug_abbrev  0x0000000000002d69      0x3e7 CMakeFiles/FIRST_STM_LED.elf.dir/Middlewares/Third_Party/FreeRTOS/Source/queue.c.obj
 .debug_abbrev  0x0000000000003150      0x387 CMakeFiles/FIRST_STM_LED.elf.dir/Middlewares/Third_Party/FreeRTOS/Source/tasks.c.obj
 .debug_abbrev  0x00000000000034d7      0x35d CMakeFiles/FIRST_STM_LED.elf.dir/Middlewares/Third_Party/FreeRTOS/Source/timers.c.obj

.debug_loc      0x0000000000000000    0x19820
 .debug_loc     0x0000000000000000       0xfb CMakeFiles/FIRST_STM_LED.elf.dir/Src/freertos.c.obj
 .debug_loc     0x00000000000000fb       0x38 CMakeFiles/FIRST_STM_LED.elf.dir/Src/gpio.c.obj
 .debug_loc     0x0000000000000133       0xbb CMakeFiles/FIRST_STM_LED.elf.dir/Src/main.c.obj
 .debug_loc     0x00000000000001ee      0x108 CMakeFiles/FIRST_STM_LED.elf.dir/Src/spi.c.obj
 .debug_loc     0x00000000000002f6       0x4d CMakeFiles/FIRST_STM_LED.elf.dir/Src/stm32f1xx_hal_msp.c.obj
 .debug_loc     0x0000000000000343       0xcd CMakeFiles/FIRST_STM_LED.elf.dir/Src/stm32f1xx_hal_timebase_tim.c.obj
 .debug_loc     0x0000000000000410       0x20 CMakeFiles/FIRST_STM_LED.elf.dir/Src/stm32f1xx_it.c.obj
 .debug_loc     0x0000000000000430       0xff CMakeFiles/FIRST_STM_LED.elf.dir/Src/system_stm32f1xx.c.obj
 .debug_loc     0x000000000000052f      0x108 CMakeFiles/FIRST_STM_LED.elf.dir/Src/usart.c.obj
 .debug_loc     0x0000000000000637      0x1e1 CMakeFiles/FIRST_STM_LED.elf.dir/Drivers/STM32F1xx_HAL_Driver/Src/stm32f1xx_hal.c.obj
 .debug_loc     0x0000000000000818      0x77f CMakeFiles/FIRST_STM_LED.elf.dir/Drivers/STM32F1xx_HAL_Driver/Src/stm32f1xx_hal_cortex.c.obj
 .debug_loc     0x0000000000000f97      0x551 CMakeFiles/FIRST_STM_LED.elf.dir/Drivers/STM32F1xx_HAL_Driver/Src/stm32f1xx_hal_gpio.c.obj
 .debug_loc     0x00000000000014e8      0x7ee CMakeFiles/FIRST_STM_LED.elf.dir/Drivers/STM32F1xx_HAL_Driver/Src/stm32f1xx_hal_rcc.c.obj
 .debug_loc     0x0000000000001cd6     0x246e CMakeFiles/FIRST_STM_LED.elf.dir/Drivers/STM32F1xx_HAL_Driver/Src/stm32f1xx_hal_spi.c.obj
 .debug_loc     0x0000000000004144     0x53ba CMakeFiles/FIRST_STM_LED.elf.dir/Drivers/STM32F1xx_HAL_Driver/Src/stm32f1xx_hal_tim.c.obj
 .debug_loc     0x00000000000094fe     0x1ece CMakeFiles/FIRST_STM_LED.elf.dir/Drivers/STM32F1xx_HAL_Driver/Src/stm32f1xx_hal_tim_ex.c.obj
 .debug_loc     0x000000000000b3cc     0x1e05 CMakeFiles/FIRST_STM_LED.elf.dir/Drivers/STM32F1xx_HAL_Driver/Src/stm32f1xx_hal_uart.c.obj
 .debug_loc     0x000000000000d1d1     0x62c5 CMakeFiles/FIRST_STM_LED.elf.dir/Middlewares/Third_Party/FreeRTOS/Source/CMSIS_RTOS_V2/cmsis_os2.c.obj
 .debug_loc     0x0000000000013496       0xe5 CMakeFiles/FIRST_STM_LED.elf.dir/Middlewares/Third_Party/FreeRTOS/Source/list.c.obj
 .debug_loc     0x000000000001357b      0x16c CMakeFiles/FIRST_STM_LED.elf.dir/Middlewares/Third_Party/FreeRTOS/Source/portable/GCC/ARM_CM3/port.c.obj
 .debug_loc     0x00000000000136e7      0x3c1 CMakeFiles/FIRST_STM_LED.elf.dir/Middlewares/Third_Party/FreeRTOS/Source/portable/MemMang/heap_4.c.obj
 .debug_loc     0x0000000000013aa8     0x1eda CMakeFiles/FIRST_STM_LED.elf.dir/Middlewares/Third_Party/FreeRTOS/Source/queue.c.obj
 .debug_loc     0x0000000000015982     0x2b44 CMakeFiles/FIRST_STM_LED.elf.dir/Middlewares/Third_Party/FreeRTOS/Source/tasks.c.obj
 .debug_loc     0x00000000000184c6     0x135a CMakeFiles/FIRST_STM_LED.elf.dir/Middlewares/Third_Party/FreeRTOS/Source/timers.c.obj

.debug_aranges  0x0000000000000000     0x1448
 .debug_aranges
                0x0000000000000000       0x38 CMakeFiles/FIRST_STM_LED.elf.dir/Src/freertos.c.obj
 .debug_aranges
                0x0000000000000038       0x20 CMakeFiles/FIRST_STM_LED.elf.dir/Src/gpio.c.obj
 .debug_aranges
                0x0000000000000058       0x38 CMakeFiles/FIRST_STM_LED.elf.dir/Src/main.c.obj
 .debug_aranges
                0x0000000000000090       0x30 CMakeFiles/FIRST_STM_LED.elf.dir/Src/spi.c.obj
 .debug_aranges
                0x00000000000000c0       0x20 CMakeFiles/FIRST_STM_LED.elf.dir/Src/stm32f1xx_hal_msp.c.obj
 .debug_aranges
                0x00000000000000e0       0x30 CMakeFiles/FIRST_STM_LED.elf.dir/Src/stm32f1xx_hal_timebase_tim.c.obj
 .debug_aranges
                0x0000000000000110       0x50 CMakeFiles/FIRST_STM_LED.elf.dir/Src/stm32f1xx_it.c.obj
 .debug_aranges
                0x0000000000000160       0x28 CMakeFiles/FIRST_STM_LED.elf.dir/Src/system_stm32f1xx.c.obj
 .debug_aranges
                0x0000000000000188       0x30 CMakeFiles/FIRST_STM_LED.elf.dir/Src/usart.c.obj
 .debug_aranges
                0x00000000000001b8       0xe0 CMakeFiles/FIRST_STM_LED.elf.dir/Drivers/STM32F1xx_HAL_Driver/Src/stm32f1xx_hal.c.obj
 .debug_aranges
                0x0000000000000298       0x90 CMakeFiles/FIRST_STM_LED.elf.dir/Drivers/STM32F1xx_HAL_Driver/Src/stm32f1xx_hal_cortex.c.obj
 .debug_aranges
                0x0000000000000328       0x58 CMakeFiles/FIRST_STM_LED.elf.dir/Drivers/STM32F1xx_HAL_Driver/Src/stm32f1xx_hal_gpio.c.obj
 .debug_aranges
                0x0000000000000380       0x90 CMakeFiles/FIRST_STM_LED.elf.dir/Drivers/STM32F1xx_HAL_Driver/Src/stm32f1xx_hal_rcc.c.obj
 .debug_aranges
                0x0000000000000410      0x1d0 CMakeFiles/FIRST_STM_LED.elf.dir/Drivers/STM32F1xx_HAL_Driver/Src/stm32f1xx_hal_spi.c.obj
 .debug_aranges
                0x00000000000005e0      0x3d0 CMakeFiles/FIRST_STM_LED.elf.dir/Drivers/STM32F1xx_HAL_Driver/Src/stm32f1xx_hal_tim.c.obj
 .debug_aranges
                0x00000000000009b0      0x168 CMakeFiles/FIRST_STM_LED.elf.dir/Drivers/STM32F1xx_HAL_Driver/Src/stm32f1xx_hal_tim_ex.c.obj
 .debug_aranges
                0x0000000000000b18      0x1d0 CMakeFiles/FIRST_STM_LED.elf.dir/Drivers/STM32F1xx_HAL_Driver/Src/stm32f1xx_hal_uart.c.obj
 .debug_aranges
                0x0000000000000ce8      0x228 CMakeFiles/FIRST_STM_LED.elf.dir/Middlewares/Third_Party/FreeRTOS/Source/CMSIS_RTOS_V2/cmsis_os2.c.obj
 .debug_aranges
                0x0000000000000f10       0x40 CMakeFiles/FIRST_STM_LED.elf.dir/Middlewares/Third_Party/FreeRTOS/Source/list.c.obj
 .debug_aranges
                0x0000000000000f50       0x78 CMakeFiles/FIRST_STM_LED.elf.dir/Middlewares/Third_Party/FreeRTOS/Source/portable/GCC/ARM_CM3/port.c.obj
 .debug_aranges
                0x0000000000000fc8       0x50 CMakeFiles/FIRST_STM_LED.elf.dir/Middlewares/Third_Party/FreeRTOS/Source/portable/MemMang/heap_4.c.obj
 .debug_aranges
                0x0000000000001018      0x158 CMakeFiles/FIRST_STM_LED.elf.dir/Middlewares/Third_Party/FreeRTOS/Source/queue.c.obj
 .debug_aranges
                0x0000000000001170      0x1f8 CMakeFiles/FIRST_STM_LED.elf.dir/Middlewares/Third_Party/FreeRTOS/Source/tasks.c.obj
 .debug_aranges
                0x0000000000001368       0xe0 CMakeFiles/FIRST_STM_LED.elf.dir/Middlewares/Third_Party/FreeRTOS/Source/timers.c.obj

.debug_ranges   0x0000000000000000     0x1550
 .debug_ranges  0x0000000000000000       0x28 CMakeFiles/FIRST_STM_LED.elf.dir/Src/freertos.c.obj
 .debug_ranges  0x0000000000000028       0x10 CMakeFiles/FIRST_STM_LED.elf.dir/Src/gpio.c.obj
 .debug_ranges  0x0000000000000038       0x28 CMakeFiles/FIRST_STM_LED.elf.dir/Src/main.c.obj
 .debug_ranges  0x0000000000000060       0x20 CMakeFiles/FIRST_STM_LED.elf.dir/Src/spi.c.obj
 .debug_ranges  0x0000000000000080       0x10 CMakeFiles/FIRST_STM_LED.elf.dir/Src/stm32f1xx_hal_msp.c.obj
 .debug_ranges  0x0000000000000090       0x20 CMakeFiles/FIRST_STM_LED.elf.dir/Src/stm32f1xx_hal_timebase_tim.c.obj
 .debug_ranges  0x00000000000000b0       0x40 CMakeFiles/FIRST_STM_LED.elf.dir/Src/stm32f1xx_it.c.obj
 .debug_ranges  0x00000000000000f0       0x18 CMakeFiles/FIRST_STM_LED.elf.dir/Src/system_stm32f1xx.c.obj
 .debug_ranges  0x0000000000000108       0x20 CMakeFiles/FIRST_STM_LED.elf.dir/Src/usart.c.obj
 .debug_ranges  0x0000000000000128       0xd0 CMakeFiles/FIRST_STM_LED.elf.dir/Drivers/STM32F1xx_HAL_Driver/Src/stm32f1xx_hal.c.obj
 .debug_ranges  0x00000000000001f8       0xe0 CMakeFiles/FIRST_STM_LED.elf.dir/Drivers/STM32F1xx_HAL_Driver/Src/stm32f1xx_hal_cortex.c.obj
 .debug_ranges  0x00000000000002d8       0x48 CMakeFiles/FIRST_STM_LED.elf.dir/Drivers/STM32F1xx_HAL_Driver/Src/stm32f1xx_hal_gpio.c.obj
 .debug_ranges  0x0000000000000320       0xa0 CMakeFiles/FIRST_STM_LED.elf.dir/Drivers/STM32F1xx_HAL_Driver/Src/stm32f1xx_hal_rcc.c.obj
 .debug_ranges  0x00000000000003c0      0x1c0 CMakeFiles/FIRST_STM_LED.elf.dir/Drivers/STM32F1xx_HAL_Driver/Src/stm32f1xx_hal_spi.c.obj
 .debug_ranges  0x0000000000000580      0x3c0 CMakeFiles/FIRST_STM_LED.elf.dir/Drivers/STM32F1xx_HAL_Driver/Src/stm32f1xx_hal_tim.c.obj
 .debug_ranges  0x0000000000000940      0x158 CMakeFiles/FIRST_STM_LED.elf.dir/Drivers/STM32F1xx_HAL_Driver/Src/stm32f1xx_hal_tim_ex.c.obj
 .debug_ranges  0x0000000000000a98      0x1c0 CMakeFiles/FIRST_STM_LED.elf.dir/Drivers/STM32F1xx_HAL_Driver/Src/stm32f1xx_hal_uart.c.obj
 .debug_ranges  0x0000000000000c58      0x218 CMakeFiles/FIRST_STM_LED.elf.dir/Middlewares/Third_Party/FreeRTOS/Source/CMSIS_RTOS_V2/cmsis_os2.c.obj
 .debug_ranges  0x0000000000000e70       0x30 CMakeFiles/FIRST_STM_LED.elf.dir/Middlewares/Third_Party/FreeRTOS/Source/list.c.obj
 .debug_ranges  0x0000000000000ea0       0x68 CMakeFiles/FIRST_STM_LED.elf.dir/Middlewares/Third_Party/FreeRTOS/Source/portable/GCC/ARM_CM3/port.c.obj
 .debug_ranges  0x0000000000000f08       0x40 CMakeFiles/FIRST_STM_LED.elf.dir/Middlewares/Third_Party/FreeRTOS/Source/portable/MemMang/heap_4.c.obj
 .debug_ranges  0x0000000000000f48      0x218 CMakeFiles/FIRST_STM_LED.elf.dir/Middlewares/Third_Party/FreeRTOS/Source/queue.c.obj
 .debug_ranges  0x0000000000001160      0x320 CMakeFiles/FIRST_STM_LED.elf.dir/Middlewares/Third_Party/FreeRTOS/Source/tasks.c.obj
 .debug_ranges  0x0000000000001480       0xd0 CMakeFiles/FIRST_STM_LED.elf.dir/Middlewares/Third_Party/FreeRTOS/Source/timers.c.obj

.debug_line     0x0000000000000000    0x16ced
 .debug_line    0x0000000000000000      0x345 CMakeFiles/FIRST_STM_LED.elf.dir/Src/freertos.c.obj
 .debug_line    0x0000000000000345      0x1e4 CMakeFiles/FIRST_STM_LED.elf.dir/Src/gpio.c.obj
 .debug_line    0x0000000000000529      0x389 CMakeFiles/FIRST_STM_LED.elf.dir/Src/main.c.obj
 .debug_line    0x00000000000008b2      0x310 CMakeFiles/FIRST_STM_LED.elf.dir/Src/spi.c.obj
 .debug_line    0x0000000000000bc2      0x1a2 CMakeFiles/FIRST_STM_LED.elf.dir/Src/stm32f1xx_hal_msp.c.obj
 .debug_line    0x0000000000000d64      0x28a CMakeFiles/FIRST_STM_LED.elf.dir/Src/stm32f1xx_hal_timebase_tim.c.obj
 .debug_line    0x0000000000000fee      0x270 CMakeFiles/FIRST_STM_LED.elf.dir/Src/stm32f1xx_it.c.obj
 .debug_line    0x000000000000125e      0x20d CMakeFiles/FIRST_STM_LED.elf.dir/Src/system_stm32f1xx.c.obj
 .debug_line    0x000000000000146b      0x2f5 CMakeFiles/FIRST_STM_LED.elf.dir/Src/usart.c.obj
 .debug_line    0x0000000000001760      0x53e CMakeFiles/FIRST_STM_LED.elf.dir/Drivers/STM32F1xx_HAL_Driver/Src/stm32f1xx_hal.c.obj
 .debug_line    0x0000000000001c9e      0x627 CMakeFiles/FIRST_STM_LED.elf.dir/Drivers/STM32F1xx_HAL_Driver/Src/stm32f1xx_hal_cortex.c.obj
 .debug_line    0x00000000000022c5      0x5d1 CMakeFiles/FIRST_STM_LED.elf.dir/Drivers/STM32F1xx_HAL_Driver/Src/stm32f1xx_hal_gpio.c.obj
 .debug_line    0x0000000000002896      0xc1a CMakeFiles/FIRST_STM_LED.elf.dir/Drivers/STM32F1xx_HAL_Driver/Src/stm32f1xx_hal_rcc.c.obj
 .debug_line    0x00000000000034b0     0x2445 CMakeFiles/FIRST_STM_LED.elf.dir/Drivers/STM32F1xx_HAL_Driver/Src/stm32f1xx_hal_spi.c.obj
 .debug_line    0x00000000000058f5     0x4656 CMakeFiles/FIRST_STM_LED.elf.dir/Drivers/STM32F1xx_HAL_Driver/Src/stm32f1xx_hal_tim.c.obj
 .debug_line    0x0000000000009f4b     0x1c48 CMakeFiles/FIRST_STM_LED.elf.dir/Drivers/STM32F1xx_HAL_Driver/Src/stm32f1xx_hal_tim_ex.c.obj
 .debug_line    0x000000000000bb93     0x1ba6 CMakeFiles/FIRST_STM_LED.elf.dir/Drivers/STM32F1xx_HAL_Driver/Src/stm32f1xx_hal_uart.c.obj
 .debug_line    0x000000000000d739     0x2d1c CMakeFiles/FIRST_STM_LED.elf.dir/Middlewares/Third_Party/FreeRTOS/Source/CMSIS_RTOS_V2/cmsis_os2.c.obj
 .debug_line    0x0000000000010455      0x362 CMakeFiles/FIRST_STM_LED.elf.dir/Middlewares/Third_Party/FreeRTOS/Source/list.c.obj
 .debug_line    0x00000000000107b7      0x60e CMakeFiles/FIRST_STM_LED.elf.dir/Middlewares/Third_Party/FreeRTOS/Source/portable/GCC/ARM_CM3/port.c.obj
 .debug_line    0x0000000000010dc5      0x630 CMakeFiles/FIRST_STM_LED.elf.dir/Middlewares/Third_Party/FreeRTOS/Source/portable/MemMang/heap_4.c.obj
 .debug_line    0x00000000000113f5     0x1fd4 CMakeFiles/FIRST_STM_LED.elf.dir/Middlewares/Third_Party/FreeRTOS/Source/queue.c.obj
 .debug_line    0x00000000000133c9     0x2b7f CMakeFiles/FIRST_STM_LED.elf.dir/Middlewares/Third_Party/FreeRTOS/Source/tasks.c.obj
 .debug_line    0x0000000000015f48      0xda5 CMakeFiles/FIRST_STM_LED.elf.dir/Middlewares/Third_Party/FreeRTOS/Source/timers.c.obj

.debug_str      0x0000000000000000     0x6c5e
 .debug_str     0x0000000000000000      0xa3d CMakeFiles/FIRST_STM_LED.elf.dir/Src/freertos.c.obj
                                        0xadf (size before relaxing)
 .debug_str     0x0000000000000a3d       0xb5 CMakeFiles/FIRST_STM_LED.elf.dir/Src/gpio.c.obj
                                        0x260 (size before relaxing)
 .debug_str     0x0000000000000af2      0x4d5 CMakeFiles/FIRST_STM_LED.elf.dir/Src/main.c.obj
                                        0x860 (size before relaxing)
 .debug_str     0x0000000000000fc7      0x1ed CMakeFiles/FIRST_STM_LED.elf.dir/Src/spi.c.obj
                                        0x66e (size before relaxing)
 .debug_str     0x00000000000011b4      0x35e CMakeFiles/FIRST_STM_LED.elf.dir/Src/stm32f1xx_hal_msp.c.obj
                                        0x4ec (size before relaxing)
 .debug_str     0x0000000000001512      0x12b CMakeFiles/FIRST_STM_LED.elf.dir/Src/stm32f1xx_hal_timebase_tim.c.obj
                                        0xad3 (size before relaxing)
 .debug_str     0x000000000000163d       0xbd CMakeFiles/FIRST_STM_LED.elf.dir/Src/stm32f1xx_it.c.obj
                                        0x6c4 (size before relaxing)
 .debug_str     0x00000000000016fa       0x98 CMakeFiles/FIRST_STM_LED.elf.dir/Src/system_stm32f1xx.c.obj
                                        0x22b (size before relaxing)
 .debug_str     0x0000000000001792       0x6b CMakeFiles/FIRST_STM_LED.elf.dir/Src/usart.c.obj
                                        0x656 (size before relaxing)
 .debug_str     0x00000000000017fd      0x2d8 CMakeFiles/FIRST_STM_LED.elf.dir/Drivers/STM32F1xx_HAL_Driver/Src/stm32f1xx_hal.c.obj
                                        0x80c (size before relaxing)
 .debug_str     0x0000000000001ad5      0x3c8 CMakeFiles/FIRST_STM_LED.elf.dir/Drivers/STM32F1xx_HAL_Driver/Src/stm32f1xx_hal_cortex.c.obj
                                        0x8bb (size before relaxing)
 .debug_str     0x0000000000001e9d      0x126 CMakeFiles/FIRST_STM_LED.elf.dir/Drivers/STM32F1xx_HAL_Driver/Src/stm32f1xx_hal_gpio.c.obj
                                        0x3e8 (size before relaxing)
 .debug_str     0x0000000000001fc3      0x1dd CMakeFiles/FIRST_STM_LED.elf.dir/Drivers/STM32F1xx_HAL_Driver/Src/stm32f1xx_hal_rcc.c.obj
                                        0x613 (size before relaxing)
 .debug_str     0x00000000000021a0      0x577 CMakeFiles/FIRST_STM_LED.elf.dir/Drivers/STM32F1xx_HAL_Driver/Src/stm32f1xx_hal_spi.c.obj
                                        0xb48 (size before relaxing)
 .debug_str     0x0000000000002717      0xecb CMakeFiles/FIRST_STM_LED.elf.dir/Drivers/STM32F1xx_HAL_Driver/Src/stm32f1xx_hal_tim.c.obj
                                       0x1620 (size before relaxing)
 .debug_str     0x00000000000035e2      0x5dc CMakeFiles/FIRST_STM_LED.elf.dir/Drivers/STM32F1xx_HAL_Driver/Src/stm32f1xx_hal_tim_ex.c.obj
                                        0xe4a (size before relaxing)
 .debug_str     0x0000000000003bbe      0x523 CMakeFiles/FIRST_STM_LED.elf.dir/Drivers/STM32F1xx_HAL_Driver/Src/stm32f1xx_hal_uart.c.obj
                                        0xb8a (size before relaxing)
 .debug_str     0x00000000000040e1     0x121b CMakeFiles/FIRST_STM_LED.elf.dir/Middlewares/Third_Party/FreeRTOS/Source/CMSIS_RTOS_V2/cmsis_os2.c.obj
                                       0x18d3 (size before relaxing)
 .debug_str     0x00000000000052fc      0x158 CMakeFiles/FIRST_STM_LED.elf.dir/Middlewares/Third_Party/FreeRTOS/Source/list.c.obj
                                        0x2dd (size before relaxing)
 .debug_str     0x0000000000005454      0x25f CMakeFiles/FIRST_STM_LED.elf.dir/Middlewares/Third_Party/FreeRTOS/Source/portable/GCC/ARM_CM3/port.c.obj
                                        0x449 (size before relaxing)
 .debug_str     0x00000000000056b3      0x207 CMakeFiles/FIRST_STM_LED.elf.dir/Middlewares/Third_Party/FreeRTOS/Source/portable/MemMang/heap_4.c.obj
                                        0x3c6 (size before relaxing)
 .debug_str     0x00000000000058ba      0x5fa CMakeFiles/FIRST_STM_LED.elf.dir/Middlewares/Third_Party/FreeRTOS/Source/queue.c.obj
                                        0xc5b (size before relaxing)
 .debug_str     0x0000000000005eb4      0x8ad CMakeFiles/FIRST_STM_LED.elf.dir/Middlewares/Third_Party/FreeRTOS/Source/tasks.c.obj
                                       0x1257 (size before relaxing)
 .debug_str     0x0000000000006761      0x4fd CMakeFiles/FIRST_STM_LED.elf.dir/Middlewares/Third_Party/FreeRTOS/Source/timers.c.obj
                                        0xbce (size before relaxing)

.comment        0x0000000000000000       0x1e
 .comment       0x0000000000000000       0x1e CMakeFiles/FIRST_STM_LED.elf.dir/Src/freertos.c.obj
                                         0x1f (size before relaxing)
 .comment       0x000000000000001e       0x1f CMakeFiles/FIRST_STM_LED.elf.dir/Src/gpio.c.obj
 .comment       0x000000000000001e       0x1f CMakeFiles/FIRST_STM_LED.elf.dir/Src/main.c.obj
 .comment       0x000000000000001e       0x1f CMakeFiles/FIRST_STM_LED.elf.dir/Src/spi.c.obj
 .comment       0x000000000000001e       0x1f CMakeFiles/FIRST_STM_LED.elf.dir/Src/stm32f1xx_hal_msp.c.obj
 .comment       0x000000000000001e       0x1f CMakeFiles/FIRST_STM_LED.elf.dir/Src/stm32f1xx_hal_timebase_tim.c.obj
 .comment       0x000000000000001e       0x1f CMakeFiles/FIRST_STM_LED.elf.dir/Src/stm32f1xx_it.c.obj
 .comment       0x000000000000001e       0x1f CMakeFiles/FIRST_STM_LED.elf.dir/Src/system_stm32f1xx.c.obj
 .comment       0x000000000000001e       0x1f CMakeFiles/FIRST_STM_LED.elf.dir/Src/usart.c.obj
 .comment       0x000000000000001e       0x1f CMakeFiles/FIRST_STM_LED.elf.dir/Drivers/STM32F1xx_HAL_Driver/Src/stm32f1xx_hal.c.obj
 .comment       0x000000000000001e       0x1f CMakeFiles/FIRST_STM_LED.elf.dir/Drivers/STM32F1xx_HAL_Driver/Src/stm32f1xx_hal_cortex.c.obj
 .comment       0x000000000000001e       0x1f CMakeFiles/FIRST_STM_LED.elf.dir/Drivers/STM32F1xx_HAL_Driver/Src/stm32f1xx_hal_gpio.c.obj
 .comment       0x000000000000001e       0x1f CMakeFiles/FIRST_STM_LED.elf.dir/Drivers/STM32F1xx_HAL_Driver/Src/stm32f1xx_hal_rcc.c.obj
 .comment       0x000000000000001e       0x1f CMakeFiles/FIRST_STM_LED.elf.dir/Drivers/STM32F1xx_HAL_Driver/Src/stm32f1xx_hal_spi.c.obj
 .comment       0x000000000000001e       0x1f CMakeFiles/FIRST_STM_LED.elf.dir/Drivers/STM32F1xx_HAL_Driver/Src/stm32f1xx_hal_tim.c.obj
 .comment       0x000000000000001e       0x1f CMakeFiles/FIRST_STM_LED.elf.dir/Drivers/STM32F1xx_HAL_Driver/Src/stm32f1xx_hal_tim_ex.c.obj
 .comment       0x000000000000001e       0x1f CMakeFiles/FIRST_STM_LED.elf.dir/Drivers/STM32F1xx_HAL_Driver/Src/stm32f1xx_hal_uart.c.obj
 .comment       0x000000000000001e       0x1f CMakeFiles/FIRST_STM_LED.elf.dir/Middlewares/Third_Party/FreeRTOS/Source/CMSIS_RTOS_V2/cmsis_os2.c.obj
 .comment       0x000000000000001e       0x1f CMakeFiles/FIRST_STM_LED.elf.dir/Middlewares/Third_Party/FreeRTOS/Source/list.c.obj
 .comment       0x000000000000001e       0x1f CMakeFiles/FIRST_STM_LED.elf.dir/Middlewares/Third_Party/FreeRTOS/Source/portable/GCC/ARM_CM3/port.c.obj
 .comment       0x000000000000001e       0x1f CMakeFiles/FIRST_STM_LED.elf.dir/Middlewares/Third_Party/FreeRTOS/Source/portable/MemMang/heap_4.c.obj
 .comment       0x000000000000001e       0x1f CMakeFiles/FIRST_STM_LED.elf.dir/Middlewares/Third_Party/FreeRTOS/Source/queue.c.obj
 .comment       0x000000000000001e       0x1f CMakeFiles/FIRST_STM_LED.elf.dir/Middlewares/Third_Party/FreeRTOS/Source/tasks.c.obj
 .comment       0x000000000000001e       0x1f CMakeFiles/FIRST_STM_LED.elf.dir/Middlewares/Third_Party/FreeRTOS/Source/timers.c.obj

.debug_frame    0x0000000000000000     0x3b2c
 .debug_frame   0x0000000000000000       0x70 CMakeFiles/FIRST_STM_LED.elf.dir/Src/freertos.c.obj
 .debug_frame   0x0000000000000070       0x34 CMakeFiles/FIRST_STM_LED.elf.dir/Src/gpio.c.obj
 .debug_frame   0x00000000000000a4       0x70 CMakeFiles/FIRST_STM_LED.elf.dir/Src/main.c.obj
 .debug_frame   0x0000000000000114       0x60 CMakeFiles/FIRST_STM_LED.elf.dir/Src/spi.c.obj
 .debug_frame   0x0000000000000174       0x2c CMakeFiles/FIRST_STM_LED.elf.dir/Src/stm32f1xx_hal_msp.c.obj
 .debug_frame   0x00000000000001a0       0x50 CMakeFiles/FIRST_STM_LED.elf.dir/Src/stm32f1xx_hal_timebase_tim.c.obj
 .debug_frame   0x00000000000001f0       0x88 CMakeFiles/FIRST_STM_LED.elf.dir/Src/stm32f1xx_it.c.obj
 .debug_frame   0x0000000000000278       0x30 CMakeFiles/FIRST_STM_LED.elf.dir/Src/system_stm32f1xx.c.obj
 .debug_frame   0x00000000000002a8       0x60 CMakeFiles/FIRST_STM_LED.elf.dir/Src/usart.c.obj
 .debug_frame   0x0000000000000308      0x1cc CMakeFiles/FIRST_STM_LED.elf.dir/Drivers/STM32F1xx_HAL_Driver/Src/stm32f1xx_hal.c.obj
 .debug_frame   0x00000000000004d4      0x118 CMakeFiles/FIRST_STM_LED.elf.dir/Drivers/STM32F1xx_HAL_Driver/Src/stm32f1xx_hal_cortex.c.obj
 .debug_frame   0x00000000000005ec       0xe4 CMakeFiles/FIRST_STM_LED.elf.dir/Drivers/STM32F1xx_HAL_Driver/Src/stm32f1xx_hal_gpio.c.obj
 .debug_frame   0x00000000000006d0      0x190 CMakeFiles/FIRST_STM_LED.elf.dir/Drivers/STM32F1xx_HAL_Driver/Src/stm32f1xx_hal_rcc.c.obj
 .debug_frame   0x0000000000000860      0x5a4 CMakeFiles/FIRST_STM_LED.elf.dir/Drivers/STM32F1xx_HAL_Driver/Src/stm32f1xx_hal_spi.c.obj
 .debug_frame   0x0000000000000e04      0xb14 CMakeFiles/FIRST_STM_LED.elf.dir/Drivers/STM32F1xx_HAL_Driver/Src/stm32f1xx_hal_tim.c.obj
 .debug_frame   0x0000000000001918      0x40c CMakeFiles/FIRST_STM_LED.elf.dir/Drivers/STM32F1xx_HAL_Driver/Src/stm32f1xx_hal_tim_ex.c.obj
 .debug_frame   0x0000000000001d24      0x4e8 CMakeFiles/FIRST_STM_LED.elf.dir/Drivers/STM32F1xx_HAL_Driver/Src/stm32f1xx_hal_uart.c.obj