Archive member included to satisfy reference by file (symbol)

/usr/lib/gcc/arm-none-eabi/10.2.0/../../../../arm-none-eabi/lib/thumb/v7-m/nofp/libg.a(lib_a-atexit.o)
                              /usr/lib/gcc/arm-none-eabi/10.2.0/../../../../arm-none-eabi/lib/thumb/v7-m/nofp/crt0.o (atexit)
/usr/lib/gcc/arm-none-eabi/10.2.0/../../../../arm-none-eabi/lib/thumb/v7-m/nofp/libg.a(lib_a-exit.o)
                              /usr/lib/gcc/arm-none-eabi/10.2.0/../../../../arm-none-eabi/lib/thumb/v7-m/nofp/crt0.o (exit)
/usr/lib/gcc/arm-none-eabi/10.2.0/../../../../arm-none-eabi/lib/thumb/v7-m/nofp/libg.a(lib_a-fini.o)
                              /usr/lib/gcc/arm-none-eabi/10.2.0/../../../../arm-none-eabi/lib/thumb/v7-m/nofp/crt0.o (__libc_fini_array)
/usr/lib/gcc/arm-none-eabi/10.2.0/../../../../arm-none-eabi/lib/thumb/v7-m/nofp/libg.a(lib_a-impure.o)
                              /usr/lib/gcc/arm-none-eabi/10.2.0/../../../../arm-none-eabi/lib/thumb/v7-m/nofp/libg.a(lib_a-exit.o) (_global_impure_ptr)
/usr/lib/gcc/arm-none-eabi/10.2.0/../../../../arm-none-eabi/lib/thumb/v7-m/nofp/libg.a(lib_a-init.o)
                              /usr/lib/gcc/arm-none-eabi/10.2.0/../../../../arm-none-eabi/lib/thumb/v7-m/nofp/crt0.o (__libc_init_array)
/usr/lib/gcc/arm-none-eabi/10.2.0/../../../../arm-none-eabi/lib/thumb/v7-m/nofp/libg.a(lib_a-memcpy.o)
                              CMakeFiles/FIRST_STM_LED.elf.dir/Middlewares/Third_Party/FreeRTOS/Source/CMSIS_RTOS_V2/cmsis_os2.c.obj (memcpy)
/usr/lib/gcc/arm-none-eabi/10.2.0/../../../../arm-none-eabi/lib/thumb/v7-m/nofp/libg.a(lib_a-memset.o)
                              /usr/lib/gcc/arm-none-eabi/10.2.0/../../../../arm-none-eabi/lib/thumb/v7-m/nofp/crt0.o (memset)
/usr/lib/gcc/arm-none-eabi/10.2.0/../../../../arm-none-eabi/lib/thumb/v7-m/nofp/libg.a(lib_a-__atexit.o)
                              /usr/lib/gcc/arm-none-eabi/10.2.0/../../../../arm-none-eabi/lib/thumb/v7-m/nofp/libg.a(lib_a-atexit.o) (__register_exitproc)
/usr/lib/gcc/arm-none-eabi/10.2.0/../../../../arm-none-eabi/lib/thumb/v7-m/nofp/libg.a(lib_a-__call_atexit.o)
                              /usr/lib/gcc/arm-none-eabi/10.2.0/../../../../arm-none-eabi/lib/thumb/v7-m/nofp/libg.a(lib_a-exit.o) (__call_exitprocs)
/usr/lib/gcc/arm-none-eabi/10.2.0/../../../../arm-none-eabi/lib/thumb/v7-m/nofp/libg.a(lib_a-lock.o)
                              /usr/lib/gcc/arm-none-eabi/10.2.0/../../../../arm-none-eabi/lib/thumb/v7-m/nofp/libg.a(lib_a-__atexit.o) (__retarget_lock_acquire_recursive)

Allocating common symbols
Common symbol       size              file

__lock___atexit_recursive_mutex
                    0x1               /usr/lib/gcc/arm-none-eabi/10.2.0/../../../../arm-none-eabi/lib/thumb/v7-m/nofp/libg.a(lib_a-lock.o)
__lock___arc4random_mutex
                    0x1               /usr/lib/gcc/arm-none-eabi/10.2.0/../../../../arm-none-eabi/lib/thumb/v7-m/nofp/libg.a(lib_a-lock.o)
__lock___env_recursive_mutex
                    0x1               /usr/lib/gcc/arm-none-eabi/10.2.0/../../../../arm-none-eabi/lib/thumb/v7-m/nofp/libg.a(lib_a-lock.o)
__lock___sinit_recursive_mutex
                    0x1               /usr/lib/gcc/arm-none-eabi/10.2.0/../../../../arm-none-eabi/lib/thumb/v7-m/nofp/libg.a(lib_a-lock.o)
__lock___malloc_recursive_mutex
                    0x1               /usr/lib/gcc/arm-none-eabi/10.2.0/../../../../arm-none-eabi/lib/thumb/v7-m/nofp/libg.a(lib_a-lock.o)
__lock___at_quick_exit_mutex
                    0x1               /usr/lib/gcc/arm-none-eabi/10.2.0/../../../../arm-none-eabi/lib/thumb/v7-m/nofp/libg.a(lib_a-lock.o)
__lock___dd_hash_mutex
                    0x1               /usr/lib/gcc/arm-none-eabi/10.2.0/../../../../arm-none-eabi/lib/thumb/v7-m/nofp/libg.a(lib_a-lock.o)
__lock___tz_mutex   0x1               /usr/lib/gcc/arm-none-eabi/10.2.0/../../../../arm-none-eabi/lib/thumb/v7-m/nofp/libg.a(lib_a-lock.o)
__lock___sfp_recursive_mutex
                    0x1               /usr/lib/gcc/arm-none-eabi/10.2.0/../../../../arm-none-eabi/lib/thumb/v7-m/nofp/libg.a(lib_a-lock.o)

Discarded input sections

 .text          0x0000000000000000        0x0 /usr/lib/gcc/arm-none-eabi/10.2.0/thumb/v7-m/nofp/crti.o
 .data          0x0000000000000000        0x0 /usr/lib/gcc/arm-none-eabi/10.2.0/thumb/v7-m/nofp/crti.o
 .bss           0x0000000000000000        0x0 /usr/lib/gcc/arm-none-eabi/10.2.0/thumb/v7-m/nofp/crti.o
 .text          0x0000000000000000        0x0 /usr/lib/gcc/arm-none-eabi/10.2.0/thumb/v7-m/nofp/crtbegin.o
 .data          0x0000000000000000        0x0 /usr/lib/gcc/arm-none-eabi/10.2.0/thumb/v7-m/nofp/crtbegin.o
 .bss           0x0000000000000000        0x0 /usr/lib/gcc/arm-none-eabi/10.2.0/thumb/v7-m/nofp/crtbegin.o
 .data.__dso_handle
                0x0000000000000000        0x4 /usr/lib/gcc/arm-none-eabi/10.2.0/thumb/v7-m/nofp/crtbegin.o
 .text          0x0000000000000000       0x70 /usr/lib/gcc/arm-none-eabi/10.2.0/../../../../arm-none-eabi/lib/thumb/v7-m/nofp/crt0.o
[...]
Memory Configuration

Name             Origin             Length             Attributes
RAM              0x0000000020000000 0x0000000000005000 xrw
FLASH            0x0000000008000000 0x0000000000010000 xr
*default*        0x0000000000000000 0xffffffffffffffff

Linker script and memory map

LOAD /usr/lib/gcc/arm-none-eabi/10.2.0/thumb/v7-m/nofp/crti.o
LOAD /usr/lib/gcc/arm-none-eabi/10.2.0/thumb/v7-m/nofp/crtbegin.o
LOAD /usr/lib/gcc/arm-none-eabi/10.2.0/../../../../arm-none-eabi/lib/thumb/v7-m/nofp/crt0.o
LOAD CMakeFiles/FIRST_STM_LED.elf.dir/Drivers/CMSIS/Device/ST/STM32F1xx/Source/Templates/gcc/startup_stm32f103xb.s.obj
LOAD CMakeFiles/FIRST_STM_LED.elf.dir/Src/freertos.c.obj
LOAD CMakeFiles/FIRST_STM_LED.elf.dir/Src/gpio.c.obj
LOAD CMakeFiles/FIRST_STM_LED.elf.dir/Src/i2c.c.obj
LOAD CMakeFiles/FIRST_STM_LED.elf.dir/Src/main.c.obj
LOAD CMakeFiles/FIRST_STM_LED.elf.dir/Src/stm32f1xx_hal_msp.c.obj
LOAD CMakeFiles/FIRST_STM_LED.elf.dir/Src/stm32f1xx_hal_timebase_tim.c.obj
LOAD CMakeFiles/FIRST_STM_LED.elf.dir/Src/stm32f1xx_it.c.obj
LOAD CMakeFiles/FIRST_STM_LED.elf.dir/Src/system_stm32f1xx.c.obj
LOAD CMakeFiles/FIRST_STM_LED.elf.dir/Drivers/STM32F1xx_HAL_Driver/Src/stm32f1xx_hal.c.obj
LOAD CMakeFiles/FIRST_STM_LED.elf.dir/Drivers/STM32F1xx_HAL_Driver/Src/stm32f1xx_hal_adc.c.obj
LOAD CMakeFiles/FIRST_STM_LED.elf.dir/Drivers/STM32F1xx_HAL_Driver/Src/stm32f1xx_hal_adc_ex.c.obj
LOAD CMakeFiles/FIRST_STM_LED.elf.dir/Drivers/STM32F1xx_HAL_Driver/Src/stm32f1xx_hal_can.c.obj
LOAD CMakeFiles/FIRST_STM_LED.elf.dir/Drivers/STM32F1xx_HAL_Driver/Src/stm32f1xx_hal_cec.c.obj
LOAD CMakeFiles/FIRST_STM_LED.elf.dir/Drivers/STM32F1xx_HAL_Driver/Src/stm32f1xx_hal_cortex.c.obj
LOAD CMakeFiles/FIRST_STM_LED.elf.dir/Drivers/STM32F1xx_HAL_Driver/Src/stm32f1xx_hal_crc.c.obj
LOAD CMakeFiles/FIRST_STM_LED.elf.dir/Drivers/STM32F1xx_HAL_Driver/Src/stm32f1xx_hal_dac.c.obj
LOAD CMakeFiles/FIRST_STM_LED.elf.dir/Drivers/STM32F1xx_HAL_Driver/Src/stm32f1xx_hal_dac_ex.c.obj
LOAD CMakeFiles/FIRST_STM_LED.elf.dir/Drivers/STM32F1xx_HAL_Driver/Src/stm32f1xx_hal_dma.c.obj
LOAD CMakeFiles/FIRST_STM_LED.elf.dir/Drivers/STM32F1xx_HAL_Driver/Src/stm32f1xx_hal_eth.c.obj
LOAD CMakeFiles/FIRST_STM_LED.elf.dir/Drivers/STM32F1xx_HAL_Driver/Src/stm32f1xx_hal_exti.c.obj
LOAD CMakeFiles/FIRST_STM_LED.elf.dir/Drivers/STM32F1xx_HAL_Driver/Src/stm32f1xx_hal_flash.c.obj
LOAD CMakeFiles/FIRST_STM_LED.elf.dir/Drivers/STM32F1xx_HAL_Driver/Src/stm32f1xx_hal_flash_ex.c.obj
LOAD CMakeFiles/FIRST_STM_LED.elf.dir/Drivers/STM32F1xx_HAL_Driver/Src/stm32f1xx_hal_gpio.c.obj
LOAD CMakeFiles/FIRST_STM_LED.elf.dir/Drivers/STM32F1xx_HAL_Driver/Src/stm32f1xx_hal_gpio_ex.c.obj
LOAD CMakeFiles/FIRST_STM_LED.elf.dir/Drivers/STM32F1xx_HAL_Driver/Src/stm32f1xx_hal_hcd.c.obj
LOAD CMakeFiles/FIRST_STM_LED.elf.dir/Drivers/STM32F1xx_HAL_Driver/Src/stm32f1xx_hal_i2c.c.obj
LOAD CMakeFiles/FIRST_STM_LED.elf.dir/Drivers/STM32F1xx_HAL_Driver/Src/stm32f1xx_hal_i2s.c.obj
LOAD CMakeFiles/FIRST_STM_LED.elf.dir/Drivers/STM32F1xx_HAL_Driver/Src/stm32f1xx_hal_irda.c.obj
LOAD CMakeFiles/FIRST_STM_LED.elf.dir/Drivers/STM32F1xx_HAL_Driver/Src/stm32f1xx_hal_iwdg.c.obj
LOAD CMakeFiles/FIRST_STM_LED.elf.dir/Drivers/STM32F1xx_HAL_Driver/Src/stm32f1xx_hal_mmc.c.obj
LOAD CMakeFiles/FIRST_STM_LED.elf.dir/Drivers/STM32F1xx_HAL_Driver/Src/stm32f1xx_hal_nand.c.obj
LOAD CMakeFiles/FIRST_STM_LED.elf.dir/Drivers/STM32F1xx_HAL_Driver/Src/stm32f1xx_hal_nor.c.obj
LOAD CMakeFiles/FIRST_STM_LED.elf.dir/Drivers/STM32F1xx_HAL_Driver/Src/stm32f1xx_hal_pccard.c.obj
LOAD CMakeFiles/FIRST_STM_LED.elf.dir/Drivers/STM32F1xx_HAL_Driver/Src/stm32f1xx_hal_pcd.c.obj
LOAD CMakeFiles/FIRST_STM_LED.elf.dir/Drivers/STM32F1xx_HAL_Driver/Src/stm32f1xx_hal_pcd_ex.c.obj
LOAD CMakeFiles/FIRST_STM_LED.elf.dir/Drivers/STM32F1xx_HAL_Driver/Src/stm32f1xx_hal_pwr.c.obj
LOAD CMakeFiles/FIRST_STM_LED.elf.dir/Drivers/STM32F1xx_HAL_Driver/Src/stm32f1xx_hal_rcc.c.obj
LOAD CMakeFiles/FIRST_STM_LED.elf.dir/Drivers/STM32F1xx_HAL_Driver/Src/stm32f1xx_hal_rcc_ex.c.obj
LOAD CMakeFiles/FIRST_STM_LED.elf.dir/Drivers/STM32F1xx_HAL_Driver/Src/stm32f1xx_hal_rtc.c.obj
LOAD CMakeFiles/FIRST_STM_LED.elf.dir/Drivers/STM32F1xx_HAL_Driver/Src/stm32f1xx_hal_rtc_ex.c.obj
LOAD CMakeFiles/FIRST_STM_LED.elf.dir/Drivers/STM32F1xx_HAL_Driver/Src/stm32f1xx_hal_sd.c.obj
LOAD CMakeFiles/FIRST_STM_LED.elf.dir/Drivers/STM32F1xx_HAL_Driver/Src/stm32f1xx_hal_smartcard.c.obj
LOAD CMakeFiles/FIRST_STM_LED.elf.dir/Drivers/STM32F1xx_HAL_Driver/Src/stm32f1xx_hal_spi.c.obj
LOAD CMakeFiles/FIRST_STM_LED.elf.dir/Drivers/STM32F1xx_HAL_Driver/Src/stm32f1xx_hal_sram.c.obj
LOAD CMakeFiles/FIRST_STM_LED.elf.dir/Drivers/STM32F1xx_HAL_Driver/Src/stm32f1xx_hal_tim.c.obj
LOAD CMakeFiles/FIRST_STM_LED.elf.dir/Drivers/STM32F1xx_HAL_Driver/Src/stm32f1xx_hal_tim_ex.c.obj
LOAD CMakeFiles/FIRST_STM_LED.elf.dir/Drivers/STM32F1xx_HAL_Driver/Src/stm32f1xx_hal_uart.c.obj
LOAD CMakeFiles/FIRST_STM_LED.elf.dir/Drivers/STM32F1xx_HAL_Driver/Src/stm32f1xx_hal_usart.c.obj
LOAD CMakeFiles/FIRST_STM_LED.elf.dir/Drivers/STM32F1xx_HAL_Driver/Src/stm32f1xx_hal_wwdg.c.obj
LOAD CMakeFiles/FIRST_STM_LED.elf.dir/Drivers/STM32F1xx_HAL_Driver/Src/stm32f1xx_ll_adc.c.obj
LOAD CMakeFiles/FIRST_STM_LED.elf.dir/Drivers/STM32F1xx_HAL_Driver/Src/stm32f1xx_ll_crc.c.obj
LOAD CMakeFiles/FIRST_STM_LED.elf.dir/Drivers/STM32F1xx_HAL_Driver/Src/stm32f1xx_ll_dac.c.obj
LOAD CMakeFiles/FIRST_STM_LED.elf.dir/Drivers/STM32F1xx_HAL_Driver/Src/stm32f1xx_ll_dma.c.obj
LOAD CMakeFiles/FIRST_STM_LED.elf.dir/Drivers/STM32F1xx_HAL_Driver/Src/stm32f1xx_ll_exti.c.obj
LOAD CMakeFiles/FIRST_STM_LED.elf.dir/Drivers/STM32F1xx_HAL_Driver/Src/stm32f1xx_ll_fsmc.c.obj
LOAD CMakeFiles/FIRST_STM_LED.elf.dir/Drivers/STM32F1xx_HAL_Driver/Src/stm32f1xx_ll_gpio.c.obj
LOAD CMakeFiles/FIRST_STM_LED.elf.dir/Drivers/STM32F1xx_HAL_Driver/Src/stm32f1xx_ll_i2c.c.obj
LOAD CMakeFiles/FIRST_STM_LED.elf.dir/Drivers/STM32F1xx_HAL_Driver/Src/stm32f1xx_ll_pwr.c.obj
LOAD CMakeFiles/FIRST_STM_LED.elf.dir/Drivers/STM32F1xx_HAL_Driver/Src/stm32f1xx_ll_rcc.c.obj
LOAD CMakeFiles/FIRST_STM_LED.elf.dir/Drivers/STM32F1xx_HAL_Driver/Src/stm32f1xx_ll_rtc.c.obj
LOAD CMakeFiles/FIRST_STM_LED.elf.dir/Drivers/STM32F1xx_HAL_Driver/Src/stm32f1xx_ll_sdmmc.c.obj
LOAD CMakeFiles/FIRST_STM_LED.elf.dir/Drivers/STM32F1xx_HAL_Driver/Src/stm32f1xx_ll_spi.c.obj
LOAD CMakeFiles/FIRST_STM_LED.elf.dir/Drivers/STM32F1xx_HAL_Driver/Src/stm32f1xx_ll_tim.c.obj
LOAD CMakeFiles/FIRST_STM_LED.elf.dir/Drivers/STM32F1xx_HAL_Driver/Src/stm32f1xx_ll_usart.c.obj
LOAD CMakeFiles/FIRST_STM_LED.elf.dir/Drivers/STM32F1xx_HAL_Driver/Src/stm32f1xx_ll_usb.c.obj
LOAD CMakeFiles/FIRST_STM_LED.elf.dir/Drivers/STM32F1xx_HAL_Driver/Src/stm32f1xx_ll_utils.c.obj
LOAD CMakeFiles/FIRST_STM_LED.elf.dir/Middlewares/Third_Party/FreeRTOS/Source/CMSIS_RTOS_V2/cmsis_os1.c.obj
LOAD CMakeFiles/FIRST_STM_LED.elf.dir/Middlewares/Third_Party/FreeRTOS/Source/CMSIS_RTOS_V2/cmsis_os2.c.obj
LOAD CMakeFiles/FIRST_STM_LED.elf.dir/Middlewares/Third_Party/FreeRTOS/Source/croutine.c.obj
LOAD CMakeFiles/FIRST_STM_LED.elf.dir/Middlewares/Third_Party/FreeRTOS/Source/event_groups.c.obj
LOAD CMakeFiles/FIRST_STM_LED.elf.dir/Middlewares/Third_Party/FreeRTOS/Source/list.c.obj
LOAD CMakeFiles/FIRST_STM_LED.elf.dir/Middlewares/Third_Party/FreeRTOS/Source/portable/GCC/ARM_CM3/port.c.obj
LOAD CMakeFiles/FIRST_STM_LED.elf.dir/Middlewares/Third_Party/FreeRTOS/Source/portable/MemMang/heap_4.c.obj
LOAD CMakeFiles/FIRST_STM_LED.elf.dir/Middlewares/Third_Party/FreeRTOS/Source/queue.c.obj
LOAD CMakeFiles/FIRST_STM_LED.elf.dir/Middlewares/Third_Party/FreeRTOS/Source/stream_buffer.c.obj
LOAD CMakeFiles/FIRST_STM_LED.elf.dir/Middlewares/Third_Party/FreeRTOS/Source/tasks.c.obj
LOAD CMakeFiles/FIRST_STM_LED.elf.dir/Middlewares/Third_Party/FreeRTOS/Source/timers.c.obj
START GROUP
LOAD /usr/lib/gcc/arm-none-eabi/10.2.0/thumb/v7-m/nofp/libgcc.a
LOAD /usr/lib/gcc/arm-none-eabi/10.2.0/../../../../arm-none-eabi/lib/thumb/v7-m/nofp/libg.a
LOAD /usr/lib/gcc/arm-none-eabi/10.2.0/../../../../arm-none-eabi/lib/thumb/v7-m/nofp/libc.a
END GROUP
LOAD /usr/lib/gcc/arm-none-eabi/10.2.0/thumb/v7-m/nofp/crtend.o
LOAD /usr/lib/gcc/arm-none-eabi/10.2.0/thumb/v7-m/nofp/crtn.o
                0x0000000020005000                _estack = 0x20005000
                0x0000000000000200                _Min_Heap_Size = 0x200
                0x0000000000000400                _Min_Stack_Size = 0x400

.isr_vector     0x0000000008000000      0x10c
                0x0000000008000000                . = ALIGN (0x4)
 *(.isr_vector)
 .isr_vector    0x0000000008000000      0x10c CMakeFiles/FIRST_STM_LED.elf.dir/Drivers/CMSIS/Device/ST/STM32F1xx/Source/Templates/gcc/startup_stm32f103xb.s.obj
                0x0000000008000000                g_pfnVectors
                0x000000000800010c                . = ALIGN (0x4)

.text           0x0000000008000110     0x3100
                0x0000000008000110                . = ALIGN (0x4)
 *(.text)
 .text          0x0000000008000110       0xec /usr/lib/gcc/arm-none-eabi/10.2.0/../../../../arm-none-eabi/lib/thumb/v7-m/nofp/libg.a(lib_a-memcpy.o)
                0x0000000008000110                memcpy
 *(.text*)
 .text.__do_global_dtors_aux
                0x00000000080001fc       0x24 /usr/lib/gcc/arm-none-eabi/10.2.0/thumb/v7-m/nofp/crtbegin.o
 .text.frame_dummy
                0x0000000008000220       0x1c /usr/lib/gcc/arm-none-eabi/10.2.0/thumb/v7-m/nofp/crtbegin.o
 .text.Reset_Handler
                0x000000000800023c       0x48 CMakeFiles/FIRST_STM_LED.elf.dir/Drivers/CMSIS/Device/ST/STM32F1xx/Source/Templates/gcc/startup_stm32f103xb.s.obj
                0x000000000800023c                Reset_Handler
 .text.Default_Handler
                0x0000000008000284        0x2 CMakeFiles/FIRST_STM_LED.elf.dir/Drivers/CMSIS/Device/ST/STM32F1xx/Source/Templates/gcc/startup_stm32f103xb.s.obj
                0x0000000008000284                RTC_Alarm_IRQHandler
                0x0000000008000284                EXTI2_IRQHandler
                0x0000000008000284                TIM1_CC_IRQHandler
                0x0000000008000284                PVD_IRQHandler
                0x0000000008000284                EXTI3_IRQHandler
                0x0000000008000284                EXTI0_IRQHandler
                0x0000000008000284                I2C2_EV_IRQHandler
                0x0000000008000284                ADC1_2_IRQHandler
                0x0000000008000284                SPI1_IRQHandler
                0x0000000008000284                TAMPER_IRQHandler
                0x0000000008000284                DMA1_Channel4_IRQHandler
                0x0000000008000284                USART3_IRQHandler
                0x0000000008000284                RTC_IRQHandler
                0x0000000008000284                DMA1_Channel7_IRQHandler
                0x0000000008000284                CAN1_RX1_IRQHandler
                0x0000000008000284                TIM4_IRQHandler
                0x0000000008000284                I2C1_EV_IRQHandler
                0x0000000008000284                DMA1_Channel6_IRQHandler
                0x0000000008000284                TIM3_IRQHandler
                0x0000000008000284                RCC_IRQHandler
                0x0000000008000284                TIM1_TRG_COM_IRQHandler
                0x0000000008000284                DMA1_Channel1_IRQHandler
                0x0000000008000284                Default_Handler
                0x0000000008000284                EXTI15_10_IRQHandler
                0x0000000008000284                EXTI9_5_IRQHandler
                0x0000000008000284                SPI2_IRQHandler
                0x0000000008000284                DMA1_Channel5_IRQHandler
                0x0000000008000284                EXTI4_IRQHandler
                0x0000000008000284                USB_LP_CAN1_RX0_IRQHandler
                0x0000000008000284                USB_HP_CAN1_TX_IRQHandler
                0x0000000008000284                DMA1_Channel3_IRQHandler
                0x0000000008000284                TIM1_UP_IRQHandler
                0x0000000008000284                WWDG_IRQHandler
                0x0000000008000284                TIM1_BRK_IRQHandler
                0x0000000008000284                EXTI1_IRQHandler
                0x0000000008000284                USART2_IRQHandler
                0x0000000008000284                I2C2_ER_IRQHandler
                0x0000000008000284                DMA1_Channel2_IRQHandler
                0x0000000008000284                CAN1_SCE_IRQHandler
                0x0000000008000284                FLASH_IRQHandler
                0x0000000008000284                USART1_IRQHandler
                0x0000000008000284                I2C1_ER_IRQHandler
                0x0000000008000284                USBWakeUp_IRQHandler
 .text.StartDefaultTask
                0x0000000008000286       0x12 CMakeFiles/FIRST_STM_LED.elf.dir/Src/freertos.c.obj
                0x0000000008000286                StartDefaultTask
 .text.StartTask03
                0x0000000008000298        0xa CMakeFiles/FIRST_STM_LED.elf.dir/Src/freertos.c.obj
                0x0000000008000298                StartTask03
 *fill*         0x00000000080002a2        0x2 
 .text.StartTask02
                0x00000000080002a4       0x2c CMakeFiles/FIRST_STM_LED.elf.dir/Src/freertos.c.obj
                0x00000000080002a4                StartTask02
 .text.MX_FREERTOS_Init
                0x00000000080002d0       0x54 CMakeFiles/FIRST_STM_LED.elf.dir/Src/freertos.c.obj
                0x00000000080002d0                MX_FREERTOS_Init
 .text.MX_GPIO_Init
                0x0000000008000324       0x8c CMakeFiles/FIRST_STM_LED.elf.dir/Src/gpio.c.obj
                0x0000000008000324                MX_GPIO_Init
 .text.MX_I2C1_Init
                0x00000000080003b0       0x3c CMakeFiles/FIRST_STM_LED.elf.dir/Src/i2c.c.obj
                0x00000000080003b0                MX_I2C1_Init
 .text.HAL_I2C_MspInit
                0x00000000080003ec       0x78 CMakeFiles/FIRST_STM_LED.elf.dir/Src/i2c.c.obj
                0x00000000080003ec                HAL_I2C_MspInit
 .text.SystemClock_Config
                0x0000000008000464       0x54 CMakeFiles/FIRST_STM_LED.elf.dir/Src/main.c.obj
                0x0000000008000464                SystemClock_Config
 .text.main     0x00000000080004b8       0x20 CMakeFiles/FIRST_STM_LED.elf.dir/Src/main.c.obj
                0x00000000080004b8                main
 .text.HAL_TIM_PeriodElapsedCallback
                0x00000000080004d8       0x12 CMakeFiles/FIRST_STM_LED.elf.dir/Src/main.c.obj
                0x00000000080004d8                HAL_TIM_PeriodElapsedCallback
 .text.Error_Handler
                0x00000000080004ea        0x2 CMakeFiles/FIRST_STM_LED.elf.dir/Src/main.c.obj
                0x00000000080004ea                Error_Handler
 .text.HAL_MspInit
                0x00000000080004ec       0x54 CMakeFiles/FIRST_STM_LED.elf.dir/Src/stm32f1xx_hal_msp.c.obj
                0x00000000080004ec                HAL_MspInit
 .text.HAL_InitTick
                0x0000000008000540       0x78 CMakeFiles/FIRST_STM_LED.elf.dir/Src/stm32f1xx_hal_timebase_tim.c.obj
                0x0000000008000540                HAL_InitTick
 .text.NMI_Handler
                0x00000000080005b8        0x2 CMakeFiles/FIRST_STM_LED.elf.dir/Src/stm32f1xx_it.c.obj
                0x00000000080005b8                NMI_Handler
 .text.HardFault_Handler
                0x00000000080005ba        0x2 CMakeFiles/FIRST_STM_LED.elf.dir/Src/stm32f1xx_it.c.obj
                0x00000000080005ba                HardFault_Handler
 .text.MemManage_Handler
                0x00000000080005bc        0x2 CMakeFiles/FIRST_STM_LED.elf.dir/Src/stm32f1xx_it.c.obj
                0x00000000080005bc                MemManage_Handler
 .text.BusFault_Handler
                0x00000000080005be        0x2 CMakeFiles/FIRST_STM_LED.elf.dir/Src/stm32f1xx_it.c.obj
                0x00000000080005be                BusFault_Handler
 .text.UsageFault_Handler
                0x00000000080005c0        0x2 CMakeFiles/FIRST_STM_LED.elf.dir/Src/stm32f1xx_it.c.obj
                0x00000000080005c0                UsageFault_Handler
 .text.DebugMon_Handler
                0x00000000080005c2        0x2 CMakeFiles/FIRST_STM_LED.elf.dir/Src/stm32f1xx_it.c.obj
                0x00000000080005c2                DebugMon_Handler
 .text.TIM2_IRQHandler
                0x00000000080005c4       0x10 CMakeFiles/FIRST_STM_LED.elf.dir/Src/stm32f1xx_it.c.obj
                0x00000000080005c4                TIM2_IRQHandler
 .text.SystemInit
                0x00000000080005d4        0x2 CMakeFiles/FIRST_STM_LED.elf.dir/Src/system_stm32f1xx.c.obj
                0x00000000080005d4                SystemInit
 *fill*         0x00000000080005d6        0x2 
 .text.HAL_Init
                0x00000000080005d8       0x24 CMakeFiles/FIRST_STM_LED.elf.dir/Drivers/STM32F1xx_HAL_Driver/Src/stm32f1xx_hal.c.obj
                0x00000000080005d8                HAL_Init
 .text.HAL_IncTick
                0x00000000080005fc       0x18 CMakeFiles/FIRST_STM_LED.elf.dir/Drivers/STM32F1xx_HAL_Driver/Src/stm32f1xx_hal.c.obj
                0x00000000080005fc                HAL_IncTick
 .text.HAL_GetTick
                0x0000000008000614        0xc CMakeFiles/FIRST_STM_LED.elf.dir/Drivers/STM32F1xx_HAL_Driver/Src/stm32f1xx_hal.c.obj
                0x0000000008000614                HAL_GetTick
 .text.HAL_NVIC_SetPriorityGrouping
                0x0000000008000620       0x24 CMakeFiles/FIRST_STM_LED.elf.dir/Drivers/STM32F1xx_HAL_Driver/Src/stm32f1xx_hal_cortex.c.obj
                0x0000000008000620                HAL_NVIC_SetPriorityGrouping
 .text.HAL_NVIC_SetPriority
                0x0000000008000644       0x70 CMakeFiles/FIRST_STM_LED.elf.dir/Drivers/STM32F1xx_HAL_Driver/Src/stm32f1xx_hal_cortex.c.obj
                0x0000000008000644                HAL_NVIC_SetPriority
 .text.HAL_NVIC_EnableIRQ
                0x00000000080006b4       0x1c CMakeFiles/FIRST_STM_LED.elf.dir/Drivers/STM32F1xx_HAL_Driver/Src/stm32f1xx_hal_cortex.c.obj
                0x00000000080006b4                HAL_NVIC_EnableIRQ
 .text.HAL_GPIO_Init
                0x00000000080006d0      0x224 CMakeFiles/FIRST_STM_LED.elf.dir/Drivers/STM32F1xx_HAL_Driver/Src/stm32f1xx_hal_gpio.c.obj
                0x00000000080006d0                HAL_GPIO_Init
 .text.HAL_GPIO_WritePin
                0x00000000080008f4        0xc CMakeFiles/FIRST_STM_LED.elf.dir/Drivers/STM32F1xx_HAL_Driver/Src/stm32f1xx_hal_gpio.c.obj
                0x00000000080008f4                HAL_GPIO_WritePin
 .text.HAL_GPIO_TogglePin
                0x0000000008000900       0x12 CMakeFiles/FIRST_STM_LED.elf.dir/Drivers/STM32F1xx_HAL_Driver/Src/stm32f1xx_hal_gpio.c.obj
                0x0000000008000900                HAL_GPIO_TogglePin
 *fill*         0x0000000008000912        0x2 
 .text.HAL_I2C_Init
                0x0000000008000914      0x1bc CMakeFiles/FIRST_STM_LED.elf.dir/Drivers/STM32F1xx_HAL_Driver/Src/stm32f1xx_hal_i2c.c.obj
                0x0000000008000914                HAL_I2C_Init
 .text.RCC_Delay
                0x0000000008000ad0       0x2c CMakeFiles/FIRST_STM_LED.elf.dir/Drivers/STM32F1xx_HAL_Driver/Src/stm32f1xx_hal_rcc.c.obj
 .text.HAL_RCC_OscConfig
                0x0000000008000afc      0x410 CMakeFiles/FIRST_STM_LED.elf.dir/Drivers/STM32F1xx_HAL_Driver/Src/stm32f1xx_hal_rcc.c.obj
                0x0000000008000afc                HAL_RCC_OscConfig
 .text.HAL_RCC_GetSysClockFreq
                0x0000000008000f0c       0x6c CMakeFiles/FIRST_STM_LED.elf.dir/Drivers/STM32F1xx_HAL_Driver/Src/stm32f1xx_hal_rcc.c.obj
                0x0000000008000f0c                HAL_RCC_GetSysClockFreq
 .text.HAL_RCC_ClockConfig
                0x0000000008000f78      0x16c CMakeFiles/FIRST_STM_LED.elf.dir/Drivers/STM32F1xx_HAL_Driver/Src/stm32f1xx_hal_rcc.c.obj
                0x0000000008000f78                HAL_RCC_ClockConfig
 .text.HAL_RCC_GetHCLKFreq
                0x00000000080010e4        0xc CMakeFiles/FIRST_STM_LED.elf.dir/Drivers/STM32F1xx_HAL_Driver/Src/stm32f1xx_hal_rcc.c.obj
                0x00000000080010e4                HAL_RCC_GetHCLKFreq
 .text.HAL_RCC_GetPCLK1Freq
                0x00000000080010f0       0x20 CMakeFiles/FIRST_STM_LED.elf.dir/Drivers/STM32F1xx_HAL_Driver/Src/stm32f1xx_hal_rcc.c.obj
                0x00000000080010f0                HAL_RCC_GetPCLK1Freq
 .text.HAL_RCC_GetClockConfig
                0x0000000008001110       0x3c CMakeFiles/FIRST_STM_LED.elf.dir/Drivers/STM32F1xx_HAL_Driver/Src/stm32f1xx_hal_rcc.c.obj
                0x0000000008001110                HAL_RCC_GetClockConfig
 .text.HAL_TIM_Base_MspInit
                0x000000000800114c        0x2 CMakeFiles/FIRST_STM_LED.elf.dir/Drivers/STM32F1xx_HAL_Driver/Src/stm32f1xx_hal_tim.c.obj
                0x000000000800114c                HAL_TIM_Base_MspInit
 *fill*         0x000000000800114e        0x2 
 .text.HAL_TIM_Base_Start_IT
                0x0000000008001150       0x68 CMakeFiles/FIRST_STM_LED.elf.dir/Drivers/STM32F1xx_HAL_Driver/Src/stm32f1xx_hal_tim.c.obj
                0x0000000008001150                HAL_TIM_Base_Start_IT
 .text.HAL_TIM_OC_DelayElapsedCallback
                0x00000000080011b8        0x2 CMakeFiles/FIRST_STM_LED.elf.dir/Drivers/STM32F1xx_HAL_Driver/Src/stm32f1xx_hal_tim.c.obj
                0x00000000080011b8                HAL_TIM_OC_DelayElapsedCallback
 .text.HAL_TIM_IC_CaptureCallback
                0x00000000080011ba        0x2 CMakeFiles/FIRST_STM_LED.elf.dir/Drivers/STM32F1xx_HAL_Driver/Src/stm32f1xx_hal_tim.c.obj
                0x00000000080011ba                HAL_TIM_IC_CaptureCallback
 .text.HAL_TIM_PWM_PulseFinishedCallback
                0x00000000080011bc        0x2 CMakeFiles/FIRST_STM_LED.elf.dir/Drivers/STM32F1xx_HAL_Driver/Src/stm32f1xx_hal_tim.c.obj
                0x00000000080011bc                HAL_TIM_PWM_PulseFinishedCallback
 .text.HAL_TIM_TriggerCallback
                0x00000000080011be        0x2 CMakeFiles/FIRST_STM_LED.elf.dir/Drivers/STM32F1xx_HAL_Driver/Src/stm32f1xx_hal_tim.c.obj
                0x00000000080011be                HAL_TIM_TriggerCallback
 .text.HAL_TIM_IRQHandler
                0x00000000080011c0      0x17a CMakeFiles/FIRST_STM_LED.elf.dir/Drivers/STM32F1xx_HAL_Driver/Src/stm32f1xx_hal_tim.c.obj
                0x00000000080011c0                HAL_TIM_IRQHandler
 *fill*         0x000000000800133a        0x2 
 .text.TIM_Base_SetConfig
                0x000000000800133c       0x74 CMakeFiles/FIRST_STM_LED.elf.dir/Drivers/STM32F1xx_HAL_Driver/Src/stm32f1xx_hal_tim.c.obj
                0x000000000800133c                TIM_Base_SetConfig
 .text.HAL_TIM_Base_Init
                0x00000000080013b0       0x58 CMakeFiles/FIRST_STM_LED.elf.dir/Drivers/STM32F1xx_HAL_Driver/Src/stm32f1xx_hal_tim.c.obj
                0x00000000080013b0                HAL_TIM_Base_Init
 .text.HAL_TIMEx_CommutCallback
                0x0000000008001408        0x2 CMakeFiles/FIRST_STM_LED.elf.dir/Drivers/STM32F1xx_HAL_Driver/Src/stm32f1xx_hal_tim_ex.c.obj
                0x0000000008001408                HAL_TIMEx_CommutCallback
 .text.HAL_TIMEx_BreakCallback
                0x000000000800140a        0x2 CMakeFiles/FIRST_STM_LED.elf.dir/Drivers/STM32F1xx_HAL_Driver/Src/stm32f1xx_hal_tim_ex.c.obj
                0x000000000800140a                HAL_TIMEx_BreakCallback
 .text.osKernelInitialize
                0x000000000800140c       0x44 CMakeFiles/FIRST_STM_LED.elf.dir/Middlewares/Third_Party/FreeRTOS/Source/CMSIS_RTOS_V2/cmsis_os2.c.obj
                0x000000000800140c                osKernelInitialize
 .text.osKernelStart
                0x0000000008001450       0x4c CMakeFiles/FIRST_STM_LED.elf.dir/Middlewares/Third_Party/FreeRTOS/Source/CMSIS_RTOS_V2/cmsis_os2.c.obj
                0x0000000008001450                osKernelStart
 .text.osThreadNew
                0x000000000800149c       0xec CMakeFiles/FIRST_STM_LED.elf.dir/Middlewares/Third_Party/FreeRTOS/Source/CMSIS_RTOS_V2/cmsis_os2.c.obj
                0x000000000800149c                osThreadNew
 .text.osDelay  0x0000000008001588       0x44 CMakeFiles/FIRST_STM_LED.elf.dir/Middlewares/Third_Party/FreeRTOS/Source/CMSIS_RTOS_V2/cmsis_os2.c.obj
                0x0000000008001588                osDelay
 .text.vApplicationGetIdleTaskMemory
                0x00000000080015cc       0x18 CMakeFiles/FIRST_STM_LED.elf.dir/Middlewares/Third_Party/FreeRTOS/Source/CMSIS_RTOS_V2/cmsis_os2.c.obj
                0x00000000080015cc                vApplicationGetIdleTaskMemory
 .text.vApplicationGetTimerTaskMemory
                0x00000000080015e4       0x18 CMakeFiles/FIRST_STM_LED.elf.dir/Middlewares/Third_Party/FreeRTOS/Source/CMSIS_RTOS_V2/cmsis_os2.c.obj
                0x00000000080015e4                vApplicationGetTimerTaskMemory
 .text.vListInitialise
                0x00000000080015fc       0x16 CMakeFiles/FIRST_STM_LED.elf.dir/Middlewares/Third_Party/FreeRTOS/Source/list.c.obj
                0x00000000080015fc                vListInitialise
 .text.vListInitialiseItem
                0x0000000008001612        0x6 CMakeFiles/FIRST_STM_LED.elf.dir/Middlewares/Third_Party/FreeRTOS/Source/list.c.obj
                0x0000000008001612                vListInitialiseItem
 .text.vListInsertEnd
                0x0000000008001618       0x16 CMakeFiles/FIRST_STM_LED.elf.dir/Middlewares/Third_Party/FreeRTOS/Source/list.c.obj
                0x0000000008001618                vListInsertEnd
 .text.vListInsert
                0x000000000800162e       0x32 CMakeFiles/FIRST_STM_LED.elf.dir/Middlewares/Third_Party/FreeRTOS/Source/list.c.obj
                0x000000000800162e                vListInsert
 .text.uxListRemove
                0x0000000008001660       0x26 CMakeFiles/FIRST_STM_LED.elf.dir/Middlewares/Third_Party/FreeRTOS/Source/list.c.obj
                0x0000000008001660                uxListRemove
 *fill*         0x0000000008001686        0x2 
 .text.prvTaskExitError
                0x0000000008001688       0x40 CMakeFiles/FIRST_STM_LED.elf.dir/Middlewares/Third_Party/FreeRTOS/Source/portable/GCC/ARM_CM3/port.c.obj
 .text.prvPortStartFirstTask
                0x00000000080016c8       0x20 CMakeFiles/FIRST_STM_LED.elf.dir/Middlewares/Third_Party/FreeRTOS/Source/portable/GCC/ARM_CM3/port.c.obj
 .text.pxPortInitialiseStack
                0x00000000080016e8       0x24 CMakeFiles/FIRST_STM_LED.elf.dir/Middlewares/Third_Party/FreeRTOS/Source/portable/GCC/ARM_CM3/port.c.obj
                0x00000000080016e8                pxPortInitialiseStack
 *fill*         0x000000000800170c        0x4 
 .text.SVC_Handler
                0x0000000008001710       0x24 CMakeFiles/FIRST_STM_LED.elf.dir/Middlewares/Third_Party/FreeRTOS/Source/portable/GCC/ARM_CM3/port.c.obj
                0x0000000008001710                SVC_Handler
 .text.vPortEnterCritical
                0x0000000008001734       0x44 CMakeFiles/FIRST_STM_LED.elf.dir/Middlewares/Third_Party/FreeRTOS/Source/portable/GCC/ARM_CM3/port.c.obj
                0x0000000008001734                vPortEnterCritical
 .text.vPortExitCritical
                0x0000000008001778       0x2c CMakeFiles/FIRST_STM_LED.elf.dir/Middlewares/Third_Party/FreeRTOS/Source/portable/GCC/ARM_CM3/port.c.obj
                0x0000000008001778                vPortExitCritical
 *fill*         0x00000000080017a4        0xc 
 .text.PendSV_Handler
                0x00000000080017b0       0x44 CMakeFiles/FIRST_STM_LED.elf.dir/Middlewares/Third_Party/FreeRTOS/Source/portable/GCC/ARM_CM3/port.c.obj
                0x00000000080017b0                PendSV_Handler
 .text.SysTick_Handler
                0x00000000080017f4       0x2c CMakeFiles/FIRST_STM_LED.elf.dir/Middlewares/Third_Party/FreeRTOS/Source/portable/GCC/ARM_CM3/port.c.obj
                0x00000000080017f4                SysTick_Handler
 .text.vPortSetupTimerInterrupt
                0x0000000008001820       0x28 CMakeFiles/FIRST_STM_LED.elf.dir/Middlewares/Third_Party/FreeRTOS/Source/portable/GCC/ARM_CM3/port.c.obj
                0x0000000008001820                vPortSetupTimerInterrupt
 .text.xPortStartScheduler
                0x0000000008001848       0xc0 CMakeFiles/FIRST_STM_LED.elf.dir/Middlewares/Third_Party/FreeRTOS/Source/portable/GCC/ARM_CM3/port.c.obj
                0x0000000008001848                xPortStartScheduler
 .text.vPortValidateInterruptPriority
                0x0000000008001908       0x5c CMakeFiles/FIRST_STM_LED.elf.dir/Middlewares/Third_Party/FreeRTOS/Source/portable/GCC/ARM_CM3/port.c.obj
                0x0000000008001908                vPortValidateInterruptPriority
 .text.prvHeapInit
                0x0000000008001964       0x64 CMakeFiles/FIRST_STM_LED.elf.dir/Middlewares/Third_Party/FreeRTOS/Source/portable/MemMang/heap_4.c.obj
 .text.prvInsertBlockIntoFreeList
                0x00000000080019c8       0x60 CMakeFiles/FIRST_STM_LED.elf.dir/Middlewares/Third_Party/FreeRTOS/Source/portable/MemMang/heap_4.c.obj
 .text.pvPortMalloc
                0x0000000008001a28       0xf0 CMakeFiles/FIRST_STM_LED.elf.dir/Middlewares/Third_Party/FreeRTOS/Source/portable/MemMang/heap_4.c.obj
                0x0000000008001a28                pvPortMalloc
 .text.vPortFree
                0x0000000008001b18       0x70 CMakeFiles/FIRST_STM_LED.elf.dir/Middlewares/Third_Party/FreeRTOS/Source/portable/MemMang/heap_4.c.obj
                0x0000000008001b18                vPortFree
 .text.prvIsQueueFull
                0x0000000008001b88       0x1e CMakeFiles/FIRST_STM_LED.elf.dir/Middlewares/Third_Party/FreeRTOS/Source/queue.c.obj
 .text.prvIsQueueEmpty
                0x0000000008001ba6       0x1a CMakeFiles/FIRST_STM_LED.elf.dir/Middlewares/Third_Party/FreeRTOS/Source/queue.c.obj
 .text.prvCopyDataToQueue
                0x0000000008001bc0       0x76 CMakeFiles/FIRST_STM_LED.elf.dir/Middlewares/Third_Party/FreeRTOS/Source/queue.c.obj
 .text.prvCopyDataFromQueue
                0x0000000008001c36       0x24 CMakeFiles/FIRST_STM_LED.elf.dir/Middlewares/Third_Party/FreeRTOS/Source/queue.c.obj
 .text.prvUnlockQueue
                0x0000000008001c5a       0x6e CMakeFiles/FIRST_STM_LED.elf.dir/Middlewares/Third_Party/FreeRTOS/Source/queue.c.obj
 .text.xQueueGenericReset
                0x0000000008001cc8       0x84 CMakeFiles/FIRST_STM_LED.elf.dir/Middlewares/Third_Party/FreeRTOS/Source/queue.c.obj
                0x0000000008001cc8                xQueueGenericReset
 .text.prvInitialiseNewQueue
                0x0000000008001d4c       0x22 CMakeFiles/FIRST_STM_LED.elf.dir/Middlewares/Third_Party/FreeRTOS/Source/queue.c.obj
 .text.xQueueGenericCreateStatic
                0x0000000008001d6e       0x92 CMakeFiles/FIRST_STM_LED.elf.dir/Middlewares/Third_Party/FreeRTOS/Source/queue.c.obj
                0x0000000008001d6e                xQueueGenericCreateStatic
 .text.xQueueGenericSend
                0x0000000008001e00      0x188 CMakeFiles/FIRST_STM_LED.elf.dir/Middlewares/Third_Party/FreeRTOS/Source/queue.c.obj
                0x0000000008001e00                xQueueGenericSend
 .text.xQueueGenericSendFromISR
                0x0000000008001f88       0xcc CMakeFiles/FIRST_STM_LED.elf.dir/Middlewares/Third_Party/FreeRTOS/Source/queue.c.obj
                0x0000000008001f88                xQueueGenericSendFromISR
 .text.xQueueReceive
                0x0000000008002054      0x15e CMakeFiles/FIRST_STM_LED.elf.dir/Middlewares/Third_Party/FreeRTOS/Source/queue.c.obj
                0x0000000008002054                xQueueReceive
 *fill*         0x00000000080021b2        0x2 
 .text.vQueueAddToRegistry
                0x00000000080021b4       0x28 CMakeFiles/FIRST_STM_LED.elf.dir/Middlewares/Third_Party/FreeRTOS/Source/queue.c.obj
                0x00000000080021b4                vQueueAddToRegistry
 .text.vQueueWaitForMessageRestricted
                0x00000000080021dc       0x52 CMakeFiles/FIRST_STM_LED.elf.dir/Middlewares/Third_Party/FreeRTOS/Source/queue.c.obj
                0x00000000080021dc                vQueueWaitForMessageRestricted
 *fill*         0x000000000800222e        0x2 
 .text.prvResetNextTaskUnblockTime
                0x0000000008002230       0x2c CMakeFiles/FIRST_STM_LED.elf.dir/Middlewares/Third_Party/FreeRTOS/Source/tasks.c.obj
 .text.prvInitialiseNewTask
                0x000000000800225c       0x9c CMakeFiles/FIRST_STM_LED.elf.dir/Middlewares/Third_Party/FreeRTOS/Source/tasks.c.obj
 .text.prvInitialiseTaskLists
                0x00000000080022f8       0x68 CMakeFiles/FIRST_STM_LED.elf.dir/Middlewares/Third_Party/FreeRTOS/Source/tasks.c.obj
 .text.prvAddNewTaskToReadyList
                0x0000000008002360       0xac CMakeFiles/FIRST_STM_LED.elf.dir/Middlewares/Third_Party/FreeRTOS/Source/tasks.c.obj
 .text.prvDeleteTCB
                0x000000000800240c       0x38 CMakeFiles/FIRST_STM_LED.elf.dir/Middlewares/Third_Party/FreeRTOS/Source/tasks.c.obj
 .text.prvCheckTasksWaitingTermination
                0x0000000008002444       0x4c CMakeFiles/FIRST_STM_LED.elf.dir/Middlewares/Third_Party/FreeRTOS/Source/tasks.c.obj
 .text.prvIdleTask
                0x0000000008002490       0x28 CMakeFiles/FIRST_STM_LED.elf.dir/Middlewares/Third_Party/FreeRTOS/Source/tasks.c.obj
 .text.prvAddCurrentTaskToDelayedList
                0x00000000080024b8       0x7c CMakeFiles/FIRST_STM_LED.elf.dir/Middlewares/Third_Party/FreeRTOS/Source/tasks.c.obj
 .text.xTaskCreateStatic
                0x0000000008002534       0x74 CMakeFiles/FIRST_STM_LED.elf.dir/Middlewares/Third_Party/FreeRTOS/Source/tasks.c.obj
                0x0000000008002534                xTaskCreateStatic
 .text.xTaskCreate
                0x00000000080025a8       0x68 CMakeFiles/FIRST_STM_LED.elf.dir/Middlewares/Third_Party/FreeRTOS/Source/tasks.c.obj
                0x00000000080025a8                xTaskCreate
 .text.vTaskStartScheduler
                0x0000000008002610       0x9c CMakeFiles/FIRST_STM_LED.elf.dir/Middlewares/Third_Party/FreeRTOS/Source/tasks.c.obj
                0x0000000008002610                vTaskStartScheduler
 .text.vTaskSuspendAll
                0x00000000080026ac       0x10 CMakeFiles/FIRST_STM_LED.elf.dir/Middlewares/Third_Party/FreeRTOS/Source/tasks.c.obj
                0x00000000080026ac                vTaskSuspendAll
 .text.xTaskGetTickCount
                0x00000000080026bc        0xc CMakeFiles/FIRST_STM_LED.elf.dir/Middlewares/Third_Party/FreeRTOS/Source/tasks.c.obj
                0x00000000080026bc                xTaskGetTickCount
 .text.xTaskIncrementTick
                0x00000000080026c8      0x118 CMakeFiles/FIRST_STM_LED.elf.dir/Middlewares/Third_Party/FreeRTOS/Source/tasks.c.obj
                0x00000000080026c8                xTaskIncrementTick
 .text.xTaskResumeAll
                0x00000000080027e0       0xf8 CMakeFiles/FIRST_STM_LED.elf.dir/Middlewares/Third_Party/FreeRTOS/Source/tasks.c.obj
                0x00000000080027e0                xTaskResumeAll
 .text.vTaskDelay
                0x00000000080028d8       0x4c CMakeFiles/FIRST_STM_LED.elf.dir/Middlewares/Third_Party/FreeRTOS/Source/tasks.c.obj
                0x00000000080028d8                vTaskDelay
 .text.vTaskSwitchContext
                0x0000000008002924       0x94 CMakeFiles/FIRST_STM_LED.elf.dir/Middlewares/Third_Party/FreeRTOS/Source/tasks.c.obj
                0x0000000008002924                vTaskSwitchContext
 .text.vTaskPlaceOnEventList
                0x00000000080029b8       0x30 CMakeFiles/FIRST_STM_LED.elf.dir/Middlewares/Third_Party/FreeRTOS/Source/tasks.c.obj
                0x00000000080029b8                vTaskPlaceOnEventList
 .text.vTaskPlaceOnEventListRestricted
                0x00000000080029e8       0x38 CMakeFiles/FIRST_STM_LED.elf.dir/Middlewares/Third_Party/FreeRTOS/Source/tasks.c.obj
                0x00000000080029e8                vTaskPlaceOnEventListRestricted
 .text.xTaskRemoveFromEventList
                0x0000000008002a20       0x8c CMakeFiles/FIRST_STM_LED.elf.dir/Middlewares/Third_Party/FreeRTOS/Source/tasks.c.obj
                0x0000000008002a20                xTaskRemoveFromEventList
 .text.vTaskInternalSetTimeOutState
                0x0000000008002aac       0x18 CMakeFiles/FIRST_STM_LED.elf.dir/Middlewares/Third_Party/FreeRTOS/Source/tasks.c.obj
                0x0000000008002aac                vTaskInternalSetTimeOutState
 .text.xTaskCheckForTimeOut
                0x0000000008002ac4       0x84 CMakeFiles/FIRST_STM_LED.elf.dir/Middlewares/Third_Party/FreeRTOS/Source/tasks.c.obj
                0x0000000008002ac4                xTaskCheckForTimeOut
 .text.vTaskMissedYield
                0x0000000008002b48        0xc CMakeFiles/FIRST_STM_LED.elf.dir/Middlewares/Third_Party/FreeRTOS/Source/tasks.c.obj
                0x0000000008002b48                vTaskMissedYield
 .text.xTaskGetSchedulerState
                0x0000000008002b54       0x20 CMakeFiles/FIRST_STM_LED.elf.dir/Middlewares/Third_Party/FreeRTOS/Source/tasks.c.obj
                0x0000000008002b54                xTaskGetSchedulerState
 .text.xTaskPriorityDisinherit
                0x0000000008002b74       0x90 CMakeFiles/FIRST_STM_LED.elf.dir/Middlewares/Third_Party/FreeRTOS/Source/tasks.c.obj
                0x0000000008002b74                xTaskPriorityDisinherit
 .text.prvGetNextExpireTime
                0x0000000008002c04       0x20 CMakeFiles/FIRST_STM_LED.elf.dir/Middlewares/Third_Party/FreeRTOS/Source/timers.c.obj
 .text.prvInsertTimerInActiveList
                0x0000000008002c24       0x48 CMakeFiles/FIRST_STM_LED.elf.dir/Middlewares/Third_Party/FreeRTOS/Source/timers.c.obj
 .text.prvCheckForValidListAndQueue
                0x0000000008002c6c       0x70 CMakeFiles/FIRST_STM_LED.elf.dir/Middlewares/Third_Party/FreeRTOS/Source/timers.c.obj
 .text.xTimerCreateTimerTask
                0x0000000008002cdc       0x64 CMakeFiles/FIRST_STM_LED.elf.dir/Middlewares/Third_Party/FreeRTOS/Source/timers.c.obj
                0x0000000008002cdc                xTimerCreateTimerTask
 .text.xTimerGenericCommand
                0x0000000008002d40       0x6c CMakeFiles/FIRST_STM_LED.elf.dir/Middlewares/Third_Party/FreeRTOS/Source/timers.c.obj
                0x0000000008002d40                xTimerGenericCommand
 .text.prvSwitchTimerLists
                0x0000000008002dac       0x78 CMakeFiles/FIRST_STM_LED.elf.dir/Middlewares/Third_Party/FreeRTOS/Source/timers.c.obj
 .text.prvSampleTimeNow
                0x0000000008002e24       0x2c CMakeFiles/FIRST_STM_LED.elf.dir/Middlewares/Third_Party/FreeRTOS/Source/timers.c.obj
 .text.prvProcessExpiredTimer
                0x0000000008002e50       0x60 CMakeFiles/FIRST_STM_LED.elf.dir/Middlewares/Third_Party/FreeRTOS/Source/timers.c.obj
 .text.prvProcessTimerOrBlockTask
                0x0000000008002eb0       0x74 CMakeFiles/FIRST_STM_LED.elf.dir/Middlewares/Third_Party/FreeRTOS/Source/timers.c.obj
 .text.prvProcessReceivedCommands
                0x0000000008002f24       0xf8 CMakeFiles/FIRST_STM_LED.elf.dir/Middlewares/Third_Party/FreeRTOS/Source/timers.c.obj
 .text.prvTimerTask
                0x000000000800301c       0x16 CMakeFiles/FIRST_STM_LED.elf.dir/Middlewares/Third_Party/FreeRTOS/Source/timers.c.obj
 *fill*         0x0000000008003032        0x2 
 .text.atexit   0x0000000008003034        0xc /usr/lib/gcc/arm-none-eabi/10.2.0/../../../../arm-none-eabi/lib/thumb/v7-m/nofp/libg.a(lib_a-atexit.o)
                0x0000000008003034                atexit
 .text.__libc_fini_array
                0x0000000008003040       0x2c /usr/lib/gcc/arm-none-eabi/10.2.0/../../../../arm-none-eabi/lib/thumb/v7-m/nofp/libg.a(lib_a-fini.o)
                0x0000000008003040                __libc_fini_array
 .text.__libc_init_array
                0x000000000800306c       0x48 /usr/lib/gcc/arm-none-eabi/10.2.0/../../../../arm-none-eabi/lib/thumb/v7-m/nofp/libg.a(lib_a-init.o)
                0x000000000800306c                __libc_init_array
 .text.memset   0x00000000080030b4       0xa0 /usr/lib/gcc/arm-none-eabi/10.2.0/../../../../arm-none-eabi/lib/thumb/v7-m/nofp/libg.a(lib_a-memset.o)
                0x00000000080030b4                memset
 .text.__register_exitproc
                0x0000000008003154       0x88 /usr/lib/gcc/arm-none-eabi/10.2.0/../../../../arm-none-eabi/lib/thumb/v7-m/nofp/libg.a(lib_a-__atexit.o)
                0x0000000008003154                __register_exitproc
 .text.startup.register_fini
                0x00000000080031dc       0x14 /usr/lib/gcc/arm-none-eabi/10.2.0/../../../../arm-none-eabi/lib/thumb/v7-m/nofp/libg.a(lib_a-__call_atexit.o)
 .text.__retarget_lock_acquire_recursive
                0x00000000080031f0        0x4 /usr/lib/gcc/arm-none-eabi/10.2.0/../../../../arm-none-eabi/lib/thumb/v7-m/nofp/libg.a(lib_a-lock.o)
                0x00000000080031f0                __retarget_lock_acquire_recursive
 .text.__retarget_lock_release_recursive
                0x00000000080031f4        0x4 /usr/lib/gcc/arm-none-eabi/10.2.0/../../../../arm-none-eabi/lib/thumb/v7-m/nofp/libg.a(lib_a-lock.o)
                0x00000000080031f4                __retarget_lock_release_recursive
 *(.glue_7)
 .glue_7        0x00000000080031f8        0x0 linker stubs
 *(.glue_7t)
 .glue_7t       0x00000000080031f8        0x0 linker stubs
 *(.eh_frame)
 .eh_frame      0x00000000080031f8        0x0 /usr/lib/gcc/arm-none-eabi/10.2.0/thumb/v7-m/nofp/crtbegin.o
 *(.init)
 .init          0x00000000080031f8        0x4 /usr/lib/gcc/arm-none-eabi/10.2.0/thumb/v7-m/nofp/crti.o
                0x00000000080031f8                _init
 .init          0x00000000080031fc        0x8 /usr/lib/gcc/arm-none-eabi/10.2.0/thumb/v7-m/nofp/crtn.o
 *(.fini)
 .fini          0x0000000008003204        0x4 /usr/lib/gcc/arm-none-eabi/10.2.0/thumb/v7-m/nofp/crti.o
                0x0000000008003204                _fini
 .fini          0x0000000008003208        0x8 /usr/lib/gcc/arm-none-eabi/10.2.0/thumb/v7-m/nofp/crtn.o
                0x0000000008003210                . = ALIGN (0x4)
                0x0000000008003210                _etext = .

.vfp11_veneer   0x0000000008003210        0x0
 .vfp11_veneer  0x0000000008003210        0x0 linker stubs

.v4_bx          0x0000000008003210        0x0
 .v4_bx         0x0000000008003210        0x0 linker stubs

.iplt           0x0000000008003210        0x0
 .iplt          0x0000000008003210        0x0 /usr/lib/gcc/arm-none-eabi/10.2.0/thumb/v7-m/nofp/crtbegin.o

.rodata         0x0000000008003210       0xd8
                0x0000000008003210                . = ALIGN (0x4)
 *(.rodata)
 *(.rodata*)
 .rodata.str1.4
                0x0000000008003210       0x24 CMakeFiles/FIRST_STM_LED.elf.dir/Src/freertos.c.obj
 .rodata.defaultTask_attributes
                0x0000000008003234       0x24 CMakeFiles/FIRST_STM_LED.elf.dir/Src/freertos.c.obj
                0x0000000008003234                defaultTask_attributes
 .rodata.myTask02_attributes
                0x0000000008003258       0x24 CMakeFiles/FIRST_STM_LED.elf.dir/Src/freertos.c.obj
                0x0000000008003258                myTask02_attributes
 .rodata.myTask03_attributes
                0x000000000800327c       0x24 CMakeFiles/FIRST_STM_LED.elf.dir/Src/freertos.c.obj
                0x000000000800327c                myTask03_attributes
 .rodata.AHBPrescTable
                0x00000000080032a0       0x10 CMakeFiles/FIRST_STM_LED.elf.dir/Src/system_stm32f1xx.c.obj
                0x00000000080032a0                AHBPrescTable
 .rodata.APBPrescTable
                0x00000000080032b0        0x8 CMakeFiles/FIRST_STM_LED.elf.dir/Src/system_stm32f1xx.c.obj
                0x00000000080032b0                APBPrescTable
 .rodata.HAL_RCC_GetSysClockFreq.str1.4
                0x00000000080032b8       0x11 CMakeFiles/FIRST_STM_LED.elf.dir/Drivers/STM32F1xx_HAL_Driver/Src/stm32f1xx_hal_rcc.c.obj
 *fill*         0x00000000080032c9        0x3 
 .rodata.vTaskStartScheduler.str1.4
                0x00000000080032cc        0x5 CMakeFiles/FIRST_STM_LED.elf.dir/Middlewares/Third_Party/FreeRTOS/Source/tasks.c.obj
 *fill*         0x00000000080032d1        0x3 
 .rodata.prvCheckForValidListAndQueue.str1.4
                0x00000000080032d4        0x5 CMakeFiles/FIRST_STM_LED.elf.dir/Middlewares/Third_Party/FreeRTOS/Source/timers.c.obj
 *fill*         0x00000000080032d9        0x3 
 .rodata.xTimerCreateTimerTask.str1.4
                0x00000000080032dc        0x8 CMakeFiles/FIRST_STM_LED.elf.dir/Middlewares/Third_Party/FreeRTOS/Source/timers.c.obj
 .rodata._global_impure_ptr
                0x00000000080032e4        0x4 /usr/lib/gcc/arm-none-eabi/10.2.0/../../../../arm-none-eabi/lib/thumb/v7-m/nofp/libg.a(lib_a-impure.o)
                0x00000000080032e4                _global_impure_ptr
                0x00000000080032e8                . = ALIGN (0x4)

.rel.dyn        0x00000000080032e8        0x0
 .rel.iplt      0x00000000080032e8        0x0 /usr/lib/gcc/arm-none-eabi/10.2.0/thumb/v7-m/nofp/crtbegin.o

.ARM.extab
 *(.ARM.extab* .gnu.linkonce.armextab.*)

.ARM            0x00000000080032e8        0x0
                0x00000000080032e8                __exidx_start = .
 *(.ARM.exidx*)
                0x00000000080032e8                __exidx_end = .

.preinit_array  0x00000000080032e8        0x0
                0x00000000080032e8                PROVIDE (__preinit_array_start = .)
 *(.preinit_array*)
                0x00000000080032e8                PROVIDE (__preinit_array_end = .)

.init_array     0x00000000080032e8        0x8
                0x00000000080032e8                PROVIDE (__init_array_start = .)
 *(SORT_BY_NAME(.init_array.*))
 .init_array.00000
                0x00000000080032e8        0x4 /usr/lib/gcc/arm-none-eabi/10.2.0/../../../../arm-none-eabi/lib/thumb/v7-m/nofp/libg.a(lib_a-__call_atexit.o)
 *(.init_array*)
 .init_array    0x00000000080032ec        0x4 /usr/lib/gcc/arm-none-eabi/10.2.0/thumb/v7-m/nofp/crtbegin.o
                0x00000000080032f0                PROVIDE (__init_array_end = .)

.fini_array     0x00000000080032f0        0x4
                0x00000000080032f0                PROVIDE (__fini_array_start = .)
 *(SORT_BY_NAME(.fini_array.*))
 *(.fini_array*)
 .fini_array    0x00000000080032f0        0x4 /usr/lib/gcc/arm-none-eabi/10.2.0/thumb/v7-m/nofp/crtbegin.o
                0x00000000080032f4                PROVIDE (__fini_array_end = .)
                0x00000000080032f4                _sidata = LOADADDR (.data)

.data           0x0000000020000000      0x43c load address 0x00000000080032f4
                0x0000000020000000                . = ALIGN (0x4)
                0x0000000020000000                _sdata = .
 *(.data)
 *(.data*)
 .data.SystemCoreClock
                0x0000000020000000        0x4 CMakeFiles/FIRST_STM_LED.elf.dir/Src/system_stm32f1xx.c.obj
                0x0000000020000000                SystemCoreClock
 .data.uwTickFreq
                0x0000000020000004        0x1 CMakeFiles/FIRST_STM_LED.elf.dir/Drivers/STM32F1xx_HAL_Driver/Src/stm32f1xx_hal.c.obj
                0x0000000020000004                uwTickFreq
 *fill*         0x0000000020000005        0x3 
 .data.uwTickPrio
                0x0000000020000008        0x4 CMakeFiles/FIRST_STM_LED.elf.dir/Drivers/STM32F1xx_HAL_Driver/Src/stm32f1xx_hal.c.obj
                0x0000000020000008                uwTickPrio
 .data.uxCriticalNesting
                0x000000002000000c        0x4 CMakeFiles/FIRST_STM_LED.elf.dir/Middlewares/Third_Party/FreeRTOS/Source/portable/GCC/ARM_CM3/port.c.obj
 .data.impure_data
                0x0000000020000010      0x428 /usr/lib/gcc/arm-none-eabi/10.2.0/../../../../arm-none-eabi/lib/thumb/v7-m/nofp/libg.a(lib_a-impure.o)
 .data.__atexit_recursive_mutex
                0x0000000020000438        0x4 /usr/lib/gcc/arm-none-eabi/10.2.0/../../../../arm-none-eabi/lib/thumb/v7-m/nofp/libg.a(lib_a-__call_atexit.o)
                0x0000000020000438                __atexit_recursive_mutex
                0x000000002000043c                . = ALIGN (0x4)
                0x000000002000043c                _edata = .

.igot.plt       0x000000002000043c        0x0 load address 0x0000000008003730
 .igot.plt      0x000000002000043c        0x0 /usr/lib/gcc/arm-none-eabi/10.2.0/thumb/v7-m/nofp/crtbegin.o
                0x000000002000043c                . = ALIGN (0x4)

.bss            0x000000002000043c     0x1a38 load address 0x0000000008003730
                0x000000002000043c                _sbss = .
                0x000000002000043c                __bss_start__ = _sbss
 *(.bss)
 *(.bss*)
 .bss.completed.1
                0x000000002000043c        0x1 /usr/lib/gcc/arm-none-eabi/10.2.0/thumb/v7-m/nofp/crtbegin.o
 *fill*         0x000000002000043d        0x3 
 .bss.object.0  0x0000000020000440       0x18 /usr/lib/gcc/arm-none-eabi/10.2.0/thumb/v7-m/nofp/crtbegin.o
 .bss.a         0x0000000020000458        0x4 CMakeFiles/FIRST_STM_LED.elf.dir/Src/freertos.c.obj
                0x0000000020000458                a
 .bss.defaultTaskHandle
                0x000000002000045c        0x4 CMakeFiles/FIRST_STM_LED.elf.dir/Src/freertos.c.obj
                0x000000002000045c                defaultTaskHandle
 .bss.myTask02Handle
                0x0000000020000460        0x4 CMakeFiles/FIRST_STM_LED.elf.dir/Src/freertos.c.obj
                0x0000000020000460                myTask02Handle
 .bss.myTask03Handle
                0x0000000020000464        0x4 CMakeFiles/FIRST_STM_LED.elf.dir/Src/freertos.c.obj
                0x0000000020000464                myTask03Handle
 .bss.hi2c1     0x0000000020000468       0x54 CMakeFiles/FIRST_STM_LED.elf.dir/Src/i2c.c.obj
                0x0000000020000468                hi2c1
 .bss.htim2     0x00000000200004bc       0x48 CMakeFiles/FIRST_STM_LED.elf.dir/Src/stm32f1xx_hal_timebase_tim.c.obj
                0x00000000200004bc                htim2
 .bss.uwTick    0x0000000020000504        0x4 CMakeFiles/FIRST_STM_LED.elf.dir/Drivers/STM32F1xx_HAL_Driver/Src/stm32f1xx_hal.c.obj
                0x0000000020000504                uwTick
 .bss.Idle_Stack
                0x0000000020000508      0x200 CMakeFiles/FIRST_STM_LED.elf.dir/Middlewares/Third_Party/FreeRTOS/Source/CMSIS_RTOS_V2/cmsis_os2.c.obj
 .bss.Idle_TCB  0x0000000020000708       0x5c CMakeFiles/FIRST_STM_LED.elf.dir/Middlewares/Third_Party/FreeRTOS/Source/CMSIS_RTOS_V2/cmsis_os2.c.obj
 .bss.KernelState
                0x0000000020000764        0x4 CMakeFiles/FIRST_STM_LED.elf.dir/Middlewares/Third_Party/FreeRTOS/Source/CMSIS_RTOS_V2/cmsis_os2.c.obj
 .bss.Timer_Stack
                0x0000000020000768      0x400 CMakeFiles/FIRST_STM_LED.elf.dir/Middlewares/Third_Party/FreeRTOS/Source/CMSIS_RTOS_V2/cmsis_os2.c.obj
 .bss.Timer_TCB
                0x0000000020000b68       0x5c CMakeFiles/FIRST_STM_LED.elf.dir/Middlewares/Third_Party/FreeRTOS/Source/CMSIS_RTOS_V2/cmsis_os2.c.obj
 .bss.ucMaxSysCallPriority
                0x0000000020000bc4        0x1 CMakeFiles/FIRST_STM_LED.elf.dir/Middlewares/Third_Party/FreeRTOS/Source/portable/GCC/ARM_CM3/port.c.obj
 *fill*         0x0000000020000bc5        0x3 
 .bss.ulMaxPRIGROUPValue
                0x0000000020000bc8        0x4 CMakeFiles/FIRST_STM_LED.elf.dir/Middlewares/Third_Party/FreeRTOS/Source/portable/GCC/ARM_CM3/port.c.obj
 .bss.pxEnd     0x0000000020000bcc        0x4 CMakeFiles/FIRST_STM_LED.elf.dir/Middlewares/Third_Party/FreeRTOS/Source/portable/MemMang/heap_4.c.obj
 .bss.ucHeap    0x0000000020000bd0      0xc00 CMakeFiles/FIRST_STM_LED.elf.dir/Middlewares/Third_Party/FreeRTOS/Source/portable/MemMang/heap_4.c.obj
 .bss.xBlockAllocatedBit
                0x00000000200017d0        0x4 CMakeFiles/FIRST_STM_LED.elf.dir/Middlewares/Third_Party/FreeRTOS/Source/portable/MemMang/heap_4.c.obj
 .bss.xFreeBytesRemaining
                0x00000000200017d4        0x4 CMakeFiles/FIRST_STM_LED.elf.dir/Middlewares/Third_Party/FreeRTOS/Source/portable/MemMang/heap_4.c.obj
 .bss.xMinimumEverFreeBytesRemaining
                0x00000000200017d8        0x4 CMakeFiles/FIRST_STM_LED.elf.dir/Middlewares/Third_Party/FreeRTOS/Source/portable/MemMang/heap_4.c.obj
 .bss.xStart    0x00000000200017dc        0x8 CMakeFiles/FIRST_STM_LED.elf.dir/Middlewares/Third_Party/FreeRTOS/Source/portable/MemMang/heap_4.c.obj
 .bss.xQueueRegistry
                0x00000000200017e4       0x40 CMakeFiles/FIRST_STM_LED.elf.dir/Middlewares/Third_Party/FreeRTOS/Source/queue.c.obj
                0x00000000200017e4                xQueueRegistry
 .bss.pxCurrentTCB
                0x0000000020001824        0x4 CMakeFiles/FIRST_STM_LED.elf.dir/Middlewares/Third_Party/FreeRTOS/Source/tasks.c.obj
                0x0000000020001824                pxCurrentTCB
 .bss.pxDelayedTaskList
                0x0000000020001828        0x4 CMakeFiles/FIRST_STM_LED.elf.dir/Middlewares/Third_Party/FreeRTOS/Source/tasks.c.obj
 .bss.pxOverflowDelayedTaskList
                0x000000002000182c        0x4 CMakeFiles/FIRST_STM_LED.elf.dir/Middlewares/Third_Party/FreeRTOS/Source/tasks.c.obj
 .bss.pxReadyTasksLists
                0x0000000020001830      0x460 CMakeFiles/FIRST_STM_LED.elf.dir/Middlewares/Third_Party/FreeRTOS/Source/tasks.c.obj
 .bss.uxCurrentNumberOfTasks
                0x0000000020001c90        0x4 CMakeFiles/FIRST_STM_LED.elf.dir/Middlewares/Third_Party/FreeRTOS/Source/tasks.c.obj
 .bss.uxDeletedTasksWaitingCleanUp
                0x0000000020001c94        0x4 CMakeFiles/FIRST_STM_LED.elf.dir/Middlewares/Third_Party/FreeRTOS/Source/tasks.c.obj
 .bss.uxPendedTicks
                0x0000000020001c98        0x4 CMakeFiles/FIRST_STM_LED.elf.dir/Middlewares/Third_Party/FreeRTOS/Source/tasks.c.obj
 .bss.uxSchedulerSuspended
                0x0000000020001c9c        0x4 CMakeFiles/FIRST_STM_LED.elf.dir/Middlewares/Third_Party/FreeRTOS/Source/tasks.c.obj
 .bss.uxTaskNumber
                0x0000000020001ca0        0x4 CMakeFiles/FIRST_STM_LED.elf.dir/Middlewares/Third_Party/FreeRTOS/Source/tasks.c.obj
 .bss.uxTopReadyPriority
                0x0000000020001ca4        0x4 CMakeFiles/FIRST_STM_LED.elf.dir/Middlewares/Third_Party/FreeRTOS/Source/tasks.c.obj
 .bss.xDelayedTaskList1
                0x0000000020001ca8       0x14 CMakeFiles/FIRST_STM_LED.elf.dir/Middlewares/Third_Party/FreeRTOS/Source/tasks.c.obj
 .bss.xDelayedTaskList2
                0x0000000020001cbc       0x14 CMakeFiles/FIRST_STM_LED.elf.dir/Middlewares/Third_Party/FreeRTOS/Source/tasks.c.obj
 .bss.xIdleTaskHandle
                0x0000000020001cd0        0x4 CMakeFiles/FIRST_STM_LED.elf.dir/Middlewares/Third_Party/FreeRTOS/Source/tasks.c.obj
 .bss.xNextTaskUnblockTime
                0x0000000020001cd4        0x4 CMakeFiles/FIRST_STM_LED.elf.dir/Middlewares/Third_Party/FreeRTOS/Source/tasks.c.obj
 .bss.xNumOfOverflows
                0x0000000020001cd8        0x4 CMakeFiles/FIRST_STM_LED.elf.dir/Middlewares/Third_Party/FreeRTOS/Source/tasks.c.obj
 .bss.xPendingReadyList
                0x0000000020001cdc       0x14 CMakeFiles/FIRST_STM_LED.elf.dir/Middlewares/Third_Party/FreeRTOS/Source/tasks.c.obj
 .bss.xSchedulerRunning
                0x0000000020001cf0        0x4 CMakeFiles/FIRST_STM_LED.elf.dir/Middlewares/Third_Party/FreeRTOS/Source/tasks.c.obj
 .bss.xSuspendedTaskList
                0x0000000020001cf4       0x14 CMakeFiles/FIRST_STM_LED.elf.dir/Middlewares/Third_Party/FreeRTOS/Source/tasks.c.obj
 .bss.xTasksWaitingTermination
                0x0000000020001d08       0x14 CMakeFiles/FIRST_STM_LED.elf.dir/Middlewares/Third_Party/FreeRTOS/Source/tasks.c.obj
 .bss.xTickCount
                0x0000000020001d1c        0x4 CMakeFiles/FIRST_STM_LED.elf.dir/Middlewares/Third_Party/FreeRTOS/Source/tasks.c.obj
 .bss.xYieldPending
                0x0000000020001d20        0x4 CMakeFiles/FIRST_STM_LED.elf.dir/Middlewares/Third_Party/FreeRTOS/Source/tasks.c.obj
 .bss.pxCurrentTimerList
                0x0000000020001d24        0x4 CMakeFiles/FIRST_STM_LED.elf.dir/Middlewares/Third_Party/FreeRTOS/Source/timers.c.obj
 .bss.pxOverflowTimerList
                0x0000000020001d28        0x4 CMakeFiles/FIRST_STM_LED.elf.dir/Middlewares/Third_Party/FreeRTOS/Source/timers.c.obj
 .bss.ucStaticTimerQueueStorage.1
                0x0000000020001d2c       0xa0 CMakeFiles/FIRST_STM_LED.elf.dir/Middlewares/Third_Party/FreeRTOS/Source/timers.c.obj
 .bss.xActiveTimerList1
                0x0000000020001dcc       0x14 CMakeFiles/FIRST_STM_LED.elf.dir/Middlewares/Third_Party/FreeRTOS/Source/timers.c.obj
 .bss.xActiveTimerList2
                0x0000000020001de0       0x14 CMakeFiles/FIRST_STM_LED.elf.dir/Middlewares/Third_Party/FreeRTOS/Source/timers.c.obj
 .bss.xLastTime.2
                0x0000000020001df4        0x4 CMakeFiles/FIRST_STM_LED.elf.dir/Middlewares/Third_Party/FreeRTOS/Source/timers.c.obj
 .bss.xStaticTimerQueue.0
                0x0000000020001df8       0x50 CMakeFiles/FIRST_STM_LED.elf.dir/Middlewares/Third_Party/FreeRTOS/Source/timers.c.obj
 .bss.xTimerQueue
                0x0000000020001e48        0x4 CMakeFiles/FIRST_STM_LED.elf.dir/Middlewares/Third_Party/FreeRTOS/Source/timers.c.obj
 .bss.xTimerTaskHandle
                0x0000000020001e4c        0x4 CMakeFiles/FIRST_STM_LED.elf.dir/Middlewares/Third_Party/FreeRTOS/Source/timers.c.obj
 *(COMMON)
 COMMON         0x0000000020001e50       0x21 /usr/lib/gcc/arm-none-eabi/10.2.0/../../../../arm-none-eabi/lib/thumb/v7-m/nofp/libg.a(lib_a-lock.o)
                0x0000000020001e50                __lock___atexit_recursive_mutex
                0x0000000020001e54                __lock___arc4random_mutex
                0x0000000020001e58                __lock___env_recursive_mutex
                0x0000000020001e5c                __lock___sinit_recursive_mutex
                0x0000000020001e60                __lock___malloc_recursive_mutex
                0x0000000020001e64                __lock___at_quick_exit_mutex
                0x0000000020001e68                __lock___dd_hash_mutex
                0x0000000020001e6c                __lock___tz_mutex
                0x0000000020001e70                __lock___sfp_recursive_mutex
                0x0000000020001e74                . = ALIGN (0x4)
 *fill*         0x0000000020001e71        0x3 
                0x0000000020001e74                _ebss = .
                0x0000000020001e74                __bss_end__ = _ebss

._user_heap_stack
                0x0000000020001e74      0x604 load address 0x0000000008003730
                0x0000000020001e78                . = ALIGN (0x8)
 *fill*         0x0000000020001e74        0x4 
                [!provide]                        PROVIDE (end = .)
                [!provide]                        PROVIDE (_end = .)
                0x0000000020002078                . = (. + _Min_Heap_Size)
 *fill*         0x0000000020001e78      0x200 
                0x0000000020002478                . = (. + _Min_Stack_Size)
 *fill*         0x0000000020002078      0x400 
                0x0000000020002478                . = ALIGN (0x8)

/DISCARD/
 libc.a(*)
 libm.a(*)
 libgcc.a(*)

.ARM.attributes
                0x0000000000000000       0x29
 *(.ARM.attributes)
 .ARM.attributes
                0x0000000000000000       0x1d /usr/lib/gcc/arm-none-eabi/10.2.0/thumb/v7-m/nofp/crti.o
 .ARM.attributes
                0x000000000000001d       0x2d /usr/lib/gcc/arm-none-eabi/10.2.0/thumb/v7-m/nofp/crtbegin.o
 .ARM.attributes
                0x000000000000004a       0x21 CMakeFiles/FIRST_STM_LED.elf.dir/Drivers/CMSIS/Device/ST/STM32F1xx/Source/Templates/gcc/startup_stm32f103xb.s.obj
 .ARM.attributes
                0x000000000000006b       0x2d CMakeFiles/FIRST_STM_LED.elf.dir/Src/freertos.c.obj
 .ARM.attributes
                0x0000000000000098       0x2d CMakeFiles/FIRST_STM_LED.elf.dir/Src/gpio.c.obj
 .ARM.attributes
                0x00000000000000c5       0x2d CMakeFiles/FIRST_STM_LED.elf.dir/Src/i2c.c.obj
 .ARM.attributes
                0x00000000000000f2       0x2d CMakeFiles/FIRST_STM_LED.elf.dir/Src/main.c.obj
 .ARM.attributes
                0x000000000000011f       0x2d CMakeFiles/FIRST_STM_LED.elf.dir/Src/stm32f1xx_hal_msp.c.obj
 .ARM.attributes
                0x000000000000014c       0x2d CMakeFiles/FIRST_STM_LED.elf.dir/Src/stm32f1xx_hal_timebase_tim.c.obj
 .ARM.attributes
                0x0000000000000179       0x2d CMakeFiles/FIRST_STM_LED.elf.dir/Src/stm32f1xx_it.c.obj
 .ARM.attributes
                0x00000000000001a6       0x2d CMakeFiles/FIRST_STM_LED.elf.dir/Src/system_stm32f1xx.c.obj
 .ARM.attributes
                0x00000000000001d3       0x2d CMakeFiles/FIRST_STM_LED.elf.dir/Drivers/STM32F1xx_HAL_Driver/Src/stm32f1xx_hal.c.obj
 .ARM.attributes
                0x0000000000000200       0x2d CMakeFiles/FIRST_STM_LED.elf.dir/Drivers/STM32F1xx_HAL_Driver/Src/stm32f1xx_hal_cortex.c.obj
 .ARM.attributes
                0x000000000000022d       0x2d CMakeFiles/FIRST_STM_LED.elf.dir/Drivers/STM32F1xx_HAL_Driver/Src/stm32f1xx_hal_gpio.c.obj
 .ARM.attributes
                0x000000000000025a       0x2d CMakeFiles/FIRST_STM_LED.elf.dir/Drivers/STM32F1xx_HAL_Driver/Src/stm32f1xx_hal_i2c.c.obj
 .ARM.attributes
                0x0000000000000287       0x2d CMakeFiles/FIRST_STM_LED.elf.dir/Drivers/STM32F1xx_HAL_Driver/Src/stm32f1xx_hal_rcc.c.obj
 .ARM.attributes
                0x00000000000002b4       0x2d CMakeFiles/FIRST_STM_LED.elf.dir/Drivers/STM32F1xx_HAL_Driver/Src/stm32f1xx_hal_tim.c.obj
 .ARM.attributes
                0x00000000000002e1       0x2d CMakeFiles/FIRST_STM_LED.elf.dir/Drivers/STM32F1xx_HAL_Driver/Src/stm32f1xx_hal_tim_ex.c.obj
 .ARM.attributes
                0x000000000000030e       0x2d CMakeFiles/FIRST_STM_LED.elf.dir/Middlewares/Third_Party/FreeRTOS/Source/CMSIS_RTOS_V2/cmsis_os2.c.obj
 .ARM.attributes
                0x000000000000033b       0x2d CMakeFiles/FIRST_STM_LED.elf.dir/Middlewares/Third_Party/FreeRTOS/Source/list.c.obj
 .ARM.attributes
                0x0000000000000368       0x2d CMakeFiles/FIRST_STM_LED.elf.dir/Middlewares/Third_Party/FreeRTOS/Source/portable/GCC/ARM_CM3/port.c.obj
 .ARM.attributes
                0x0000000000000395       0x2d CMakeFiles/FIRST_STM_LED.elf.dir/Middlewares/Third_Party/FreeRTOS/Source/portable/MemMang/heap_4.c.obj
 .ARM.attributes
                0x00000000000003c2       0x2d CMakeFiles/FIRST_STM_LED.elf.dir/Middlewares/Third_Party/FreeRTOS/Source/queue.c.obj
 .ARM.attributes
                0x00000000000003ef       0x2d CMakeFiles/FIRST_STM_LED.elf.dir/Middlewares/Third_Party/FreeRTOS/Source/tasks.c.obj
 .ARM.attributes
                0x000000000000041c       0x2d CMakeFiles/FIRST_STM_LED.elf.dir/Middlewares/Third_Party/FreeRTOS/Source/timers.c.obj
 .ARM.attributes
                0x0000000000000449       0x2d /usr/lib/gcc/arm-none-eabi/10.2.0/../../../../arm-none-eabi/lib/thumb/v7-m/nofp/libg.a(lib_a-atexit.o)
 .ARM.attributes
                0x0000000000000476       0x2d /usr/lib/gcc/arm-none-eabi/10.2.0/../../../../arm-none-eabi/lib/thumb/v7-m/nofp/libg.a(lib_a-fini.o)
 .ARM.attributes
                0x00000000000004a3       0x2d /usr/lib/gcc/arm-none-eabi/10.2.0/../../../../arm-none-eabi/lib/thumb/v7-m/nofp/libg.a(lib_a-impure.o)
 .ARM.attributes
                0x00000000000004d0       0x2d /usr/lib/gcc/arm-none-eabi/10.2.0/../../../../arm-none-eabi/lib/thumb/v7-m/nofp/libg.a(lib_a-init.o)
 .ARM.attributes
                0x00000000000004fd       0x1b /usr/lib/gcc/arm-none-eabi/10.2.0/../../../../arm-none-eabi/lib/thumb/v7-m/nofp/libg.a(lib_a-memcpy.o)
 .ARM.attributes
                0x0000000000000518       0x2d /usr/lib/gcc/arm-none-eabi/10.2.0/../../../../arm-none-eabi/lib/thumb/v7-m/nofp/libg.a(lib_a-memset.o)
 .ARM.attributes
                0x0000000000000545       0x2d /usr/lib/gcc/arm-none-eabi/10.2.0/../../../../arm-none-eabi/lib/thumb/v7-m/nofp/libg.a(lib_a-__atexit.o)
 .ARM.attributes
                0x0000000000000572       0x2d /usr/lib/gcc/arm-none-eabi/10.2.0/../../../../arm-none-eabi/lib/thumb/v7-m/nofp/libg.a(lib_a-__call_atexit.o)
 .ARM.attributes
                0x000000000000059f       0x2d /usr/lib/gcc/arm-none-eabi/10.2.0/../../../../arm-none-eabi/lib/thumb/v7-m/nofp/libg.a(lib_a-lock.o)
 .ARM.attributes
                0x00000000000005cc       0x1d /usr/lib/gcc/arm-none-eabi/10.2.0/thumb/v7-m/nofp/crtn.o
OUTPUT(FIRST_STM_LED.elf elf32-littlearm)
LOAD linker stubs
LOAD /usr/lib/gcc/arm-none-eabi/10.2.0/../../../../arm-none-eabi/lib/thumb/v7-m/nofp/libc.a
LOAD /usr/lib/gcc/arm-none-eabi/10.2.0/../../../../arm-none-eabi/lib/thumb/v7-m/nofp/libm.a
LOAD /usr/lib/gcc/arm-none-eabi/10.2.0/thumb/v7-m/nofp/libgcc.a

.debug_line     0x0000000000000000    0x17d14
 .debug_line    0x0000000000000000       0xcb CMakeFiles/FIRST_STM_LED.elf.dir/Drivers/CMSIS/Device/ST/STM32F1xx/Source/Templates/gcc/startup_stm32f103xb.s.obj
 .debug_line    0x00000000000000cb      0x2a9 CMakeFiles/FIRST_STM_LED.elf.dir/Src/freertos.c.obj
 .debug_line    0x0000000000000374      0x1c1 CMakeFiles/FIRST_STM_LED.elf.dir/Src/gpio.c.obj
 .debug_line    0x0000000000000535      0x2eb CMakeFiles/FIRST_STM_LED.elf.dir/Src/i2c.c.obj
 .debug_line    0x0000000000000820      0x37d CMakeFiles/FIRST_STM_LED.elf.dir/Src/main.c.obj
 .debug_line    0x0000000000000b9d      0x1a2 CMakeFiles/FIRST_STM_LED.elf.dir/Src/stm32f1xx_hal_msp.c.obj
 .debug_line    0x0000000000000d3f      0x28a CMakeFiles/FIRST_STM_LED.elf.dir/Src/stm32f1xx_hal_timebase_tim.c.obj
 .debug_line    0x0000000000000fc9      0x270 CMakeFiles/FIRST_STM_LED.elf.dir/Src/stm32f1xx_it.c.obj
 .debug_line    0x0000000000001239      0x20d CMakeFiles/FIRST_STM_LED.elf.dir/Src/system_stm32f1xx.c.obj
 .debug_line    0x0000000000001446      0x53e CMakeFiles/FIRST_STM_LED.elf.dir/Drivers/STM32F1xx_HAL_Driver/Src/stm32f1xx_hal.c.obj
 .debug_line    0x0000000000001984      0x627 CMakeFiles/FIRST_STM_LED.elf.dir/Drivers/STM32F1xx_HAL_Driver/Src/stm32f1xx_hal_cortex.c.obj
 .debug_line    0x0000000000001fab      0x5d1 CMakeFiles/FIRST_STM_LED.elf.dir/Drivers/STM32F1xx_HAL_Driver/Src/stm32f1xx_hal_gpio.c.obj
 .debug_line    0x000000000000257c     0x532c CMakeFiles/FIRST_STM_LED.elf.dir/Drivers/STM32F1xx_HAL_Driver/Src/stm32f1xx_hal_i2c.c.obj
 .debug_line    0x00000000000078a8      0xc1a CMakeFiles/FIRST_STM_LED.elf.dir/Drivers/STM32F1xx_HAL_Driver/Src/stm32f1xx_hal_rcc.c.obj
 .debug_line    0x00000000000084c2     0x4656 CMakeFiles/FIRST_STM_LED.elf.dir/Drivers/STM32F1xx_HAL_Driver/Src/stm32f1xx_hal_tim.c.obj
 .debug_line    0x000000000000cb18     0x1c48 CMakeFiles/FIRST_STM_LED.elf.dir/Drivers/STM32F1xx_HAL_Driver/Src/stm32f1xx_hal_tim_ex.c.obj
 .debug_line    0x000000000000e760     0x2d1c CMakeFiles/FIRST_STM_LED.elf.dir/Middlewares/Third_Party/FreeRTOS/Source/CMSIS_RTOS_V2/cmsis_os2.c.obj
 .debug_line    0x000000000001147c      0x362 CMakeFiles/FIRST_STM_LED.elf.dir/Middlewares/Third_Party/FreeRTOS/Source/list.c.obj
 .debug_line    0x00000000000117de      0x60e CMakeFiles/FIRST_STM_LED.elf.dir/Middlewares/Third_Party/FreeRTOS/Source/portable/GCC/ARM_CM3/port.c.obj
 .debug_line    0x0000000000011dec      0x630 CMakeFiles/FIRST_STM_LED.elf.dir/Middlewares/Third_Party/FreeRTOS/Source/portable/MemMang/heap_4.c.obj
 .debug_line    0x000000000001241c     0x1fd4 CMakeFiles/FIRST_STM_LED.elf.dir/Middlewares/Third_Party/FreeRTOS/Source/queue.c.obj
 .debug_line    0x00000000000143f0     0x2b7f CMakeFiles/FIRST_STM_LED.elf.dir/Middlewares/Third_Party/FreeRTOS/Source/tasks.c.obj
 .debug_line    0x0000000000016f6f      0xda5 CMakeFiles/FIRST_STM_LED.elf.dir/Middlewares/Third_Party/FreeRTOS/Source/timers.c.obj

.debug_info     0x0000000000000000    0x1c12e
 .debug_info    0x0000000000000000       0x22 CMakeFiles/FIRST_STM_LED.elf.dir/Drivers/CMSIS/Device/ST/STM32F1xx/Source/Templates/gcc/startup_stm32f103xb.s.obj
 .debug_info    0x0000000000000022      0x599 CMakeFiles/FIRST_STM_LED.elf.dir/Src/freertos.c.obj
 .debug_info    0x00000000000005bb      0x34a CMakeFiles/FIRST_STM_LED.elf.dir/Src/gpio.c.obj
 .debug_info    0x0000000000000905      0x9e6 CMakeFiles/FIRST_STM_LED.elf.dir/Src/i2c.c.obj
 .debug_info    0x00000000000012eb      0x9af CMakeFiles/FIRST_STM_LED.elf.dir/Src/main.c.obj
 .debug_info    0x0000000000001c9a      0x3b0 CMakeFiles/FIRST_STM_LED.elf.dir/Src/stm32f1xx_hal_msp.c.obj
 .debug_info    0x000000000000204a      0xac4 CMakeFiles/FIRST_STM_LED.elf.dir/Src/stm32f1xx_hal_timebase_tim.c.obj
 .debug_info    0x0000000000002b0e      0x750 CMakeFiles/FIRST_STM_LED.elf.dir/Src/stm32f1xx_it.c.obj
 .debug_info    0x000000000000325e      0x267 CMakeFiles/FIRST_STM_LED.elf.dir/Src/system_stm32f1xx.c.obj
 .debug_info    0x00000000000034c5      0x855 CMakeFiles/FIRST_STM_LED.elf.dir/Drivers/STM32F1xx_HAL_Driver/Src/stm32f1xx_hal.c.obj
 .debug_info    0x0000000000003d1a      0xe2d CMakeFiles/FIRST_STM_LED.elf.dir/Drivers/STM32F1xx_HAL_Driver/Src/stm32f1xx_hal_cortex.c.obj
 .debug_info    0x0000000000004b47      0x6d7 CMakeFiles/FIRST_STM_LED.elf.dir/Drivers/STM32F1xx_HAL_Driver/Src/stm32f1xx_hal_gpio.c.obj
 .debug_info    0x000000000000521e     0x3c1f CMakeFiles/FIRST_STM_LED.elf.dir/Drivers/STM32F1xx_HAL_Driver/Src/stm32f1xx_hal_i2c.c.obj
 .debug_info    0x0000000000008e3d      0xaec CMakeFiles/FIRST_STM_LED.elf.dir/Drivers/STM32F1xx_HAL_Driver/Src/stm32f1xx_hal_rcc.c.obj
 .debug_info    0x0000000000009929     0x3db6 CMakeFiles/FIRST_STM_LED.elf.dir/Drivers/STM32F1xx_HAL_Driver/Src/stm32f1xx_hal_tim.c.obj
 .debug_info    0x000000000000d6df     0x1b1f CMakeFiles/FIRST_STM_LED.elf.dir/Drivers/STM32F1xx_HAL_Driver/Src/stm32f1xx_hal_tim_ex.c.obj
 .debug_info    0x000000000000f1fe     0x4d85 CMakeFiles/FIRST_STM_LED.elf.dir/Middlewares/Third_Party/FreeRTOS/Source/CMSIS_RTOS_V2/cmsis_os2.c.obj
 .debug_info    0x0000000000013f83      0x309 CMakeFiles/FIRST_STM_LED.elf.dir/Middlewares/Third_Party/FreeRTOS/Source/list.c.obj
 .debug_info    0x000000000001428c      0x569 CMakeFiles/FIRST_STM_LED.elf.dir/Middlewares/Third_Party/FreeRTOS/Source/portable/GCC/ARM_CM3/port.c.obj
 .debug_info    0x00000000000147f5      0x49b CMakeFiles/FIRST_STM_LED.elf.dir/Middlewares/Third_Party/FreeRTOS/Source/portable/MemMang/heap_4.c.obj
 .debug_info    0x0000000000014c90     0x286e CMakeFiles/FIRST_STM_LED.elf.dir/Middlewares/Third_Party/FreeRTOS/Source/queue.c.obj
 .debug_info    0x00000000000174fe     0x31b8 CMakeFiles/FIRST_STM_LED.elf.dir/Middlewares/Third_Party/FreeRTOS/Source/tasks.c.obj
 .debug_info    0x000000000001a6b6     0x1a78 CMakeFiles/FIRST_STM_LED.elf.dir/Middlewares/Third_Party/FreeRTOS/Source/timers.c.obj

.debug_abbrev   0x0000000000000000     0x3410
 .debug_abbrev  0x0000000000000000       0x12 CMakeFiles/FIRST_STM_LED.elf.dir/Drivers/CMSIS/Device/ST/STM32F1xx/Source/Templates/gcc/startup_stm32f103xb.s.obj
 .debug_abbrev  0x0000000000000012      0x189 CMakeFiles/FIRST_STM_LED.elf.dir/Src/freertos.c.obj
 .debug_abbrev  0x000000000000019b      0x13f CMakeFiles/FIRST_STM_LED.elf.dir/Src/gpio.c.obj
 .debug_abbrev  0x00000000000002da      0x1eb CMakeFiles/FIRST_STM_LED.elf.dir/Src/i2c.c.obj
 .debug_abbrev  0x00000000000004c5      0x1f6 CMakeFiles/FIRST_STM_LED.elf.dir/Src/main.c.obj
 .debug_abbrev  0x00000000000006bb      0x130 CMakeFiles/FIRST_STM_LED.elf.dir/Src/stm32f1xx_hal_msp.c.obj
 .debug_abbrev  0x00000000000007eb      0x1ef CMakeFiles/FIRST_STM_LED.elf.dir/Src/stm32f1xx_hal_timebase_tim.c.obj
 .debug_abbrev  0x00000000000009da      0x17c CMakeFiles/FIRST_STM_LED.elf.dir/Src/stm32f1xx_it.c.obj
 .debug_abbrev  0x0000000000000b56      0x140 CMakeFiles/FIRST_STM_LED.elf.dir/Src/system_stm32f1xx.c.obj
 .debug_abbrev  0x0000000000000c96      0x1f7 CMakeFiles/FIRST_STM_LED.elf.dir/Drivers/STM32F1xx_HAL_Driver/Src/stm32f1xx_hal.c.obj
 .debug_abbrev  0x0000000000000e8d      0x359 CMakeFiles/FIRST_STM_LED.elf.dir/Drivers/STM32F1xx_HAL_Driver/Src/stm32f1xx_hal_cortex.c.obj
 .debug_abbrev  0x00000000000011e6      0x222 CMakeFiles/FIRST_STM_LED.elf.dir/Drivers/STM32F1xx_HAL_Driver/Src/stm32f1xx_hal_gpio.c.obj
 .debug_abbrev  0x0000000000001408      0x306 CMakeFiles/FIRST_STM_LED.elf.dir/Drivers/STM32F1xx_HAL_Driver/Src/stm32f1xx_hal_i2c.c.obj
 .debug_abbrev  0x000000000000170e      0x29a CMakeFiles/FIRST_STM_LED.elf.dir/Drivers/STM32F1xx_HAL_Driver/Src/stm32f1xx_hal_rcc.c.obj
 .debug_abbrev  0x00000000000019a8      0x296 CMakeFiles/FIRST_STM_LED.elf.dir/Drivers/STM32F1xx_HAL_Driver/Src/stm32f1xx_hal_tim.c.obj
 .debug_abbrev  0x0000000000001c3e      0x298 CMakeFiles/FIRST_STM_LED.elf.dir/Drivers/STM32F1xx_HAL_Driver/Src/stm32f1xx_hal_tim_ex.c.obj
 .debug_abbrev  0x0000000000001ed6      0x459 CMakeFiles/FIRST_STM_LED.elf.dir/Middlewares/Third_Party/FreeRTOS/Source/CMSIS_RTOS_V2/cmsis_os2.c.obj
 .debug_abbrev  0x000000000000232f      0x124 CMakeFiles/FIRST_STM_LED.elf.dir/Middlewares/Third_Party/FreeRTOS/Source/list.c.obj
 .debug_abbrev  0x0000000000002453      0x29d CMakeFiles/FIRST_STM_LED.elf.dir/Middlewares/Third_Party/FreeRTOS/Source/portable/GCC/ARM_CM3/port.c.obj
 .debug_abbrev  0x00000000000026f0      0x255 CMakeFiles/FIRST_STM_LED.elf.dir/Middlewares/Third_Party/FreeRTOS/Source/portable/MemMang/heap_4.c.obj
 .debug_abbrev  0x0000000000002945      0x3e7 CMakeFiles/FIRST_STM_LED.elf.dir/Middlewares/Third_Party/FreeRTOS/Source/queue.c.obj
 .debug_abbrev  0x0000000000002d2c      0x387 CMakeFiles/FIRST_STM_LED.elf.dir/Middlewares/Third_Party/FreeRTOS/Source/tasks.c.obj
 .debug_abbrev  0x00000000000030b3      0x35d CMakeFiles/FIRST_STM_LED.elf.dir/Middlewares/Third_Party/FreeRTOS/Source/timers.c.obj

.debug_aranges  0x0000000000000000     0x1340
 .debug_aranges
                0x0000000000000000       0x28 CMakeFiles/FIRST_STM_LED.elf.dir/Drivers/CMSIS/Device/ST/STM32F1xx/Source/Templates/gcc/startup_stm32f103xb.s.obj
 .debug_aranges
                0x0000000000000028       0x38 CMakeFiles/FIRST_STM_LED.elf.dir/Src/freertos.c.obj
 .debug_aranges
                0x0000000000000060       0x20 CMakeFiles/FIRST_STM_LED.elf.dir/Src/gpio.c.obj
 .debug_aranges
                0x0000000000000080       0x30 CMakeFiles/FIRST_STM_LED.elf.dir/Src/i2c.c.obj
 .debug_aranges
                0x00000000000000b0       0x38 CMakeFiles/FIRST_STM_LED.elf.dir/Src/main.c.obj
 .debug_aranges
                0x00000000000000e8       0x20 CMakeFiles/FIRST_STM_LED.elf.dir/Src/stm32f1xx_hal_msp.c.obj
 .debug_aranges
                0x0000000000000108       0x30 CMakeFiles/FIRST_STM_LED.elf.dir/Src/stm32f1xx_hal_timebase_tim.c.obj
 .debug_aranges
                0x0000000000000138       0x50 CMakeFiles/FIRST_STM_LED.elf.dir/Src/stm32f1xx_it.c.obj
 .debug_aranges
                0x0000000000000188       0x28 CMakeFiles/FIRST_STM_LED.elf.dir/Src/system_stm32f1xx.c.obj
 .debug_aranges
                0x00000000000001b0       0xe0 CMakeFiles/FIRST_STM_LED.elf.dir/Drivers/STM32F1xx_HAL_Driver/Src/stm32f1xx_hal.c.obj
 .debug_aranges
                0x0000000000000290       0x90 CMakeFiles/FIRST_STM_LED.elf.dir/Drivers/STM32F1xx_HAL_Driver/Src/stm32f1xx_hal_cortex.c.obj
 .debug_aranges
                0x0000000000000320       0x58 CMakeFiles/FIRST_STM_LED.elf.dir/Drivers/STM32F1xx_HAL_Driver/Src/stm32f1xx_hal_gpio.c.obj
 .debug_aranges
                0x0000000000000378      0x2a0 CMakeFiles/FIRST_STM_LED.elf.dir/Drivers/STM32F1xx_HAL_Driver/Src/stm32f1xx_hal_i2c.c.obj
 .debug_aranges
                0x0000000000000618       0x90 CMakeFiles/FIRST_STM_LED.elf.dir/Drivers/STM32F1xx_HAL_Driver/Src/stm32f1xx_hal_rcc.c.obj
 .debug_aranges
                0x00000000000006a8      0x3d0 CMakeFiles/FIRST_STM_LED.elf.dir/Drivers/STM32F1xx_HAL_Driver/Src/stm32f1xx_hal_tim.c.obj
 .debug_aranges
                0x0000000000000a78      0x168 CMakeFiles/FIRST_STM_LED.elf.dir/Drivers/STM32F1xx_HAL_Driver/Src/stm32f1xx_hal_tim_ex.c.obj
 .debug_aranges
                0x0000000000000be0      0x228 CMakeFiles/FIRST_STM_LED.elf.dir/Middlewares/Third_Party/FreeRTOS/Source/CMSIS_RTOS_V2/cmsis_os2.c.obj
 .debug_aranges
                0x0000000000000e08       0x40 CMakeFiles/FIRST_STM_LED.elf.dir/Middlewares/Third_Party/FreeRTOS/Source/list.c.obj
 .debug_aranges
                0x0000000000000e48       0x78 CMakeFiles/FIRST_STM_LED.elf.dir/Middlewares/Third_Party/FreeRTOS/Source/portable/GCC/ARM_CM3/port.c.obj
 .debug_aranges
                0x0000000000000ec0       0x50 CMakeFiles/FIRST_STM_LED.elf.dir/Middlewares/Third_Party/FreeRTOS/Source/portable/MemMang/heap_4.c.obj
 .debug_aranges
                0x0000000000000f10      0x158 CMakeFiles/FIRST_STM_LED.elf.dir/Middlewares/Third_Party/FreeRTOS/Source/queue.c.obj
 .debug_aranges
                0x0000000000001068      0x1f8 CMakeFiles/FIRST_STM_LED.elf.dir/Middlewares/Third_Party/FreeRTOS/Source/tasks.c.obj
 .debug_aranges
                0x0000000000001260       0xe0 CMakeFiles/FIRST_STM_LED.elf.dir/Middlewares/Third_Party/FreeRTOS/Source/timers.c.obj

.debug_str      0x0000000000000000     0x69f7
 .debug_str     0x0000000000000000       0xa3 CMakeFiles/FIRST_STM_LED.elf.dir/Drivers/CMSIS/Device/ST/STM32F1xx/Source/Templates/gcc/startup_stm32f103xb.s.obj
 .debug_str     0x00000000000000a3      0x676 CMakeFiles/FIRST_STM_LED.elf.dir/Src/freertos.c.obj
                                        0x6e9 (size before relaxing)
 .debug_str     0x0000000000000719       0xe2 CMakeFiles/FIRST_STM_LED.elf.dir/Src/gpio.c.obj
                                        0x260 (size before relaxing)
 .debug_str     0x00000000000007fb      0x504 CMakeFiles/FIRST_STM_LED.elf.dir/Src/i2c.c.obj
                                        0x745 (size before relaxing)
 .debug_str     0x0000000000000cff      0x480 CMakeFiles/FIRST_STM_LED.elf.dir/Src/main.c.obj
                                        0x84c (size before relaxing)
 .debug_str     0x000000000000117f      0x330 CMakeFiles/FIRST_STM_LED.elf.dir/Src/stm32f1xx_hal_msp.c.obj
                                        0x4ec (size before relaxing)
 .debug_str     0x00000000000014af      0x12b CMakeFiles/FIRST_STM_LED.elf.dir/Src/stm32f1xx_hal_timebase_tim.c.obj
                                        0xad3 (size before relaxing)
 .debug_str     0x00000000000015da       0xbd CMakeFiles/FIRST_STM_LED.elf.dir/Src/stm32f1xx_it.c.obj
                                        0x6c4 (size before relaxing)
 .debug_str     0x0000000000001697       0x98 CMakeFiles/FIRST_STM_LED.elf.dir/Src/system_stm32f1xx.c.obj
                                        0x22b (size before relaxing)
 .debug_str     0x000000000000172f      0x2e2 CMakeFiles/FIRST_STM_LED.elf.dir/Drivers/STM32F1xx_HAL_Driver/Src/stm32f1xx_hal.c.obj
                                        0x80c (size before relaxing)
 .debug_str     0x0000000000001a11      0x3c8 CMakeFiles/FIRST_STM_LED.elf.dir/Drivers/STM32F1xx_HAL_Driver/Src/stm32f1xx_hal_cortex.c.obj
                                        0x8bb (size before relaxing)
 .debug_str     0x0000000000001dd9      0x126 CMakeFiles/FIRST_STM_LED.elf.dir/Drivers/STM32F1xx_HAL_Driver/Src/stm32f1xx_hal_gpio.c.obj
                                        0x3e8 (size before relaxing)
 .debug_str     0x0000000000001eff      0x8fa CMakeFiles/FIRST_STM_LED.elf.dir/Drivers/STM32F1xx_HAL_Driver/Src/stm32f1xx_hal_i2c.c.obj
                                        0xfa0 (size before relaxing)
 .debug_str     0x00000000000027f9      0x1d2 CMakeFiles/FIRST_STM_LED.elf.dir/Drivers/STM32F1xx_HAL_Driver/Src/stm32f1xx_hal_rcc.c.obj
                                        0x613 (size before relaxing)
 .debug_str     0x00000000000029cb      0xecb CMakeFiles/FIRST_STM_LED.elf.dir/Drivers/STM32F1xx_HAL_Driver/Src/stm32f1xx_hal_tim.c.obj
                                       0x1620 (size before relaxing)
 .debug_str     0x0000000000003896      0x5dc CMakeFiles/FIRST_STM_LED.elf.dir/Drivers/STM32F1xx_HAL_Driver/Src/stm32f1xx_hal_tim_ex.c.obj
                                        0xe4a (size before relaxing)
 .debug_str     0x0000000000003e72     0x1223 CMakeFiles/FIRST_STM_LED.elf.dir/Middlewares/Third_Party/FreeRTOS/Source/CMSIS_RTOS_V2/cmsis_os2.c.obj
                                       0x18d3 (size before relaxing)
 .debug_str     0x0000000000005095      0x158 CMakeFiles/FIRST_STM_LED.elf.dir/Middlewares/Third_Party/FreeRTOS/Source/list.c.obj
                                        0x2dd (size before relaxing)
 .debug_str     0x00000000000051ed      0x25f CMakeFiles/FIRST_STM_LED.elf.dir/Middlewares/Third_Party/FreeRTOS/Source/portable/GCC/ARM_CM3/port.c.obj
                                        0x449 (size before relaxing)
 .debug_str     0x000000000000544c      0x207 CMakeFiles/FIRST_STM_LED.elf.dir/Middlewares/Third_Party/FreeRTOS/Source/portable/MemMang/heap_4.c.obj
                                        0x3c6 (size before relaxing)
 .debug_str     0x0000000000005653      0x5fa CMakeFiles/FIRST_STM_LED.elf.dir/Middlewares/Third_Party/FreeRTOS/Source/queue.c.obj
                                        0xc5b (size before relaxing)
 .debug_str     0x0000000000005c4d      0x8ad CMakeFiles/FIRST_STM_LED.elf.dir/Middlewares/Third_Party/FreeRTOS/Source/tasks.c.obj
                                       0x1257 (size before relaxing)
 .debug_str     0x00000000000064fa      0x4fd CMakeFiles/FIRST_STM_LED.elf.dir/Middlewares/Third_Party/FreeRTOS/Source/timers.c.obj
                                        0xbce (size before relaxing)

.debug_ranges   0x0000000000000000     0x1478
 .debug_ranges  0x0000000000000000       0x20 CMakeFiles/FIRST_STM_LED.elf.dir/Drivers/CMSIS/Device/ST/STM32F1xx/Source/Templates/gcc/startup_stm32f103xb.s.obj
 .debug_ranges  0x0000000000000020       0x28 CMakeFiles/FIRST_STM_LED.elf.dir/Src/freertos.c.obj
 .debug_ranges  0x0000000000000048       0x10 CMakeFiles/FIRST_STM_LED.elf.dir/Src/gpio.c.obj
 .debug_ranges  0x0000000000000058       0x20 CMakeFiles/FIRST_STM_LED.elf.dir/Src/i2c.c.obj
 .debug_ranges  0x0000000000000078       0x28 CMakeFiles/FIRST_STM_LED.elf.dir/Src/main.c.obj
 .debug_ranges  0x00000000000000a0       0x10 CMakeFiles/FIRST_STM_LED.elf.dir/Src/stm32f1xx_hal_msp.c.obj
 .debug_ranges  0x00000000000000b0       0x20 CMakeFiles/FIRST_STM_LED.elf.dir/Src/stm32f1xx_hal_timebase_tim.c.obj
 .debug_ranges  0x00000000000000d0       0x40 CMakeFiles/FIRST_STM_LED.elf.dir/Src/stm32f1xx_it.c.obj
 .debug_ranges  0x0000000000000110       0x18 CMakeFiles/FIRST_STM_LED.elf.dir/Src/system_stm32f1xx.c.obj
 .debug_ranges  0x0000000000000128       0xd0 CMakeFiles/FIRST_STM_LED.elf.dir/Drivers/STM32F1xx_HAL_Driver/Src/stm32f1xx_hal.c.obj
 .debug_ranges  0x00000000000001f8       0xe0 CMakeFiles/FIRST_STM_LED.elf.dir/Drivers/STM32F1xx_HAL_Driver/Src/stm32f1xx_hal_cortex.c.obj
 .debug_ranges  0x00000000000002d8       0x48 CMakeFiles/FIRST_STM_LED.elf.dir/Drivers/STM32F1xx_HAL_Driver/Src/stm32f1xx_hal_gpio.c.obj
 .debug_ranges  0x0000000000000320      0x2a8 CMakeFiles/FIRST_STM_LED.elf.dir/Drivers/STM32F1xx_HAL_Driver/Src/stm32f1xx_hal_i2c.c.obj
 .debug_ranges  0x00000000000005c8       0xa0 CMakeFiles/FIRST_STM_LED.elf.dir/Drivers/STM32F1xx_HAL_Driver/Src/stm32f1xx_hal_rcc.c.obj
 .debug_ranges  0x0000000000000668      0x3c0 CMakeFiles/FIRST_STM_LED.elf.dir/Drivers/STM32F1xx_HAL_Driver/Src/stm32f1xx_hal_tim.c.obj
 .debug_ranges  0x0000000000000a28      0x158 CMakeFiles/FIRST_STM_LED.elf.dir/Drivers/STM32F1xx_HAL_Driver/Src/stm32f1xx_hal_tim_ex.c.obj
 .debug_ranges  0x0000000000000b80      0x218 CMakeFiles/FIRST_STM_LED.elf.dir/Middlewares/Third_Party/FreeRTOS/Source/CMSIS_RTOS_V2/cmsis_os2.c.obj
 .debug_ranges  0x0000000000000d98       0x30 CMakeFiles/FIRST_STM_LED.elf.dir/Middlewares/Third_Party/FreeRTOS/Source/list.c.obj
 .debug_ranges  0x0000000000000dc8       0x68 CMakeFiles/FIRST_STM_LED.elf.dir/Middlewares/Third_Party/FreeRTOS/Source/portable/GCC/ARM_CM3/port.c.obj
 .debug_ranges  0x0000000000000e30       0x40 CMakeFiles/FIRST_STM_LED.elf.dir/Middlewares/Third_Party/FreeRTOS/Source/portable/MemMang/heap_4.c.obj
 .debug_ranges  0x0000000000000e70      0x218 CMakeFiles/FIRST_STM_LED.elf.dir/Middlewares/Third_Party/FreeRTOS/Source/queue.c.obj
 .debug_ranges  0x0000000000001088      0x320 CMakeFiles/FIRST_STM_LED.elf.dir/Middlewares/Third_Party/FreeRTOS/Source/tasks.c.obj
 .debug_ranges  0x00000000000013a8       0xd0 CMakeFiles/FIRST_STM_LED.elf.dir/Middlewares/Third_Party/FreeRTOS/Source/timers.c.obj

.debug_loc      0x0000000000000000    0x1a0d6
 .debug_loc     0x0000000000000000       0xef CMakeFiles/FIRST_STM_LED.elf.dir/Src/freertos.c.obj
 .debug_loc     0x00000000000000ef       0x38 CMakeFiles/FIRST_STM_LED.elf.dir/Src/gpio.c.obj
 .debug_loc     0x0000000000000127      0x14b CMakeFiles/FIRST_STM_LED.elf.dir/Src/i2c.c.obj
 .debug_loc     0x0000000000000272       0xbb CMakeFiles/FIRST_STM_LED.elf.dir/Src/main.c.obj
 .debug_loc     0x000000000000032d       0x4d CMakeFiles/FIRST_STM_LED.elf.dir/Src/stm32f1xx_hal_msp.c.obj
 .debug_loc     0x000000000000037a       0xcd CMakeFiles/FIRST_STM_LED.elf.dir/Src/stm32f1xx_hal_timebase_tim.c.obj
 .debug_loc     0x0000000000000447       0x20 CMakeFiles/FIRST_STM_LED.elf.dir/Src/stm32f1xx_it.c.obj
 .debug_loc     0x0000000000000467       0xff CMakeFiles/FIRST_STM_LED.elf.dir/Src/system_stm32f1xx.c.obj
 .debug_loc     0x0000000000000566      0x1e1 CMakeFiles/FIRST_STM_LED.elf.dir/Drivers/STM32F1xx_HAL_Driver/Src/stm32f1xx_hal.c.obj
 .debug_loc     0x0000000000000747      0x77f CMakeFiles/FIRST_STM_LED.elf.dir/Drivers/STM32F1xx_HAL_Driver/Src/stm32f1xx_hal_cortex.c.obj
 .debug_loc     0x0000000000000ec6      0x551 CMakeFiles/FIRST_STM_LED.elf.dir/Drivers/STM32F1xx_HAL_Driver/Src/stm32f1xx_hal_gpio.c.obj
 .debug_loc     0x0000000000001417     0x4bfa CMakeFiles/FIRST_STM_LED.elf.dir/Drivers/STM32F1xx_HAL_Driver/Src/stm32f1xx_hal_i2c.c.obj
 .debug_loc     0x0000000000006011      0x7ee CMakeFiles/FIRST_STM_LED.elf.dir/Drivers/STM32F1xx_HAL_Driver/Src/stm32f1xx_hal_rcc.c.obj
 .debug_loc     0x00000000000067ff     0x53ba CMakeFiles/FIRST_STM_LED.elf.dir/Drivers/STM32F1xx_HAL_Driver/Src/stm32f1xx_hal_tim.c.obj
 .debug_loc     0x000000000000bbb9     0x1ece CMakeFiles/FIRST_STM_LED.elf.dir/Drivers/STM32F1xx_HAL_Driver/Src/stm32f1xx_hal_tim_ex.c.obj
 .debug_loc     0x000000000000da87     0x62c5 CMakeFiles/FIRST_STM_LED.elf.dir/Middlewares/Third_Party/FreeRTOS/Source/CMSIS_RTOS_V2/cmsis_os2.c.obj
 .debug_loc     0x0000000000013d4c       0xe5 CMakeFiles/FIRST_STM_LED.elf.dir/Middlewares/Third_Party/FreeRTOS/Source/list.c.obj
 .debug_loc     0x0000000000013e31      0x16c CMakeFiles/FIRST_STM_LED.elf.dir/Middlewares/Third_Party/FreeRTOS/Source/portable/GCC/ARM_CM3/port.c.obj
 .debug_loc     0x0000000000013f9d      0x3c1 CMakeFiles/FIRST_STM_LED.elf.dir/Middlewares/Third_Party/FreeRTOS/Source/portable/MemMang/heap_4.c.obj
 .debug_loc     0x000000000001435e     0x1eda CMakeFiles/FIRST_STM_LED.elf.dir/Middlewares/Third_Party/FreeRTOS/Source/queue.c.obj
 .debug_loc     0x0000000000016238     0x2b44 CMakeFiles/FIRST_STM_LED.elf.dir/Middlewares/Third_Party/FreeRTOS/Source/tasks.c.obj
 .debug_loc     0x0000000000018d7c     0x135a CMakeFiles/FIRST_STM_LED.elf.dir/Middlewares/Third_Party/FreeRTOS/Source/timers.c.obj

.comment        0x0000000000000000       0x1e
 .comment       0x0000000000000000       0x1e CMakeFiles/FIRST_STM_LED.elf.dir/Src/freertos.c.obj
                                         0x1f (size before relaxing)
 .comment       0x000000000000001e       0x1f CMakeFiles/FIRST_STM_LED.elf.dir/Src/gpio.c.obj
 .comment       0x000000000000001e       0x1f CMakeFiles/FIRST_STM_LED.elf.dir/Src/i2c.c.obj
 .comment       0x000000000000001e       0x1f CMakeFiles/FIRST_STM_LED.elf.dir/Src/main.c.obj
 .comment       0x000000000000001e       0x1f CMakeFiles/FIRST_STM_LED.elf.dir/Src/stm32f1xx_hal_msp.c.obj
 .comment       0x000000000000001e       0x1f CMakeFiles/FIRST_STM_LED.elf.dir/Src/stm32f1xx_hal_timebase_tim.c.obj
 .comment       0x000000000000001e       0x1f CMakeFiles/FIRST_STM_LED.elf.dir/Src/stm32f1xx_it.c.obj
 .comment       0x000000000000001e       0x1f CMakeFiles/FIRST_STM_LED.elf.dir/Src/system_stm32f1xx.c.obj
 .comment       0x000000000000001e       0x1f CMakeFiles/FIRST_STM_LED.elf.dir/Drivers/STM32F1xx_HAL_Driver/Src/stm32f1xx_hal.c.obj
 .comment       0x000000000000001e       0x1f CMakeFiles/FIRST_STM_LED.elf.dir/Drivers/STM32F1xx_HAL_Driver/Src/stm32f1xx_hal_cortex.c.obj
 .comment       0x000000000000001e       0x1f CMakeFiles/FIRST_STM_LED.elf.dir/Drivers/STM32F1xx_HAL_Driver/Src/stm32f1xx_hal_gpio.c.obj
 .comment       0x000000000000001e       0x1f CMakeFiles/FIRST_STM_LED.elf.dir/Drivers/STM32F1xx_HAL_Driver/Src/stm32f1xx_hal_i2c.c.obj
 .comment       0x000000000000001e       0x1f CMakeFiles/FIRST_STM_LED.elf.dir/Drivers/STM32F1xx_HAL_Driver/Src/stm32f1xx_hal_rcc.c.obj
 .comment       0x000000000000001e       0x1f CMakeFiles/FIRST_STM_LED.elf.dir/Drivers/STM32F1xx_HAL_Driver/Src/stm32f1xx_hal_tim.c.obj
 .comment       0x000000000000001e       0x1f CMakeFiles/FIRST_STM_LED.elf.dir/Drivers/STM32F1xx_HAL_Driver/Src/stm32f1xx_hal_tim_ex.c.obj
 .comment       0x000000000000001e       0x1f CMakeFiles/FIRST_STM_LED.elf.dir/Middlewares/Third_Party/FreeRTOS/Source/CMSIS_RTOS_V2/cmsis_os2.c.obj
 .comment       0x000000000000001e       0x1f CMakeFiles/FIRST_STM_LED.elf.dir/Middlewares/Third_Party/FreeRTOS/Source/list.c.obj
 .comment       0x000000000000001e       0x1f CMakeFiles/FIRST_STM_LED.elf.dir/Middlewares/Third_Party/FreeRTOS/Source/portable/GCC/ARM_CM3/port.c.obj
 .comment       0x000000000000001e       0x1f CMakeFiles/FIRST_STM_LED.elf.dir/Middlewares/Third_Party/FreeRTOS/Source/portable/MemMang/heap_4.c.obj
 .comment       0x000000000000001e       0x1f CMakeFiles/FIRST_STM_LED.elf.dir/Middlewares/Third_Party/FreeRTOS/Source/queue.c.obj
 .comment       0x000000000000001e       0x1f CMakeFiles/FIRST_STM_LED.elf.dir/Middlewares/Third_Party/FreeRTOS/Source/tasks.c.obj
 .comment       0x000000000000001e       0x1f CMakeFiles/FIRST_STM_LED.elf.dir/Middlewares/Third_Party/FreeRTOS/Source/timers.c.obj

.debug_frame    0x0000000000000000     0x39a4
 .debug_frame   0x0000000000000000       0x70 CMakeFiles/FIRST_STM_LED.elf.dir/Src/freertos.c.obj
 .debug_frame   0x0000000000000070       0x30 CMakeFiles/FIRST_STM_LED.elf.dir/Src/gpio.c.obj
 .debug_frame   0x00000000000000a0       0x60 CMakeFiles/FIRST_STM_LED.elf.dir/Src/i2c.c.obj
 .debug_frame   0x0000000000000100       0x70 CMakeFiles/FIRST_STM_LED.elf.dir/Src/main.c.obj
 .debug_frame   0x0000000000000170       0x2c CMakeFiles/FIRST_STM_LED.elf.dir/Src/stm32f1xx_hal_msp.c.obj
 .debug_frame   0x000000000000019c       0x50 CMakeFiles/FIRST_STM_LED.elf.dir/Src/stm32f1xx_hal_timebase_tim.c.obj
 .debug_frame   0x00000000000001ec       0x88 CMakeFiles/FIRST_STM_LED.elf.dir/Src/stm32f1xx_it.c.obj
 .debug_frame   0x0000000000000274       0x30 CMakeFiles/FIRST_STM_LED.elf.dir/Src/system_stm32f1xx.c.obj
 .debug_frame   0x00000000000002a4      0x1cc CMakeFiles/FIRST_STM_LED.elf.dir/Drivers/STM32F1xx_HAL_Driver/Src/stm32f1xx_hal.c.obj
 .debug_frame   0x0000000000000470      0x118 CMakeFiles/FIRST_STM_LED.elf.dir/Drivers/STM32F1xx_HAL_Driver/Src/stm32f1xx_hal_cortex.c.obj
 .debug_frame   0x0000000000000588       0xe4 CMakeFiles/FIRST_STM_LED.elf.dir/Drivers/STM32F1xx_HAL_Driver/Src/stm32f1xx_hal_gpio.c.obj
 .debug_frame   0x000000000000066c      0x968 CMakeFiles/FIRST_STM_LED.elf.dir/Drivers/STM32F1xx_HAL_Driver/Src/stm32f1xx_hal_i2c.c.obj
 .debug_frame   0x0000000000000fd4      0x190 CMakeFiles/FIRST_STM_LED.elf.dir/Drivers/STM32F1xx_HAL_Driver/Src/stm32f1xx_hal_rcc.c.obj
 .debug_frame   0x0000000000001164      0xb14 CMakeFiles/FIRST_STM_LED.elf.dir/Drivers/STM32F1xx_HAL_Driver/Src/stm32f1xx_hal_tim.c.obj
 .debug_frame   0x0000000000001c78      0x40c CMakeFiles/FIRST_STM_LED.elf.dir/Drivers/STM32F1xx_HAL_Driver/Src/stm32f1xx_hal_tim_ex.c.obj
 .debug_frame   0x0000000000002084      0x79c CMakeFiles/FIRST_STM_LED.elf.dir/Middlewares/Third_Party/FreeRTOS/Source/CMSIS_RTOS_V2/cmsis_os2.c.obj
 .debug_frame   0x0000000000002820       0x70 CMakeFiles/FIRST_STM_LED.elf.dir/Middlewares/Third_Party/FreeRTOS/Source/list.c.obj
 .debug_frame   0x0000000000002890       0xf0 CMakeFiles/FIRST_STM_LED.elf.dir/Middlewares/Third_Party/FreeRTOS/Source/portable/GCC/ARM_CM3/port.c.obj
 .debug_frame   0x0000000000002980       0xb0 CMakeFiles/FIRST_STM_LED.elf.dir/Middlewares/Third_Party/FreeRTOS/Source/portable/MemMang/heap_4.c.obj
 .debug_frame   0x0000000000002a30      0x458 CMakeFiles/FIRST_STM_LED.elf.dir/Middlewares/Third_Party/FreeRTOS/Source/queue.c.obj
 .debug_frame   0x0000000000002e88      0x660 CMakeFiles/FIRST_STM_LED.elf.dir/Middlewares/Third_Party/FreeRTOS/Source/tasks.c.obj
 .debug_frame   0x00000000000034e8      0x2c4 CMakeFiles/FIRST_STM_LED.elf.dir/Middlewares/Third_Party/FreeRTOS/Source/timers.c.obj
 .debug_frame   0x00000000000037ac       0x20 /usr/lib/gcc/arm-none-eabi/10.2.0/../../../../arm-none-eabi/lib/thumb/v7-m/nofp/libg.a(lib_a-atexit.o)
 .debug_frame   0x00000000000037cc       0x34 /usr/lib/gcc/arm-none-eabi/10.2.0/../../../../arm-none-eabi/lib/thumb/v7-m/nofp/libg.a(lib_a-fini.o)
 .debug_frame   0x0000000000003800       0x2c /usr/lib/gcc/arm-none-eabi/10.2.0/../../../../arm-none-eabi/lib/thumb/v7-m/nofp/libg.a(lib_a-init.o)
 .debug_frame   0x000000000000382c       0x38 /usr/lib/gcc/arm-none-eabi/10.2.0/../../../../arm-none-eabi/lib/thumb/v7-m/nofp/libg.a(lib_a-memset.o)
 .debug_frame   0x0000000000003864       0x34 /usr/lib/gcc/arm-none-eabi/10.2.0/../../../../arm-none-eabi/lib/thumb/v7-m/nofp/libg.a(lib_a-__atexit.o)
 .debug_frame   0x0000000000003898       0x5c /usr/lib/gcc/arm-none-eabi/10.2.0/../../../../arm-none-eabi/lib/thumb/v7-m/nofp/libg.a(lib_a-__call_atexit.o)
 .debug_frame   0x00000000000038f4       0xb0 /usr/lib/gcc/arm-none-eabi/10.2.0/../../../../arm-none-eabi/lib/thumb/v7-m/nofp/libg.a(lib_a-lock.o)